Archive member included to satisfy reference by file (symbol)

c:/ac6/systemworkbench/plugins/fr.ac6.mcu.externaltools.arm-none.win32_1.13.3.201707031232/tools/compiler/bin/../lib/gcc/arm-none-eabi/5.4.1/armv7-m\libgcc.a(_arm_addsubdf3.o)
                              Src/lcd.o (__aeabi_dsub)
c:/ac6/systemworkbench/plugins/fr.ac6.mcu.externaltools.arm-none.win32_1.13.3.201707031232/tools/compiler/bin/../lib/gcc/arm-none-eabi/5.4.1/armv7-m\libgcc.a(_arm_muldivdf3.o)
                              Src/lcd.o (__aeabi_ddiv)
c:/ac6/systemworkbench/plugins/fr.ac6.mcu.externaltools.arm-none.win32_1.13.3.201707031232/tools/compiler/bin/../lib/gcc/arm-none-eabi/5.4.1/armv7-m\libgcc.a(_arm_fixdfsi.o)
                              Src/lcd.o (__aeabi_d2iz)
c:/ac6/systemworkbench/plugins/fr.ac6.mcu.externaltools.arm-none.win32_1.13.3.201707031232/tools/compiler/bin/../lib/gcc/arm-none-eabi/5.4.1/armv7-m\libgcc.a(_arm_addsubsf3.o)
                              Src/am2302.o (__aeabi_ui2f)
c:/ac6/systemworkbench/plugins/fr.ac6.mcu.externaltools.arm-none.win32_1.13.3.201707031232/tools/compiler/bin/../lib/gcc/arm-none-eabi/5.4.1/armv7-m\libgcc.a(_arm_muldivsf3.o)
                              Src/am2302.o (__aeabi_fdiv)
c:/ac6/systemworkbench/plugins/fr.ac6.mcu.externaltools.arm-none.win32_1.13.3.201707031232/tools/compiler/bin/../lib/gcc/arm-none-eabi/5.4.1/../../../../arm-none-eabi/lib/armv7-m\libc_nano.a(lib_a-assert.o)
                              Drivers/freemodbus/modbus/functions/mbutils.o (__assert_func)
c:/ac6/systemworkbench/plugins/fr.ac6.mcu.externaltools.arm-none.win32_1.13.3.201707031232/tools/compiler/bin/../lib/gcc/arm-none-eabi/5.4.1/../../../../arm-none-eabi/lib/armv7-m\libc_nano.a(lib_a-exit.o)
                              c:/ac6/systemworkbench/plugins/fr.ac6.mcu.externaltools.arm-none.win32_1.13.3.201707031232/tools/compiler/bin/../lib/gcc/arm-none-eabi/5.4.1/../../../../arm-none-eabi/lib/armv7-m/crt0.o (exit)
c:/ac6/systemworkbench/plugins/fr.ac6.mcu.externaltools.arm-none.win32_1.13.3.201707031232/tools/compiler/bin/../lib/gcc/arm-none-eabi/5.4.1/../../../../arm-none-eabi/lib/armv7-m\libc_nano.a(lib_a-fprintf.o)
                              c:/ac6/systemworkbench/plugins/fr.ac6.mcu.externaltools.arm-none.win32_1.13.3.201707031232/tools/compiler/bin/../lib/gcc/arm-none-eabi/5.4.1/../../../../arm-none-eabi/lib/armv7-m\libc_nano.a(lib_a-assert.o) (fiprintf)
c:/ac6/systemworkbench/plugins/fr.ac6.mcu.externaltools.arm-none.win32_1.13.3.201707031232/tools/compiler/bin/../lib/gcc/arm-none-eabi/5.4.1/../../../../arm-none-eabi/lib/armv7-m\libc_nano.a(lib_a-impure.o)
                              c:/ac6/systemworkbench/plugins/fr.ac6.mcu.externaltools.arm-none.win32_1.13.3.201707031232/tools/compiler/bin/../lib/gcc/arm-none-eabi/5.4.1/../../../../arm-none-eabi/lib/armv7-m\libc_nano.a(lib_a-exit.o) (_global_impure_ptr)
c:/ac6/systemworkbench/plugins/fr.ac6.mcu.externaltools.arm-none.win32_1.13.3.201707031232/tools/compiler/bin/../lib/gcc/arm-none-eabi/5.4.1/../../../../arm-none-eabi/lib/armv7-m\libc_nano.a(lib_a-init.o)
                              c:/ac6/systemworkbench/plugins/fr.ac6.mcu.externaltools.arm-none.win32_1.13.3.201707031232/tools/compiler/bin/../lib/gcc/arm-none-eabi/5.4.1/../../../../arm-none-eabi/lib/armv7-m/crt0.o (__libc_init_array)
c:/ac6/systemworkbench/plugins/fr.ac6.mcu.externaltools.arm-none.win32_1.13.3.201707031232/tools/compiler/bin/../lib/gcc/arm-none-eabi/5.4.1/../../../../arm-none-eabi/lib/armv7-m\libc_nano.a(lib_a-memcpy-stub.o)
                              Drivers/freemodbus/modbus/functions/mbfuncother.o (memcpy)
c:/ac6/systemworkbench/plugins/fr.ac6.mcu.externaltools.arm-none.win32_1.13.3.201707031232/tools/compiler/bin/../lib/gcc/arm-none-eabi/5.4.1/../../../../arm-none-eabi/lib/armv7-m\libc_nano.a(lib_a-memset.o)
                              c:/ac6/systemworkbench/plugins/fr.ac6.mcu.externaltools.arm-none.win32_1.13.3.201707031232/tools/compiler/bin/../lib/gcc/arm-none-eabi/5.4.1/../../../../arm-none-eabi/lib/armv7-m/crt0.o (memset)
c:/ac6/systemworkbench/plugins/fr.ac6.mcu.externaltools.arm-none.win32_1.13.3.201707031232/tools/compiler/bin/../lib/gcc/arm-none-eabi/5.4.1/../../../../arm-none-eabi/lib/armv7-m\libc_nano.a(lib_a-nano-vfprintf.o)
                              c:/ac6/systemworkbench/plugins/fr.ac6.mcu.externaltools.arm-none.win32_1.13.3.201707031232/tools/compiler/bin/../lib/gcc/arm-none-eabi/5.4.1/../../../../arm-none-eabi/lib/armv7-m\libc_nano.a(lib_a-fprintf.o) (_vfprintf_r)
c:/ac6/systemworkbench/plugins/fr.ac6.mcu.externaltools.arm-none.win32_1.13.3.201707031232/tools/compiler/bin/../lib/gcc/arm-none-eabi/5.4.1/../../../../arm-none-eabi/lib/armv7-m\libc_nano.a(lib_a-nano-vfprintf_i.o)
[...]
Memory Configuration

Name             Origin             Length             Attributes
RAM              0x20000000         0x00005000         xrw
FLASH            0x08000000         0x00010000         xr
*default*        0x00000000         0xffffffff

Linker script and memory map

LOAD c:/ac6/systemworkbench/plugins/fr.ac6.mcu.externaltools.arm-none.win32_1.13.3.201707031232/tools/compiler/bin/../lib/gcc/arm-none-eabi/5.4.1/armv7-m/crti.o
LOAD c:/ac6/systemworkbench/plugins/fr.ac6.mcu.externaltools.arm-none.win32_1.13.3.201707031232/tools/compiler/bin/../lib/gcc/arm-none-eabi/5.4.1/armv7-m/crtbegin.o
LOAD c:/ac6/systemworkbench/plugins/fr.ac6.mcu.externaltools.arm-none.win32_1.13.3.201707031232/tools/compiler/bin/../lib/gcc/arm-none-eabi/5.4.1/../../../../arm-none-eabi/lib/armv7-m/crt0.o
LOAD Drivers/STM32F1xx_HAL_Driver/Src/stm32f1xx_hal.o
LOAD Drivers/STM32F1xx_HAL_Driver/Src/stm32f1xx_hal_adc.o
LOAD Drivers/STM32F1xx_HAL_Driver/Src/stm32f1xx_hal_adc_ex.o
LOAD Drivers/STM32F1xx_HAL_Driver/Src/stm32f1xx_hal_cortex.o
LOAD Drivers/STM32F1xx_HAL_Driver/Src/stm32f1xx_hal_dma.o
LOAD Drivers/STM32F1xx_HAL_Driver/Src/stm32f1xx_hal_flash.o
LOAD Drivers/STM32F1xx_HAL_Driver/Src/stm32f1xx_hal_flash_ex.o
LOAD Drivers/STM32F1xx_HAL_Driver/Src/stm32f1xx_hal_gpio.o
LOAD Drivers/STM32F1xx_HAL_Driver/Src/stm32f1xx_hal_gpio_ex.o
LOAD Drivers/STM32F1xx_HAL_Driver/Src/stm32f1xx_hal_i2c.o
LOAD Drivers/STM32F1xx_HAL_Driver/Src/stm32f1xx_hal_pwr.o
LOAD Drivers/STM32F1xx_HAL_Driver/Src/stm32f1xx_hal_rcc.o
LOAD Drivers/STM32F1xx_HAL_Driver/Src/stm32f1xx_hal_rcc_ex.o
LOAD Drivers/STM32F1xx_HAL_Driver/Src/stm32f1xx_hal_rtc.o
LOAD Drivers/STM32F1xx_HAL_Driver/Src/stm32f1xx_hal_rtc_ex.o
LOAD Drivers/STM32F1xx_HAL_Driver/Src/stm32f1xx_hal_spi.o
LOAD Drivers/STM32F1xx_HAL_Driver/Src/stm32f1xx_hal_spi_ex.o
LOAD Drivers/STM32F1xx_HAL_Driver/Src/stm32f1xx_hal_tim.o
LOAD Drivers/STM32F1xx_HAL_Driver/Src/stm32f1xx_hal_tim_ex.o
LOAD Drivers/STM32F1xx_HAL_Driver/Src/stm32f1xx_hal_uart.o
LOAD Drivers/freemodbus/modbus/functions/mbfunccoils.o
LOAD Drivers/freemodbus/modbus/functions/mbfuncdiag.o
LOAD Drivers/freemodbus/modbus/functions/mbfuncdisc.o
LOAD Drivers/freemodbus/modbus/functions/mbfuncholding.o
LOAD Drivers/freemodbus/modbus/functions/mbfuncinput.o
LOAD Drivers/freemodbus/modbus/functions/mbfuncother.o
LOAD Drivers/freemodbus/modbus/functions/mbutils.o
LOAD Drivers/freemodbus/modbus/mb.o
LOAD Drivers/freemodbus/modbus/rtu/mbrtu.o
LOAD Drivers/freemodbus/port/mbcrc.o
LOAD Drivers/freemodbus/port/portevent.o
LOAD Drivers/freemodbus/port/portserial.o
LOAD Drivers/freemodbus/port/porttimer.o
LOAD Src/BV1750FVI.o
LOAD Src/SoilMoisture.o
LOAD Src/adc.o
LOAD Src/am2302.o
LOAD Src/delays.o
LOAD Src/gpio.o
LOAD Src/i2c.o
LOAD Src/lcd.o
LOAD Src/main.o
LOAD Src/mbtask.o
LOAD Src/rtc.o
LOAD Src/spi.o
LOAD Src/stm32f1xx_hal_msp.o
LOAD Src/stm32f1xx_it.o
LOAD Src/system_stm32f1xx.o
LOAD Src/tim.o
LOAD Src/usart.o
LOAD startup/startup_stm32f103xb.o
LOAD c:/ac6/systemworkbench/plugins/fr.ac6.mcu.externaltools.arm-none.win32_1.13.3.201707031232/tools/compiler/bin/../lib/gcc/arm-none-eabi/5.4.1/../../../../arm-none-eabi/lib/armv7-m\libm.a
START GROUP
LOAD c:/ac6/systemworkbench/plugins/fr.ac6.mcu.externaltools.arm-none.win32_1.13.3.201707031232/tools/compiler/bin/../lib/gcc/arm-none-eabi/5.4.1/armv7-m\libgcc.a
LOAD c:/ac6/systemworkbench/plugins/fr.ac6.mcu.externaltools.arm-none.win32_1.13.3.201707031232/tools/compiler/bin/../lib/gcc/arm-none-eabi/5.4.1/../../../../arm-none-eabi/lib/armv7-m\libc_nano.a
END GROUP
START GROUP
LOAD c:/ac6/systemworkbench/plugins/fr.ac6.mcu.externaltools.arm-none.win32_1.13.3.201707031232/tools/compiler/bin/../lib/gcc/arm-none-eabi/5.4.1/armv7-m\libgcc.a
LOAD c:/ac6/systemworkbench/plugins/fr.ac6.mcu.externaltools.arm-none.win32_1.13.3.201707031232/tools/compiler/bin/../lib/gcc/arm-none-eabi/5.4.1/../../../../arm-none-eabi/lib/armv7-m\libc_nano.a
LOAD c:/ac6/systemworkbench/plugins/fr.ac6.mcu.externaltools.arm-none.win32_1.13.3.201707031232/tools/compiler/bin/../lib/gcc/arm-none-eabi/5.4.1/../../../../arm-none-eabi/lib/armv7-m\libnosys.a
END GROUP
START GROUP
LOAD c:/ac6/systemworkbench/plugins/fr.ac6.mcu.externaltools.arm-none.win32_1.13.3.201707031232/tools/compiler/bin/../lib/gcc/arm-none-eabi/5.4.1/armv7-m\libgcc.a
LOAD c:/ac6/systemworkbench/plugins/fr.ac6.mcu.externaltools.arm-none.win32_1.13.3.201707031232/tools/compiler/bin/../lib/gcc/arm-none-eabi/5.4.1/../../../../arm-none-eabi/lib/armv7-m\libc_nano.a
LOAD c:/ac6/systemworkbench/plugins/fr.ac6.mcu.externaltools.arm-none.win32_1.13.3.201707031232/tools/compiler/bin/../lib/gcc/arm-none-eabi/5.4.1/../../../../arm-none-eabi/lib/armv7-m\libnosys.a
END GROUP
LOAD c:/ac6/systemworkbench/plugins/fr.ac6.mcu.externaltools.arm-none.win32_1.13.3.201707031232/tools/compiler/bin/../lib/gcc/arm-none-eabi/5.4.1/armv7-m/crtend.o
LOAD c:/ac6/systemworkbench/plugins/fr.ac6.mcu.externaltools.arm-none.win32_1.13.3.201707031232/tools/compiler/bin/../lib/gcc/arm-none-eabi/5.4.1/armv7-m/crtn.o
                0x20005000                _estack = 0x20005000
                0x00000200                _Min_Heap_Size = 0x200
                0x00000400                _Min_Stack_Size = 0x400

.isr_vector     0x08000000      0x10c
                0x08000000                . = ALIGN (0x4)
 *(.isr_vector)
 .isr_vector    0x08000000      0x10c startup/startup_stm32f103xb.o
                0x08000000                g_pfnVectors
                0x0800010c                . = ALIGN (0x4)

.text           0x0800010c     0x3944
                0x0800010c                . = ALIGN (0x4)
 *(.text)
 .text          0x0800010c       0x5c c:/ac6/systemworkbench/plugins/fr.ac6.mcu.externaltools.arm-none.win32_1.13.3.201707031232/tools/compiler/bin/../lib/gcc/arm-none-eabi/5.4.1/armv7-m/crtbegin.o
 *(.text*)
 .text.HAL_InitTick
                0x08000168       0x2c Drivers/STM32F1xx_HAL_Driver/Src/stm32f1xx_hal.o
                0x08000168                HAL_InitTick
 .text.HAL_Init
                0x08000194       0x24 Drivers/STM32F1xx_HAL_Driver/Src/stm32f1xx_hal.o
                0x08000194                HAL_Init
 .text.HAL_IncTick
                0x080001b8       0x10 Drivers/STM32F1xx_HAL_Driver/Src/stm32f1xx_hal.o
                0x080001b8                HAL_IncTick
 .text.HAL_GetTick
                0x080001c8        0xc Drivers/STM32F1xx_HAL_Driver/Src/stm32f1xx_hal.o
                0x080001c8                HAL_GetTick
 .text.HAL_ADC_ConfigChannel
                0x080001d4      0x188 Drivers/STM32F1xx_HAL_Driver/Src/stm32f1xx_hal_adc.o
                0x080001d4                HAL_ADC_ConfigChannel
 .text.ADC_ConversionStop_Disable
                0x0800035c       0x50 Drivers/STM32F1xx_HAL_Driver/Src/stm32f1xx_hal_adc.o
                0x0800035c                ADC_ConversionStop_Disable
 .text.HAL_ADC_Init
                0x080003ac      0x1d8 Drivers/STM32F1xx_HAL_Driver/Src/stm32f1xx_hal_adc.o
                0x080003ac                HAL_ADC_Init
 .text.HAL_NVIC_SetPriorityGrouping
                0x08000584       0x3c Drivers/STM32F1xx_HAL_Driver/Src/stm32f1xx_hal_cortex.o
                0x08000584                HAL_NVIC_SetPriorityGrouping
 .text.HAL_NVIC_SetPriority
                0x080005c0       0x84 Drivers/STM32F1xx_HAL_Driver/Src/stm32f1xx_hal_cortex.o
                0x080005c0                HAL_NVIC_SetPriority
 .text.HAL_NVIC_EnableIRQ
                0x08000644       0x2c Drivers/STM32F1xx_HAL_Driver/Src/stm32f1xx_hal_cortex.o
                0x08000644                HAL_NVIC_EnableIRQ
 .text.HAL_SYSTICK_Config
                0x08000670       0x2c Drivers/STM32F1xx_HAL_Driver/Src/stm32f1xx_hal_cortex.o
                0x08000670                HAL_SYSTICK_Config
 .text.HAL_SYSTICK_CLKSourceConfig
                0x0800069c       0x38 Drivers/STM32F1xx_HAL_Driver/Src/stm32f1xx_hal_cortex.o
                0x0800069c                HAL_SYSTICK_CLKSourceConfig
 .text.HAL_SYSTICK_Callback
                0x080006d4        0x4 Drivers/STM32F1xx_HAL_Driver/Src/stm32f1xx_hal_cortex.o
                0x080006d4                HAL_SYSTICK_Callback
 .text.HAL_SYSTICK_IRQHandler
                0x080006d8        0x8 Drivers/STM32F1xx_HAL_Driver/Src/stm32f1xx_hal_cortex.o
                0x080006d8                HAL_SYSTICK_IRQHandler
 .text.HAL_DMA_Abort_IT
                0x080006e0       0x98 Drivers/STM32F1xx_HAL_Driver/Src/stm32f1xx_hal_dma.o
                0x080006e0                HAL_DMA_Abort_IT
 .text.HAL_GPIO_Init
                0x08000778      0x308 Drivers/STM32F1xx_HAL_Driver/Src/stm32f1xx_hal_gpio.o
                0x08000778                HAL_GPIO_Init
 .text.HAL_GPIO_WritePin
                0x08000a80       0x34 Drivers/STM32F1xx_HAL_Driver/Src/stm32f1xx_hal_gpio.o
                0x08000a80                HAL_GPIO_WritePin
 .text.HAL_I2C_Init
                0x08000ab4      0x1e0 Drivers/STM32F1xx_HAL_Driver/Src/stm32f1xx_hal_i2c.o
                0x08000ab4                HAL_I2C_Init
 .text.HAL_PWR_EnableBkUpAccess
                0x08000c94        0xc Drivers/STM32F1xx_HAL_Driver/Src/stm32f1xx_hal_pwr.o
                0x08000c94                HAL_PWR_EnableBkUpAccess
 .text.RCC_Delay
                0x08000ca0       0x2c Drivers/STM32F1xx_HAL_Driver/Src/stm32f1xx_hal_rcc.o
 .text.HAL_RCC_OscConfig
                0x08000ccc      0x528 Drivers/STM32F1xx_HAL_Driver/Src/stm32f1xx_hal_rcc.o
                0x08000ccc                HAL_RCC_OscConfig
 .text.HAL_RCC_GetSysClockFreq
                0x080011f4       0x70 Drivers/STM32F1xx_HAL_Driver/Src/stm32f1xx_hal_rcc.o
                0x080011f4                HAL_RCC_GetSysClockFreq
 .text.HAL_RCC_ClockConfig
                0x08001264      0x244 Drivers/STM32F1xx_HAL_Driver/Src/stm32f1xx_hal_rcc.o
                0x08001264                HAL_RCC_ClockConfig
 .text.HAL_RCC_GetHCLKFreq
                0x080014a8        0xc Drivers/STM32F1xx_HAL_Driver/Src/stm32f1xx_hal_rcc.o
                0x080014a8                HAL_RCC_GetHCLKFreq
 .text.HAL_RCC_GetPCLK1Freq
                0x080014b4       0x20 Drivers/STM32F1xx_HAL_Driver/Src/stm32f1xx_hal_rcc.o
                0x080014b4                HAL_RCC_GetPCLK1Freq
 .text.HAL_RCC_GetPCLK2Freq
                0x080014d4       0x20 Drivers/STM32F1xx_HAL_Driver/Src/stm32f1xx_hal_rcc.o
                0x080014d4                HAL_RCC_GetPCLK2Freq
 .text.HAL_RCCEx_PeriphCLKConfig
                0x080014f4      0x178 Drivers/STM32F1xx_HAL_Driver/Src/stm32f1xx_hal_rcc_ex.o
                0x080014f4                HAL_RCCEx_PeriphCLKConfig
 .text.HAL_RCCEx_GetPeriphCLKFreq
                0x0800166c      0x11c Drivers/STM32F1xx_HAL_Driver/Src/stm32f1xx_hal_rcc_ex.o
                0x0800166c                HAL_RCCEx_GetPeriphCLKFreq
 .text.RTC_ReadTimeCounter
                0x08001788       0x28 Drivers/STM32F1xx_HAL_Driver/Src/stm32f1xx_hal_rtc.o
 .text.RTC_ReadAlarmCounter
                0x080017b0       0x10 Drivers/STM32F1xx_HAL_Driver/Src/stm32f1xx_hal_rtc.o
 .text.RTC_Bcd2ToByte
                0x080017c0       0x14 Drivers/STM32F1xx_HAL_Driver/Src/stm32f1xx_hal_rtc.o
 .text.RTC_WeekDayNum
                0x080017d4       0x9c Drivers/STM32F1xx_HAL_Driver/Src/stm32f1xx_hal_rtc.o
 .text.RTC_EnterInitMode
                0x08001870       0x34 Drivers/STM32F1xx_HAL_Driver/Src/stm32f1xx_hal_rtc.o
 .text.RTC_ExitInitMode
                0x080018a4       0x34 Drivers/STM32F1xx_HAL_Driver/Src/stm32f1xx_hal_rtc.o
 .text.RTC_WriteTimeCounter
                0x080018d8       0x2c Drivers/STM32F1xx_HAL_Driver/Src/stm32f1xx_hal_rtc.o
 .text.RTC_WriteAlarmCounter
                0x08001904       0x2c Drivers/STM32F1xx_HAL_Driver/Src/stm32f1xx_hal_rtc.o
 .text.HAL_RTC_SetTime
                0x08001930      0x148 Drivers/STM32F1xx_HAL_Driver/Src/stm32f1xx_hal_rtc.o
                0x08001930                HAL_RTC_SetTime
 .text.HAL_RTC_SetDate
                0x08001a78      0x168 Drivers/STM32F1xx_HAL_Driver/Src/stm32f1xx_hal_rtc.o
                0x08001a78                HAL_RTC_SetDate
 .text.HAL_RTC_WaitForSynchro
                0x08001be0       0x3c Drivers/STM32F1xx_HAL_Driver/Src/stm32f1xx_hal_rtc.o
                0x08001be0                HAL_RTC_WaitForSynchro
 .text.HAL_RTC_Init
                0x08001c1c      0x118 Drivers/STM32F1xx_HAL_Driver/Src/stm32f1xx_hal_rtc.o
                0x08001c1c                HAL_RTC_Init
 .text.HAL_RTCEx_RTCEventCallback
                0x08001d34        0x4 Drivers/STM32F1xx_HAL_Driver/Src/stm32f1xx_hal_rtc_ex.o
                0x08001d34                HAL_RTCEx_RTCEventCallback
 .text.HAL_RTCEx_RTCEventErrorCallback
                0x08001d38        0x4 Drivers/STM32F1xx_HAL_Driver/Src/stm32f1xx_hal_rtc_ex.o
                0x08001d38                HAL_RTCEx_RTCEventErrorCallback
 .text.HAL_RTCEx_RTCIRQHandler
                0x08001d3c       0x44 Drivers/STM32F1xx_HAL_Driver/Src/stm32f1xx_hal_rtc_ex.o
                0x08001d3c                HAL_RTCEx_RTCIRQHandler
 .text.HAL_RTCEx_BKUPWrite
                0x08001d80       0x28 Drivers/STM32F1xx_HAL_Driver/Src/stm32f1xx_hal_rtc_ex.o
                0x08001d80                HAL_RTCEx_BKUPWrite
 .text.HAL_RTCEx_BKUPRead
                0x08001da8       0x28 Drivers/STM32F1xx_HAL_Driver/Src/stm32f1xx_hal_rtc_ex.o
                0x08001da8                HAL_RTCEx_BKUPRead
 .text.SPI_WaitFlagStateUntilTimeout
                0x08001dd0       0x94 Drivers/STM32F1xx_HAL_Driver/Src/stm32f1xx_hal_spi.o
 .text.SPI_CheckFlag_BSY
                0x08001e64       0x28 Drivers/STM32F1xx_HAL_Driver/Src/stm32f1xx_hal_spi.o
 .text.HAL_SPI_Transmit
                0x08001e8c      0x1c8 Drivers/STM32F1xx_HAL_Driver/Src/stm32f1xx_hal_spi.o
                0x08001e8c                HAL_SPI_Transmit
 .text.HAL_SPI_Init
                0x08002054      0x150 Drivers/STM32F1xx_HAL_Driver/Src/stm32f1xx_hal_spi_ex.o
                0x08002054                HAL_SPI_Init
 .text.TIM_TI1_ConfigInputStage
                0x080021a4       0x24 Drivers/STM32F1xx_HAL_Driver/Src/stm32f1xx_hal_tim.o
 .text.TIM_TI2_ConfigInputStage
                0x080021c8       0x28 Drivers/STM32F1xx_HAL_Driver/Src/stm32f1xx_hal_tim.o
 .text.TIM_ITRx_SetConfig
                0x080021f0       0x10 Drivers/STM32F1xx_HAL_Driver/Src/stm32f1xx_hal_tim.o
 .text.TIM_ETR_SetConfig
                0x08002200       0x18 Drivers/STM32F1xx_HAL_Driver/Src/stm32f1xx_hal_tim.o
 .text.HAL_TIM_ConfigClockSource
                0x08002218      0x424 Drivers/STM32F1xx_HAL_Driver/Src/stm32f1xx_hal_tim.o
                0x08002218                HAL_TIM_ConfigClockSource
 .text.HAL_TIM_PeriodElapsedCallback
                0x0800263c        0x4 Drivers/STM32F1xx_HAL_Driver/Src/stm32f1xx_hal_tim.o
                0x0800263c                HAL_TIM_PeriodElapsedCallback
 .text.HAL_TIM_OC_DelayElapsedCallback
                0x08002640        0x4 Drivers/STM32F1xx_HAL_Driver/Src/stm32f1xx_hal_tim.o
                0x08002640                HAL_TIM_OC_DelayElapsedCallback
 .text.HAL_TIM_IC_CaptureCallback
                0x08002644        0x4 Drivers/STM32F1xx_HAL_Driver/Src/stm32f1xx_hal_tim.o
                0x08002644                HAL_TIM_IC_CaptureCallback
 .text.HAL_TIM_PWM_PulseFinishedCallback
                0x08002648        0x4 Drivers/STM32F1xx_HAL_Driver/Src/stm32f1xx_hal_tim.o
                0x08002648                HAL_TIM_PWM_PulseFinishedCallback
 .text.HAL_TIM_TriggerCallback
                0x0800264c        0x4 Drivers/STM32F1xx_HAL_Driver/Src/stm32f1xx_hal_tim.o
                0x0800264c                HAL_TIM_TriggerCallback
 .text.HAL_TIM_IRQHandler
                0x08002650      0x174 Drivers/STM32F1xx_HAL_Driver/Src/stm32f1xx_hal_tim.o
                0x08002650                HAL_TIM_IRQHandler
 .text.TIM_Base_SetConfig
                0x080027c4       0x70 Drivers/STM32F1xx_HAL_Driver/Src/stm32f1xx_hal_tim.o
                0x080027c4                TIM_Base_SetConfig
 .text.HAL_TIM_Base_Init
                0x08002834       0xac Drivers/STM32F1xx_HAL_Driver/Src/stm32f1xx_hal_tim.o
                0x08002834                HAL_TIM_Base_Init
 .text.HAL_TIMEx_MasterConfigSynchronization
                0x080028e0       0xc0 Drivers/STM32F1xx_HAL_Driver/Src/stm32f1xx_hal_tim_ex.o
                0x080028e0                HAL_TIMEx_MasterConfigSynchronization
 .text.HAL_TIMEx_CommutationCallback
                0x080029a0        0x4 Drivers/STM32F1xx_HAL_Driver/Src/stm32f1xx_hal_tim_ex.o
                0x080029a0                HAL_TIMEx_CommutationCallback
 .text.HAL_TIMEx_BreakCallback
                0x080029a4        0x4 Drivers/STM32F1xx_HAL_Driver/Src/stm32f1xx_hal_tim_ex.o
                0x080029a4                HAL_TIMEx_BreakCallback
 .text.UART_EndRxTransfer
                0x080029a8       0x1c Drivers/STM32F1xx_HAL_Driver/Src/stm32f1xx_hal_uart.o
 .text.UART_Transmit_IT
                0x080029c4       0x6c Drivers/STM32F1xx_HAL_Driver/Src/stm32f1xx_hal_uart.o
 .text.UART_SetConfig
                0x08002a30      0x22c Drivers/STM32F1xx_HAL_Driver/Src/stm32f1xx_hal_uart.o
 .text.HAL_UART_Init
                0x08002c5c       0xec Drivers/STM32F1xx_HAL_Driver/Src/stm32f1xx_hal_uart.o
                0x08002c5c                HAL_UART_Init
 .text.HAL_UART_TxCpltCallback
                0x08002d48        0x4 Drivers/STM32F1xx_HAL_Driver/Src/stm32f1xx_hal_uart.o
                0x08002d48                HAL_UART_TxCpltCallback
 .text.UART_EndTransmit_IT
                0x08002d4c       0x1c Drivers/STM32F1xx_HAL_Driver/Src/stm32f1xx_hal_uart.o
 .text.HAL_UART_RxCpltCallback
                0x08002d68        0x4 Drivers/STM32F1xx_HAL_Driver/Src/stm32f1xx_hal_uart.o
                0x08002d68                HAL_UART_RxCpltCallback
 .text.UART_Receive_IT
                0x08002d6c       0xa0 Drivers/STM32F1xx_HAL_Driver/Src/stm32f1xx_hal_uart.o
 .text.HAL_UART_ErrorCallback
                0x08002e0c        0x4 Drivers/STM32F1xx_HAL_Driver/Src/stm32f1xx_hal_uart.o
                0x08002e0c                HAL_UART_ErrorCallback
 .text.HAL_UART_IRQHandler
                0x08002e10      0x11c Drivers/STM32F1xx_HAL_Driver/Src/stm32f1xx_hal_uart.o
                0x08002e10                HAL_UART_IRQHandler
 .text.UART_DMAAbortOnError
                0x08002f2c       0x10 Drivers/STM32F1xx_HAL_Driver/Src/stm32f1xx_hal_uart.o
 .text.MX_ADC1_Init
                0x08002f3c       0x5c Src/adc.o
                0x08002f3c                MX_ADC1_Init
 .text.HAL_ADC_MspInit
                0x08002f98       0x44 Src/adc.o
                0x08002f98                HAL_ADC_MspInit
 .text.am2302_pinOut
                0x08002fdc       0x2c Src/am2302.o
 .text.am2302_Init
                0x08003008        0xc Src/am2302.o
                0x08003008                am2302_Init
 .text.MX_GPIO_Init
                0x08003014       0xbc Src/gpio.o
                0x08003014                MX_GPIO_Init
 .text.MX_I2C1_Init
                0x080030d0       0x44 Src/i2c.o
                0x080030d0                MX_I2C1_Init
 .text.HAL_I2C_MspInit
                0x08003114       0x48 Src/i2c.o
                0x08003114                HAL_I2C_MspInit
 .text.LCD_Reset
                0x0800315c       0x20 Src/lcd.o
                0x0800315c                LCD_Reset
 .text.LCD_send
                0x0800317c       0x20 Src/lcd.o
                0x0800317c                LCD_send
 .text.LCD_write
                0x0800319c       0x5c Src/lcd.o
                0x0800319c                LCD_write
 .text.LCD_putChar
                0x080031f8       0x54 Src/lcd.o
                0x080031f8                LCD_putChar
 .text.LCD_clrScr
                0x0800324c       0x24 Src/lcd.o
                0x0800324c                LCD_clrScr
 .text.LCD_init
                0x08003270       0x6c Src/lcd.o
                0x08003270                LCD_init
 .text.LCD_goXY
                0x080032dc       0x1c Src/lcd.o
                0x080032dc                LCD_goXY
 .text.LCD_print
                0x080032f8       0x1c Src/lcd.o
                0x080032f8                LCD_print
 .text._Error_Handler
                0x08003314        0x4 Src/main.o
                0x08003314                _Error_Handler
 .text.SystemClock_Config
                0x08003318       0xa8 Src/main.o
                0x08003318                SystemClock_Config
 .text.main     0x080033c0       0x5c Src/main.o
                0x080033c0                main
 .text.assert_failed
                0x0800341c        0x4 Src/main.o
                0x0800341c                assert_failed
 .text.MX_RTC_Init
                0x08003420       0x9c Src/rtc.o
                0x08003420                MX_RTC_Init
 .text.HAL_RTC_MspInit
                0x080034bc       0x50 Src/rtc.o
                0x080034bc                HAL_RTC_MspInit
 .text.MX_SPI1_Init
                0x0800350c       0x48 Src/spi.o
                0x0800350c                MX_SPI1_Init
 .text.HAL_SPI_MspInit
                0x08003554       0x48 Src/spi.o
                0x08003554                HAL_SPI_MspInit
 .text.HAL_MspInit
                0x0800359c       0x94 Src/stm32f1xx_hal_msp.o
                0x0800359c                HAL_MspInit
 .text.NMI_Handler
                0x08003630        0x4 Src/stm32f1xx_it.o
                0x08003630                NMI_Handler
 .text.HardFault_Handler
                0x08003634        0x4 Src/stm32f1xx_it.o
                0x08003634                HardFault_Handler
 .text.MemManage_Handler
                0x08003638        0x4 Src/stm32f1xx_it.o
                0x08003638                MemManage_Handler
 .text.BusFault_Handler
                0x0800363c        0x4 Src/stm32f1xx_it.o
                0x0800363c                BusFault_Handler
 .text.UsageFault_Handler
                0x08003640        0x4 Src/stm32f1xx_it.o
                0x08003640                UsageFault_Handler
 .text.SVC_Handler
                0x08003644        0x4 Src/stm32f1xx_it.o
                0x08003644                SVC_Handler
 .text.DebugMon_Handler
                0x08003648        0x4 Src/stm32f1xx_it.o
                0x08003648                DebugMon_Handler
 .text.PendSV_Handler
                0x0800364c        0x4 Src/stm32f1xx_it.o
                0x0800364c                PendSV_Handler
 .text.SysTick_Handler
                0x08003650        0xc Src/stm32f1xx_it.o
                0x08003650                SysTick_Handler
 .text.RTC_IRQHandler
                0x0800365c       0x1c Src/stm32f1xx_it.o
                0x0800365c                RTC_IRQHandler
 .text.TIM3_IRQHandler
                0x08003678       0x40 Src/stm32f1xx_it.o
                0x08003678                TIM3_IRQHandler
 .text.TIM4_IRQHandler
                0x080036b8       0x44 Src/stm32f1xx_it.o
                0x080036b8                TIM4_IRQHandler
 .text.USART1_IRQHandler
                0x080036fc       0x64 Src/stm32f1xx_it.o
                0x080036fc                USART1_IRQHandler
 .text.SystemInit
                0x08003760       0x4c Src/system_stm32f1xx.o
                0x08003760                SystemInit
 .text.MX_TIM3_Init
                0x080037ac       0x70 Src/tim.o
                0x080037ac                MX_TIM3_Init
 .text.MX_TIM4_Init
                0x0800381c       0x6c Src/tim.o
                0x0800381c                MX_TIM4_Init
 .text.HAL_TIM_Base_MspInit
                0x08003888       0x70 Src/tim.o
                0x08003888                HAL_TIM_Base_MspInit
 .text.MX_USART1_UART_Init
                0x080038f8       0x3c Src/usart.o
                0x080038f8                MX_USART1_UART_Init
 .text.HAL_UART_MspInit
                0x08003934       0x6c Src/usart.o
                0x08003934                HAL_UART_MspInit
 .text.Reset_Handler
                0x080039a0       0x48 startup/startup_stm32f103xb.o
                0x080039a0                Reset_Handler
 .text.Default_Handler
                0x080039e8        0x2 startup/startup_stm32f103xb.o
                0x080039e8                RTC_Alarm_IRQHandler
                0x080039e8                EXTI2_IRQHandler
                0x080039e8                TIM1_CC_IRQHandler
                0x080039e8                PVD_IRQHandler
                0x080039e8                EXTI3_IRQHandler
                0x080039e8                EXTI0_IRQHandler
                0x080039e8                I2C2_EV_IRQHandler
                0x080039e8                ADC1_2_IRQHandler
                0x080039e8                SPI1_IRQHandler
                0x080039e8                TAMPER_IRQHandler
                0x080039e8                DMA1_Channel4_IRQHandler
                0x080039e8                USART3_IRQHandler
                0x080039e8                DMA1_Channel7_IRQHandler
                0x080039e8                CAN1_RX1_IRQHandler
                0x080039e8                I2C1_EV_IRQHandler
                0x080039e8                DMA1_Channel6_IRQHandler
                0x080039e8                RCC_IRQHandler
                0x080039e8                TIM1_TRG_COM_IRQHandler
                0x080039e8                DMA1_Channel1_IRQHandler
                0x080039e8                Default_Handler
                0x080039e8                EXTI15_10_IRQHandler
                0x080039e8                EXTI9_5_IRQHandler
                0x080039e8                SPI2_IRQHandler
                0x080039e8                DMA1_Channel5_IRQHandler
                0x080039e8                EXTI4_IRQHandler
                0x080039e8                USB_LP_CAN1_RX0_IRQHandler
                0x080039e8                USB_HP_CAN1_TX_IRQHandler
                0x080039e8                DMA1_Channel3_IRQHandler
                0x080039e8                TIM1_UP_IRQHandler
                0x080039e8                WWDG_IRQHandler
                0x080039e8                TIM2_IRQHandler
                0x080039e8                TIM1_BRK_IRQHandler
                0x080039e8                EXTI1_IRQHandler
                0x080039e8                USART2_IRQHandler
                0x080039e8                I2C2_ER_IRQHandler
                0x080039e8                DMA1_Channel2_IRQHandler
                0x080039e8                CAN1_SCE_IRQHandler
                0x080039e8                FLASH_IRQHandler
                0x080039e8                I2C1_ER_IRQHandler
                0x080039e8                USBWakeUp_IRQHandler
 *fill*         0x080039ea        0x2 
 .text.__libc_init_array
                0x080039ec       0x4c c:/ac6/systemworkbench/plugins/fr.ac6.mcu.externaltools.arm-none.win32_1.13.3.201707031232/tools/compiler/bin/../lib/gcc/arm-none-eabi/5.4.1/../../../../arm-none-eabi/lib/armv7-m\libc_nano.a(lib_a-init.o)
                0x080039ec                __libc_init_array
 *(.glue_7)
 .glue_7        0x08003a38        0x0 linker stubs
 *(.glue_7t)
 .glue_7t       0x08003a38        0x0 linker stubs
 *(.eh_frame)
 .eh_frame      0x08003a38        0x0 c:/ac6/systemworkbench/plugins/fr.ac6.mcu.externaltools.arm-none.win32_1.13.3.201707031232/tools/compiler/bin/../lib/gcc/arm-none-eabi/5.4.1/armv7-m/crtbegin.o
 *(.init)
 .init          0x08003a38        0x4 c:/ac6/systemworkbench/plugins/fr.ac6.mcu.externaltools.arm-none.win32_1.13.3.201707031232/tools/compiler/bin/../lib/gcc/arm-none-eabi/5.4.1/armv7-m/crti.o
                0x08003a38                _init
 .init          0x08003a3c        0x8 c:/ac6/systemworkbench/plugins/fr.ac6.mcu.externaltools.arm-none.win32_1.13.3.201707031232/tools/compiler/bin/../lib/gcc/arm-none-eabi/5.4.1/armv7-m/crtn.o
 *(.fini)
 .fini          0x08003a44        0x4 c:/ac6/systemworkbench/plugins/fr.ac6.mcu.externaltools.arm-none.win32_1.13.3.201707031232/tools/compiler/bin/../lib/gcc/arm-none-eabi/5.4.1/armv7-m/crti.o
                0x08003a44                _fini
 .fini          0x08003a48        0x8 c:/ac6/systemworkbench/plugins/fr.ac6.mcu.externaltools.arm-none.win32_1.13.3.201707031232/tools/compiler/bin/../lib/gcc/arm-none-eabi/5.4.1/armv7-m/crtn.o
                0x08003a50                . = ALIGN (0x4)
                0x08003a50                _etext = .

.vfp11_veneer   0x08003a50        0x0
 .vfp11_veneer  0x08003a50        0x0 linker stubs

.v4_bx          0x08003a50        0x0
 .v4_bx         0x08003a50        0x0 linker stubs

.iplt           0x08003a50        0x0
 .iplt          0x08003a50        0x0 c:/ac6/systemworkbench/plugins/fr.ac6.mcu.externaltools.arm-none.win32_1.13.3.201707031232/tools/compiler/bin/../lib/gcc/arm-none-eabi/5.4.1/armv7-m/crtbegin.o

.rodata         0x08003a50      0x5f4
                0x08003a50                . = ALIGN (0x4)
 *(.rodata)
 .rodata        0x08003a50       0x12 Drivers/STM32F1xx_HAL_Driver/Src/stm32f1xx_hal_rcc.o
 *fill*         0x08003a62        0x2 
 .rodata        0x08003a64       0x12 Drivers/STM32F1xx_HAL_Driver/Src/stm32f1xx_hal_rcc_ex.o
 *fill*         0x08003a76        0x2 
 .rodata        0x08003a78      0x240 Src/lcd.o
 .rodata        0x08003cb8       0x18 Src/system_stm32f1xx.o
                0x08003cb8                AHBPrescTable
                0x08003cc8                APBPrescTable
 *(.rodata*)
 .rodata.str1.4
                0x08003cd0       0x38 Drivers/STM32F1xx_HAL_Driver/Src/stm32f1xx_hal_adc.o
 .rodata.str1.4
                0x08003d08       0x3b Drivers/STM32F1xx_HAL_Driver/Src/stm32f1xx_hal_cortex.o
 *fill*         0x08003d43        0x1 
 .rodata.str1.4
                0x08003d44       0x39 Drivers/STM32F1xx_HAL_Driver/Src/stm32f1xx_hal_gpio.o
 *fill*         0x08003d7d        0x3 
 .rodata.str1.4
                0x08003d80       0x38 Drivers/STM32F1xx_HAL_Driver/Src/stm32f1xx_hal_i2c.o
 .rodata.str1.4
                0x08003db8       0x38 Drivers/STM32F1xx_HAL_Driver/Src/stm32f1xx_hal_rcc.o
 .rodata.str1.4
                0x08003df0       0x3b Drivers/STM32F1xx_HAL_Driver/Src/stm32f1xx_hal_rcc_ex.o
 *fill*         0x08003e2b        0x1 
 .rodata.str1.4
                0x08003e2c       0x38 Drivers/STM32F1xx_HAL_Driver/Src/stm32f1xx_hal_rtc.o
 .rodata.str1.4
                0x08003e64       0x3b Drivers/STM32F1xx_HAL_Driver/Src/stm32f1xx_hal_rtc_ex.o
 *fill*         0x08003e9f        0x1 
 .rodata.str1.4
                0x08003ea0       0x38 Drivers/STM32F1xx_HAL_Driver/Src/stm32f1xx_hal_spi.o
 .rodata.str1.4
                0x08003ed8       0x3b Drivers/STM32F1xx_HAL_Driver/Src/stm32f1xx_hal_spi_ex.o
 *fill*         0x08003f13        0x1 
 .rodata.str1.4
                0x08003f14       0x38 Drivers/STM32F1xx_HAL_Driver/Src/stm32f1xx_hal_tim.o
 .rodata.str1.4
                0x08003f4c       0x3b Drivers/STM32F1xx_HAL_Driver/Src/stm32f1xx_hal_tim_ex.o
 *fill*         0x08003f87        0x1 
 .rodata.str1.4
                0x08003f88       0x39 Drivers/STM32F1xx_HAL_Driver/Src/stm32f1xx_hal_uart.o
 *fill*         0x08003fc1        0x3 
 .rodata.str1.4
                0x08003fc4        0xd Src/adc.o
 *fill*         0x08003fd1        0x3 
 .rodata.str1.4
                0x08003fd4        0xd Src/i2c.o
 *fill*         0x08003fe1        0x3 
 .rodata.str1.4
                0x08003fe4       0x1d Src/main.o
 *fill*         0x08004001        0x3 
 .rodata.str1.4
                0x08004004        0xd Src/rtc.o
 *fill*         0x08004011        0x3 
 .rodata.str1.4
                0x08004014        0xd Src/spi.o
 *fill*         0x08004021        0x3 
 .rodata.str1.4
                0x08004024        0xd Src/tim.o
 *fill*         0x08004031        0x3 
 .rodata.str1.4
                0x08004034       0x10 Src/usart.o
                                  0xf (size before relaxing)
                0x08004044                . = ALIGN (0x4)

.rel.dyn        0x08004044        0x0
 .rel.iplt      0x08004044        0x0 c:/ac6/systemworkbench/plugins/fr.ac6.mcu.externaltools.arm-none.win32_1.13.3.201707031232/tools/compiler/bin/../lib/gcc/arm-none-eabi/5.4.1/armv7-m/crtbegin.o

.ARM.extab
 *(.ARM.extab* .gnu.linkonce.armextab.*)

.ARM            0x08004044        0x0
                0x08004044                __exidx_start = .
 *(.ARM.exidx*)
                0x08004044                __exidx_end = .

.preinit_array  0x08004044        0x0
                0x08004044                PROVIDE (__preinit_array_start, .)
 *(.preinit_array*)
                0x08004044                PROVIDE (__preinit_array_end, .)

.init_array     0x08004044        0x4
                0x08004044                PROVIDE (__init_array_start, .)
 *(SORT(.init_array.*))
 *(.init_array*)
 .init_array    0x08004044        0x4 c:/ac6/systemworkbench/plugins/fr.ac6.mcu.externaltools.arm-none.win32_1.13.3.201707031232/tools/compiler/bin/../lib/gcc/arm-none-eabi/5.4.1/armv7-m/crtbegin.o
                0x08004048                PROVIDE (__init_array_end, .)

.fini_array     0x08004048        0x4
                [!provide]                PROVIDE (__fini_array_start, .)
 *(SORT(.fini_array.*))
 *(.fini_array*)
 .fini_array    0x08004048        0x4 c:/ac6/systemworkbench/plugins/fr.ac6.mcu.externaltools.arm-none.win32_1.13.3.201707031232/tools/compiler/bin/../lib/gcc/arm-none-eabi/5.4.1/armv7-m/crtbegin.o
                [!provide]                PROVIDE (__fini_array_end, .)
                0x0800404c                _sidata = LOADADDR (.data)

.data           0x20000000        0x4 load address 0x0800404c
                0x20000000                . = ALIGN (0x4)
                0x20000000                _sdata = .
 *(.data)
 .data          0x20000000        0x4 Src/system_stm32f1xx.o
                0x20000000                SystemCoreClock
 *(.data*)
                0x20000004                . = ALIGN (0x4)
                0x20000004                _edata = .

.jcr            0x20000004        0x0 load address 0x08004050
 .jcr           0x20000004        0x0 c:/ac6/systemworkbench/plugins/fr.ac6.mcu.externaltools.arm-none.win32_1.13.3.201707031232/tools/compiler/bin/../lib/gcc/arm-none-eabi/5.4.1/armv7-m/crtbegin.o

.igot.plt       0x20000004        0x0 load address 0x08004050
 .igot.plt      0x20000004        0x0 c:/ac6/systemworkbench/plugins/fr.ac6.mcu.externaltools.arm-none.win32_1.13.3.201707031232/tools/compiler/bin/../lib/gcc/arm-none-eabi/5.4.1/armv7-m/crtbegin.o
                0x20000004                . = ALIGN (0x4)

.bss            0x20000004      0x428 load address 0x08004050
                0x20000004                _sbss = .
                0x20000004                __bss_start__ = _sbss
 *(.bss)
 .bss           0x20000004       0x1c c:/ac6/systemworkbench/plugins/fr.ac6.mcu.externaltools.arm-none.win32_1.13.3.201707031232/tools/compiler/bin/../lib/gcc/arm-none-eabi/5.4.1/armv7-m/crtbegin.o
 .bss           0x20000020        0x4 Drivers/freemodbus/port/porttimer.o
                0x20000022                downcounter
 .bss           0x20000024       0x20 Src/mbtask.o
                0x20000034                timcnt
                0x20000038                data
 *(.bss*)
 *(COMMON)
 COMMON         0x20000044        0x4 Drivers/STM32F1xx_HAL_Driver/Src/stm32f1xx_hal.o
                0x20000044                uwTick
 COMMON         0x20000048       0x14 Drivers/freemodbus/modbus/mb.o
                0x20000048                pxMBFrameCBTransmitterEmpty
                0x2000004c                pxMBPortCBTimerExpired
                0x20000050                pxMBFrameCBByteReceived
                0x20000054                pxMBFrameCBTransmitFSMCur
                0x20000058                pxMBFrameCBReceiveFSMCur
 COMMON         0x2000005c       0x30 Src/adc.o
                0x2000005c                hadc1
 COMMON         0x2000008c        0x8 Src/am2302.o
                0x2000008c                am2302Data
                0x20000090                timeOutFlag
 COMMON         0x20000094       0x54 Src/i2c.o
                0x20000094                hi2c1
 COMMON         0x200000e8      0x211 Src/lcd.o
                0x200000e8                lcd_gpio
                0x20000100                lcd
 *fill*         0x200002f9        0x3 
 COMMON         0x200002fc        0x4 Src/main.o
                0x200002fc                multiplier
 COMMON         0x20000300       0x14 Src/rtc.o
                0x20000300                hrtc
 COMMON         0x20000314       0x58 Src/spi.o
                0x20000314                hspi1
 COMMON         0x2000036c       0x80 Src/tim.o
                0x2000036c                htim4
                0x200003ac                htim3
 COMMON         0x200003ec       0x40 Src/usart.o
                0x200003ec                huart1
                0x2000042c                . = ALIGN (0x4)
                0x2000042c                _ebss = .
                0x2000042c                __bss_end__ = _ebss

._user_heap_stack
                0x2000042c      0x604 load address 0x08004050
                0x20000430                . = ALIGN (0x8)
 *fill*         0x2000042c        0x4 
                0x20000430                PROVIDE (end, .)
                [!provide]                PROVIDE (_end, .)
                0x20000630                . = (. + _Min_Heap_Size)
 *fill*         0x20000430      0x200 
                0x20000a30                . = (. + _Min_Stack_Size)
 *fill*         0x20000630      0x400 
                0x20000a30                . = ALIGN (0x8)

/DISCARD/
 libc.a(*)
 libm.a(*)
 libgcc.a(*)

.ARM.attributes
                0x00000000       0x29
 *(.ARM.attributes)
 .ARM.attributes
                0x00000000       0x1d c:/ac6/systemworkbench/plugins/fr.ac6.mcu.externaltools.arm-none.win32_1.13.3.201707031232/tools/compiler/bin/../lib/gcc/arm-none-eabi/5.4.1/armv7-m/crti.o
 .ARM.attributes
                0x0000001d       0x2d c:/ac6/systemworkbench/plugins/fr.ac6.mcu.externaltools.arm-none.win32_1.13.3.201707031232/tools/compiler/bin/../lib/gcc/arm-none-eabi/5.4.1/armv7-m/crtbegin.o
 .ARM.attributes
                0x0000004a       0x33 Drivers/STM32F1xx_HAL_Driver/Src/stm32f1xx_hal.o
 .ARM.attributes
                0x0000007d       0x33 Drivers/STM32F1xx_HAL_Driver/Src/stm32f1xx_hal_adc.o
 .ARM.attributes
                0x000000b0       0x33 Drivers/STM32F1xx_HAL_Driver/Src/stm32f1xx_hal_cortex.o
 .ARM.attributes
                0x000000e3       0x33 Drivers/STM32F1xx_HAL_Driver/Src/stm32f1xx_hal_dma.o
 .ARM.attributes
                0x00000116       0x33 Drivers/STM32F1xx_HAL_Driver/Src/stm32f1xx_hal_gpio.o
 .ARM.attributes
                0x00000149       0x33 Drivers/STM32F1xx_HAL_Driver/Src/stm32f1xx_hal_i2c.o
 .ARM.attributes
                0x0000017c       0x33 Drivers/STM32F1xx_HAL_Driver/Src/stm32f1xx_hal_pwr.o
 .ARM.attributes
                0x000001af       0x33 Drivers/STM32F1xx_HAL_Driver/Src/stm32f1xx_hal_rcc.o
 .ARM.attributes
                0x000001e2       0x33 Drivers/STM32F1xx_HAL_Driver/Src/stm32f1xx_hal_rcc_ex.o
 .ARM.attributes
                0x00000215       0x33 Drivers/STM32F1xx_HAL_Driver/Src/stm32f1xx_hal_rtc.o
 .ARM.attributes
                0x00000248       0x33 Drivers/STM32F1xx_HAL_Driver/Src/stm32f1xx_hal_rtc_ex.o
 .ARM.attributes
                0x0000027b       0x33 Drivers/STM32F1xx_HAL_Driver/Src/stm32f1xx_hal_spi.o
 .ARM.attributes
                0x000002ae       0x33 Drivers/STM32F1xx_HAL_Driver/Src/stm32f1xx_hal_spi_ex.o
 .ARM.attributes
                0x000002e1       0x33 Drivers/STM32F1xx_HAL_Driver/Src/stm32f1xx_hal_tim.o
 .ARM.attributes
                0x00000314       0x33 Drivers/STM32F1xx_HAL_Driver/Src/stm32f1xx_hal_tim_ex.o
 .ARM.attributes
                0x00000347       0x33 Drivers/STM32F1xx_HAL_Driver/Src/stm32f1xx_hal_uart.o
 .ARM.attributes
                0x0000037a       0x33 Drivers/freemodbus/modbus/mb.o
 .ARM.attributes
                0x000003ad       0x33 Drivers/freemodbus/port/porttimer.o
 .ARM.attributes
                0x000003e0       0x33 Src/adc.o
 .ARM.attributes
                0x00000413       0x33 Src/am2302.o
 .ARM.attributes
                0x00000446       0x33 Src/gpio.o
 .ARM.attributes
                0x00000479       0x33 Src/i2c.o
 .ARM.attributes
                0x000004ac       0x33 Src/lcd.o
 .ARM.attributes
                0x000004df       0x33 Src/main.o
 .ARM.attributes
                0x00000512       0x33 Src/mbtask.o
 .ARM.attributes
                0x00000545       0x33 Src/rtc.o
 .ARM.attributes
                0x00000578       0x33 Src/spi.o
 .ARM.attributes
                0x000005ab       0x33 Src/stm32f1xx_hal_msp.o
 .ARM.attributes
                0x000005de       0x33 Src/stm32f1xx_it.o
 .ARM.attributes
                0x00000611       0x33 Src/system_stm32f1xx.o
 .ARM.attributes
                0x00000644       0x33 Src/tim.o
 .ARM.attributes
                0x00000677       0x33 Src/usart.o
 .ARM.attributes
                0x000006aa       0x21 startup/startup_stm32f103xb.o
 .ARM.attributes
                0x000006cb       0x2d c:/ac6/systemworkbench/plugins/fr.ac6.mcu.externaltools.arm-none.win32_1.13.3.201707031232/tools/compiler/bin/../lib/gcc/arm-none-eabi/5.4.1/../../../../arm-none-eabi/lib/armv7-m\libc_nano.a(lib_a-init.o)
 .ARM.attributes
                0x000006f8       0x1d c:/ac6/systemworkbench/plugins/fr.ac6.mcu.externaltools.arm-none.win32_1.13.3.201707031232/tools/compiler/bin/../lib/gcc/arm-none-eabi/5.4.1/armv7-m/crtn.o
OUTPUT(BH1750FVI.elf elf32-littlearm)

.debug_info     0x00000000    0x1baa0
 .debug_info    0x00000000      0x670 Drivers/STM32F1xx_HAL_Driver/Src/stm32f1xx_hal.o
 .debug_info    0x00000670     0x117f Drivers/STM32F1xx_HAL_Driver/Src/stm32f1xx_hal_adc.o
 .debug_info    0x000017ef      0xd81 Drivers/STM32F1xx_HAL_Driver/Src/stm32f1xx_hal_cortex.o
 .debug_info    0x00002570      0x917 Drivers/STM32F1xx_HAL_Driver/Src/stm32f1xx_hal_dma.o
 .debug_info    0x00002e87      0x81e Drivers/STM32F1xx_HAL_Driver/Src/stm32f1xx_hal_gpio.o
 .debug_info    0x000036a5     0x31a4 Drivers/STM32F1xx_HAL_Driver/Src/stm32f1xx_hal_i2c.o
 .debug_info    0x00006849      0x7d9 Drivers/STM32F1xx_HAL_Driver/Src/stm32f1xx_hal_pwr.o
 .debug_info    0x00007022      0xc45 Drivers/STM32F1xx_HAL_Driver/Src/stm32f1xx_hal_rcc.o
 .debug_info    0x00007c67      0x4b9 Drivers/STM32F1xx_HAL_Driver/Src/stm32f1xx_hal_rcc_ex.o
 .debug_info    0x00008120     0x1644 Drivers/STM32F1xx_HAL_Driver/Src/stm32f1xx_hal_rtc.o
 .debug_info    0x00009764      0x811 Drivers/STM32F1xx_HAL_Driver/Src/stm32f1xx_hal_rtc_ex.o
 .debug_info    0x00009f75     0x1b19 Drivers/STM32F1xx_HAL_Driver/Src/stm32f1xx_hal_spi.o
 .debug_info    0x0000ba8e      0x6d7 Drivers/STM32F1xx_HAL_Driver/Src/stm32f1xx_hal_spi_ex.o
 .debug_info    0x0000c165     0x4479 Drivers/STM32F1xx_HAL_Driver/Src/stm32f1xx_hal_tim.o
 .debug_info    0x000105de     0x1828 Drivers/STM32F1xx_HAL_Driver/Src/stm32f1xx_hal_tim_ex.o
 .debug_info    0x00011e06     0x188b Drivers/STM32F1xx_HAL_Driver/Src/stm32f1xx_hal_uart.o
 .debug_info    0x00013691      0x71f Drivers/freemodbus/modbus/mb.o
 .debug_info    0x00013db0      0x7a8 Drivers/freemodbus/port/porttimer.o
 .debug_info    0x00014558      0x7f7 Src/adc.o
 .debug_info    0x00014d4f      0xa37 Src/am2302.o
 .debug_info    0x00015786      0x392 Src/gpio.o
 .debug_info    0x00015b18      0x849 Src/i2c.o
 .debug_info    0x00016361      0xfca Src/lcd.o
 .debug_info    0x0001732b      0x96d Src/main.o
 .debug_info    0x00017c98      0x65e Src/mbtask.o
 .debug_info    0x000182f6      0x743 Src/rtc.o
 .debug_info    0x00018a39      0x7ec Src/spi.o
 .debug_info    0x00019225      0x43a Src/stm32f1xx_hal_msp.o
 .debug_info    0x0001965f      0xb3e Src/stm32f1xx_it.o
 .debug_info    0x0001a19d      0x3eb Src/system_stm32f1xx.o
 .debug_info    0x0001a588      0xb01 Src/tim.o
 .debug_info    0x0001b089      0x9b0 Src/usart.o
 .debug_info    0x0001ba39       0x67 startup/startup_stm32f103xb.o

.debug_abbrev   0x00000000     0x3dca
 .debug_abbrev  0x00000000      0x1e8 Drivers/STM32F1xx_HAL_Driver/Src/stm32f1xx_hal.o
 .debug_abbrev  0x000001e8      0x1e2 Drivers/STM32F1xx_HAL_Driver/Src/stm32f1xx_hal_adc.o
 .debug_abbrev  0x000003ca      0x2ff Drivers/STM32F1xx_HAL_Driver/Src/stm32f1xx_hal_cortex.o
 .debug_abbrev  0x000006c9      0x20e Drivers/STM32F1xx_HAL_Driver/Src/stm32f1xx_hal_dma.o
 .debug_abbrev  0x000008d7      0x204 Drivers/STM32F1xx_HAL_Driver/Src/stm32f1xx_hal_gpio.o
 .debug_abbrev  0x00000adb      0x244 Drivers/STM32F1xx_HAL_Driver/Src/stm32f1xx_hal_i2c.o
 .debug_abbrev  0x00000d1f      0x20d Drivers/STM32F1xx_HAL_Driver/Src/stm32f1xx_hal_pwr.o
 .debug_abbrev  0x00000f2c      0x251 Drivers/STM32F1xx_HAL_Driver/Src/stm32f1xx_hal_rcc.o
 .debug_abbrev  0x0000117d      0x1dc Drivers/STM32F1xx_HAL_Driver/Src/stm32f1xx_hal_rcc_ex.o
 .debug_abbrev  0x00001359      0x20c Drivers/STM32F1xx_HAL_Driver/Src/stm32f1xx_hal_rtc.o
 .debug_abbrev  0x00001565      0x1d6 Drivers/STM32F1xx_HAL_Driver/Src/stm32f1xx_hal_rtc_ex.o
 .debug_abbrev  0x0000173b      0x22c Drivers/STM32F1xx_HAL_Driver/Src/stm32f1xx_hal_spi.o
 .debug_abbrev  0x00001967      0x15c Drivers/STM32F1xx_HAL_Driver/Src/stm32f1xx_hal_spi_ex.o
 .debug_abbrev  0x00001ac3      0x22a Drivers/STM32F1xx_HAL_Driver/Src/stm32f1xx_hal_tim.o
 .debug_abbrev  0x00001ced      0x21b Drivers/STM32F1xx_HAL_Driver/Src/stm32f1xx_hal_tim_ex.o
 .debug_abbrev  0x00001f08      0x233 Drivers/STM32F1xx_HAL_Driver/Src/stm32f1xx_hal_uart.o
 .debug_abbrev  0x0000213b      0x22d Drivers/freemodbus/modbus/mb.o
 .debug_abbrev  0x00002368      0x1de Drivers/freemodbus/port/porttimer.o
 .debug_abbrev  0x00002546      0x196 Src/adc.o
 .debug_abbrev  0x000026dc      0x23e Src/am2302.o
 .debug_abbrev  0x0000291a      0x136 Src/gpio.o
 .debug_abbrev  0x00002a50      0x196 Src/i2c.o
 .debug_abbrev  0x00002be6      0x2f1 Src/lcd.o
 .debug_abbrev  0x00002ed7      0x1ec Src/main.o
 .debug_abbrev  0x000030c3      0x240 Src/mbtask.o
 .debug_abbrev  0x00003303      0x175 Src/rtc.o
 .debug_abbrev  0x00003478      0x196 Src/spi.o
 .debug_abbrev  0x0000360e      0x126 Src/stm32f1xx_hal_msp.o
 .debug_abbrev  0x00003734      0x1f7 Src/stm32f1xx_it.o
 .debug_abbrev  0x0000392b      0x125 Src/system_stm32f1xx.o
 .debug_abbrev  0x00003a50      0x1b1 Src/tim.o
 .debug_abbrev  0x00003c01      0x1b7 Src/usart.o
 .debug_abbrev  0x00003db8       0x12 startup/startup_stm32f103xb.o

.debug_loc      0x00000000     0xd3fd
 .debug_loc     0x00000000       0x69 Drivers/STM32F1xx_HAL_Driver/Src/stm32f1xx_hal.o
 .debug_loc     0x00000069      0x8f3 Drivers/STM32F1xx_HAL_Driver/Src/stm32f1xx_hal_adc.o
 .debug_loc     0x0000095c      0x554 Drivers/STM32F1xx_HAL_Driver/Src/stm32f1xx_hal_cortex.o
 .debug_loc     0x00000eb0      0x610 Drivers/STM32F1xx_HAL_Driver/Src/stm32f1xx_hal_dma.o
 .debug_loc     0x000014c0      0x451 Drivers/STM32F1xx_HAL_Driver/Src/stm32f1xx_hal_gpio.o
 .debug_loc     0x00001911     0x2ace Drivers/STM32F1xx_HAL_Driver/Src/stm32f1xx_hal_i2c.o
 .debug_loc     0x000043df      0x139 Drivers/STM32F1xx_HAL_Driver/Src/stm32f1xx_hal_pwr.o
 .debug_loc     0x00004518      0x4b9 Drivers/STM32F1xx_HAL_Driver/Src/stm32f1xx_hal_rcc.o
 .debug_loc     0x000049d1      0x2d4 Drivers/STM32F1xx_HAL_Driver/Src/stm32f1xx_hal_rcc_ex.o
 .debug_loc     0x00004ca5     0x128f Drivers/STM32F1xx_HAL_Driver/Src/stm32f1xx_hal_rtc.o
 .debug_loc     0x00005f34      0x5b7 Drivers/STM32F1xx_HAL_Driver/Src/stm32f1xx_hal_rtc_ex.o
 .debug_loc     0x000064eb     0x1532 Drivers/STM32F1xx_HAL_Driver/Src/stm32f1xx_hal_spi.o
 .debug_loc     0x00007a1d       0x37 Drivers/STM32F1xx_HAL_Driver/Src/stm32f1xx_hal_spi_ex.o
 .debug_loc     0x00007a54     0x273d Drivers/STM32F1xx_HAL_Driver/Src/stm32f1xx_hal_tim.o
 .debug_loc     0x0000a191      0xd71 Drivers/STM32F1xx_HAL_Driver/Src/stm32f1xx_hal_tim_ex.o
 .debug_loc     0x0000af02     0x12d8 Drivers/STM32F1xx_HAL_Driver/Src/stm32f1xx_hal_uart.o
 .debug_loc     0x0000c1da      0x360 Drivers/freemodbus/modbus/mb.o
 .debug_loc     0x0000c53a       0x21 Drivers/freemodbus/port/porttimer.o
 .debug_loc     0x0000c55b       0x4d Src/adc.o
 .debug_loc     0x0000c5a8      0x264 Src/am2302.o
 .debug_loc     0x0000c80c       0x4d Src/i2c.o
 .debug_loc     0x0000c859      0x721 Src/lcd.o
 .debug_loc     0x0000cf7a       0x60 Src/main.o
 .debug_loc     0x0000cfda      0x17f Src/mbtask.o
 .debug_loc     0x0000d159       0x4d Src/rtc.o
 .debug_loc     0x0000d1a6       0x4d Src/spi.o
 .debug_loc     0x0000d1f3       0x6a Src/stm32f1xx_it.o
 .debug_loc     0x0000d25d       0xdf Src/system_stm32f1xx.o
 .debug_loc     0x0000d33c       0x74 Src/tim.o
 .debug_loc     0x0000d3b0       0x4d Src/usart.o

.debug_aranges  0x00000000     0x1508
 .debug_aranges
                0x00000000       0xb8 Drivers/STM32F1xx_HAL_Driver/Src/stm32f1xx_hal.o
 .debug_aranges
                0x000000b8       0xf0 Drivers/STM32F1xx_HAL_Driver/Src/stm32f1xx_hal_adc.o
 .debug_aranges
                0x000001a8       0x90 Drivers/STM32F1xx_HAL_Driver/Src/stm32f1xx_hal_cortex.o
 .debug_aranges
                0x00000238       0x80 Drivers/STM32F1xx_HAL_Driver/Src/stm32f1xx_hal_dma.o
 .debug_aranges
                0x000002b8       0x58 Drivers/STM32F1xx_HAL_Driver/Src/stm32f1xx_hal_gpio.o
 .debug_aranges
                0x00000310      0x268 Drivers/STM32F1xx_HAL_Driver/Src/stm32f1xx_hal_i2c.o
 .debug_aranges
                0x00000578       0xa8 Drivers/STM32F1xx_HAL_Driver/Src/stm32f1xx_hal_pwr.o
 .debug_aranges
                0x00000620       0x90 Drivers/STM32F1xx_HAL_Driver/Src/stm32f1xx_hal_rcc.o
 .debug_aranges
                0x000006b0       0x30 Drivers/STM32F1xx_HAL_Driver/Src/stm32f1xx_hal_rcc_ex.o
 .debug_aranges
                0x000006e0       0xf8 Drivers/STM32F1xx_HAL_Driver/Src/stm32f1xx_hal_rtc.o
 .debug_aranges
                0x000007d8       0x88 Drivers/STM32F1xx_HAL_Driver/Src/stm32f1xx_hal_rtc_ex.o
 .debug_aranges
                0x00000860      0x1d0 Drivers/STM32F1xx_HAL_Driver/Src/stm32f1xx_hal_spi.o
 .debug_aranges
                0x00000a30       0x20 Drivers/STM32F1xx_HAL_Driver/Src/stm32f1xx_hal_spi_ex.o
 .debug_aranges
                0x00000a50      0x368 Drivers/STM32F1xx_HAL_Driver/Src/stm32f1xx_hal_tim.o
 .debug_aranges
                0x00000db8      0x138 Drivers/STM32F1xx_HAL_Driver/Src/stm32f1xx_hal_tim_ex.o
 .debug_aranges
                0x00000ef0      0x1d0 Drivers/STM32F1xx_HAL_Driver/Src/stm32f1xx_hal_uart.o
 .debug_aranges
                0x000010c0       0x48 Drivers/freemodbus/modbus/mb.o
 .debug_aranges
                0x00001108       0x30 Drivers/freemodbus/port/porttimer.o
 .debug_aranges
                0x00001138       0x30 Src/adc.o
 .debug_aranges
                0x00001168       0x50 Src/am2302.o
 .debug_aranges
                0x000011b8       0x20 Src/gpio.o
 .debug_aranges
                0x000011d8       0x38 Src/i2c.o
 .debug_aranges
                0x00001210       0xa8 Src/lcd.o
 .debug_aranges
                0x000012b8       0x40 Src/main.o
 .debug_aranges
                0x000012f8       0x48 Src/mbtask.o
 .debug_aranges
                0x00001340       0x30 Src/rtc.o
 .debug_aranges
                0x00001370       0x30 Src/spi.o
 .debug_aranges
                0x000013a0       0x20 Src/stm32f1xx_hal_msp.o
 .debug_aranges
                0x000013c0       0x80 Src/stm32f1xx_it.o
 .debug_aranges
                0x00001440       0x28 Src/system_stm32f1xx.o
 .debug_aranges
                0x00001468       0x40 Src/tim.o
 .debug_aranges
                0x000014a8       0x38 Src/usart.o
 .debug_aranges
                0x000014e0       0x28 startup/startup_stm32f103xb.o

.debug_ranges   0x00000000     0x13a8
 .debug_ranges  0x00000000       0xa8 Drivers/STM32F1xx_HAL_Driver/Src/stm32f1xx_hal.o
 .debug_ranges  0x000000a8       0xe0 Drivers/STM32F1xx_HAL_Driver/Src/stm32f1xx_hal_adc.o
 .debug_ranges  0x00000188       0x80 Drivers/STM32F1xx_HAL_Driver/Src/stm32f1xx_hal_cortex.o
 .debug_ranges  0x00000208       0x70 Drivers/STM32F1xx_HAL_Driver/Src/stm32f1xx_hal_dma.o
 .debug_ranges  0x00000278       0x48 Drivers/STM32F1xx_HAL_Driver/Src/stm32f1xx_hal_gpio.o
 .debug_ranges  0x000002c0      0x258 Drivers/STM32F1xx_HAL_Driver/Src/stm32f1xx_hal_i2c.o
 .debug_ranges  0x00000518       0x98 Drivers/STM32F1xx_HAL_Driver/Src/stm32f1xx_hal_pwr.o
 .debug_ranges  0x000005b0       0x98 Drivers/STM32F1xx_HAL_Driver/Src/stm32f1xx_hal_rcc.o
 .debug_ranges  0x00000648       0x38 Drivers/STM32F1xx_HAL_Driver/Src/stm32f1xx_hal_rcc_ex.o
 .debug_ranges  0x00000680       0xe8 Drivers/STM32F1xx_HAL_Driver/Src/stm32f1xx_hal_rtc.o
 .debug_ranges  0x00000768       0x78 Drivers/STM32F1xx_HAL_Driver/Src/stm32f1xx_hal_rtc_ex.o
 .debug_ranges  0x000007e0      0x1c0 Drivers/STM32F1xx_HAL_Driver/Src/stm32f1xx_hal_spi.o
 .debug_ranges  0x000009a0       0x10 Drivers/STM32F1xx_HAL_Driver/Src/stm32f1xx_hal_spi_ex.o
 .debug_ranges  0x000009b0      0x358 Drivers/STM32F1xx_HAL_Driver/Src/stm32f1xx_hal_tim.o
 .debug_ranges  0x00000d08      0x128 Drivers/STM32F1xx_HAL_Driver/Src/stm32f1xx_hal_tim_ex.o
 .debug_ranges  0x00000e30      0x1c0 Drivers/STM32F1xx_HAL_Driver/Src/stm32f1xx_hal_uart.o
 .debug_ranges  0x00000ff0       0x38 Drivers/freemodbus/modbus/mb.o
 .debug_ranges  0x00001028       0x20 Drivers/freemodbus/port/porttimer.o
 .debug_ranges  0x00001048       0x20 Src/adc.o
 .debug_ranges  0x00001068       0x70 Src/am2302.o
 .debug_ranges  0x000010d8       0x10 Src/gpio.o
 .debug_ranges  0x000010e8       0x28 Src/i2c.o
 .debug_ranges  0x00001110       0xe0 Src/lcd.o
 .debug_ranges  0x000011f0       0x30 Src/main.o
 .debug_ranges  0x00001220       0x38 Src/mbtask.o
 .debug_ranges  0x00001258       0x20 Src/rtc.o
 .debug_ranges  0x00001278       0x20 Src/spi.o
 .debug_ranges  0x00001298       0x10 Src/stm32f1xx_hal_msp.o
 .debug_ranges  0x000012a8       0x70 Src/stm32f1xx_it.o
 .debug_ranges  0x00001318       0x18 Src/system_stm32f1xx.o
 .debug_ranges  0x00001330       0x30 Src/tim.o
 .debug_ranges  0x00001360       0x28 Src/usart.o
 .debug_ranges  0x00001388       0x20 startup/startup_stm32f103xb.o

.debug_macro    0x00000000    0x1a4b8
 .debug_macro   0x00000000      0x33b Drivers/STM32F1xx_HAL_Driver/Src/stm32f1xx_hal.o
 .debug_macro   0x0000033b      0x880 Drivers/STM32F1xx_HAL_Driver/Src/stm32f1xx_hal.o
 .debug_macro   0x00000bbb       0x40 Drivers/STM32F1xx_HAL_Driver/Src/stm32f1xx_hal.o
 .debug_macro   0x00000bfb      0x188 Drivers/STM32F1xx_HAL_Driver/Src/stm32f1xx_hal.o
 .debug_macro   0x00000d83       0x2e Drivers/STM32F1xx_HAL_Driver/Src/stm32f1xx_hal.o
 .debug_macro   0x00000db1       0x22 Drivers/STM32F1xx_HAL_Driver/Src/stm32f1xx_hal.o
 .debug_macro   0x00000dd3       0x22 Drivers/STM32F1xx_HAL_Driver/Src/stm32f1xx_hal.o
 .debug_macro   0x00000df5       0x87 Drivers/STM32F1xx_HAL_Driver/Src/stm32f1xx_hal.o
 .debug_macro   0x00000e7c       0x44 Drivers/STM32F1xx_HAL_Driver/Src/stm32f1xx_hal.o
 .debug_macro   0x00000ec0       0xfd Drivers/STM32F1xx_HAL_Driver/Src/stm32f1xx_hal.o
 .debug_macro   0x00000fbd       0x5e Drivers/STM32F1xx_HAL_Driver/Src/stm32f1xx_hal.o
 .debug_macro   0x0000101b      0x1df Drivers/STM32F1xx_HAL_Driver/Src/stm32f1xx_hal.o
 .debug_macro   0x000011fa       0x34 Drivers/STM32F1xx_HAL_Driver/Src/stm32f1xx_hal.o
 .debug_macro   0x0000122e       0x34 Drivers/STM32F1xx_HAL_Driver/Src/stm32f1xx_hal.o
 .debug_macro   0x00001262      0xb8e Drivers/STM32F1xx_HAL_Driver/Src/stm32f1xx_hal.o
 .debug_macro   0x00001df0     0xe90a Drivers/STM32F1xx_HAL_Driver/Src/stm32f1xx_hal.o
 .debug_macro   0x000106fa       0x43 Drivers/STM32F1xx_HAL_Driver/Src/stm32f1xx_hal.o
 .debug_macro   0x0001073d       0x52 Drivers/STM32F1xx_HAL_Driver/Src/stm32f1xx_hal.o
 .debug_macro   0x0001078f       0x35 Drivers/STM32F1xx_HAL_Driver/Src/stm32f1xx_hal.o
 .debug_macro   0x000107c4       0x9c Drivers/STM32F1xx_HAL_Driver/Src/stm32f1xx_hal.o
 .debug_macro   0x00010860       0x16 Drivers/STM32F1xx_HAL_Driver/Src/stm32f1xx_hal.o
 .debug_macro   0x00010876       0x97 Drivers/STM32F1xx_HAL_Driver/Src/stm32f1xx_hal.o
 .debug_macro   0x0001090d      0x30d Drivers/STM32F1xx_HAL_Driver/Src/stm32f1xx_hal.o
 .debug_macro   0x00010c1a       0xfd Drivers/STM32F1xx_HAL_Driver/Src/stm32f1xx_hal.o
 .debug_macro   0x00010d17       0x10 Drivers/STM32F1xx_HAL_Driver/Src/stm32f1xx_hal.o
 .debug_macro   0x00010d27       0x52 Drivers/STM32F1xx_HAL_Driver/Src/stm32f1xx_hal.o
 .debug_macro   0x00010d79       0x1f Drivers/STM32F1xx_HAL_Driver/Src/stm32f1xx_hal.o
 .debug_macro   0x00010d98       0x43 Drivers/STM32F1xx_HAL_Driver/Src/stm32f1xx_hal.o
 .debug_macro   0x00010ddb       0x20 Drivers/STM32F1xx_HAL_Driver/Src/stm32f1xx_hal.o
 .debug_macro   0x00010dfb      0x187 Drivers/STM32F1xx_HAL_Driver/Src/stm32f1xx_hal.o
 .debug_macro   0x00010f82       0x10 Drivers/STM32F1xx_HAL_Driver/Src/stm32f1xx_hal.o
 .debug_macro   0x00010f92       0x1c Drivers/STM32F1xx_HAL_Driver/Src/stm32f1xx_hal.o
 .debug_macro   0x00010fae       0x52 Drivers/STM32F1xx_HAL_Driver/Src/stm32f1xx_hal.o
 .debug_macro   0x00011000       0x40 Drivers/STM32F1xx_HAL_Driver/Src/stm32f1xx_hal.o
 .debug_macro   0x00011040       0x10 Drivers/STM32F1xx_HAL_Driver/Src/stm32f1xx_hal.o
 .debug_macro   0x00011050       0x40 Drivers/STM32F1xx_HAL_Driver/Src/stm32f1xx_hal.o
 .debug_macro   0x00011090       0xd7 Drivers/STM32F1xx_HAL_Driver/Src/stm32f1xx_hal.o
 .debug_macro   0x00011167       0x16 Drivers/STM32F1xx_HAL_Driver/Src/stm32f1xx_hal.o
 .debug_macro   0x0001117d      0x18b Drivers/STM32F1xx_HAL_Driver/Src/stm32f1xx_hal.o
 .debug_macro   0x00011308       0x50 Drivers/STM32F1xx_HAL_Driver/Src/stm32f1xx_hal.o
 .debug_macro   0x00011358      0x5c2 Drivers/STM32F1xx_HAL_Driver/Src/stm32f1xx_hal.o
 .debug_macro   0x0001191a      0x28b Drivers/STM32F1xx_HAL_Driver/Src/stm32f1xx_hal.o
 .debug_macro   0x00011ba5      0x1cb Drivers/STM32F1xx_HAL_Driver/Src/stm32f1xx_hal.o
 .debug_macro   0x00011d70      0x11e Drivers/STM32F1xx_HAL_Driver/Src/stm32f1xx_hal.o
 .debug_macro   0x00011e8e      0x197 Drivers/STM32F1xx_HAL_Driver/Src/stm32f1xx_hal.o
 .debug_macro   0x00012025       0x27 Drivers/STM32F1xx_HAL_Driver/Src/stm32f1xx_hal.o
 .debug_macro   0x0001204c      0x1bc Drivers/STM32F1xx_HAL_Driver/Src/stm32f1xx_hal.o
 .debug_macro   0x00012208       0x34 Drivers/STM32F1xx_HAL_Driver/Src/stm32f1xx_hal.o
 .debug_macro   0x0001223c       0x3c Drivers/STM32F1xx_HAL_Driver/Src/stm32f1xx_hal.o
 .debug_macro   0x00012278       0x57 Drivers/STM32F1xx_HAL_Driver/Src/stm32f1xx_hal.o
 .debug_macro   0x000122cf      0x46a Drivers/STM32F1xx_HAL_Driver/Src/stm32f1xx_hal.o
 .debug_macro   0x00012739      0x1b5 Drivers/STM32F1xx_HAL_Driver/Src/stm32f1xx_hal.o
 .debug_macro   0x000128ee       0x8c Drivers/STM32F1xx_HAL_Driver/Src/stm32f1xx_hal.o
 .debug_macro   0x0001297a      0x242 Drivers/STM32F1xx_HAL_Driver/Src/stm32f1xx_hal.o
 .debug_macro   0x00012bbc      0x248 Drivers/STM32F1xx_HAL_Driver/Src/stm32f1xx_hal.o
 .debug_macro   0x00012e04      0x143 Drivers/STM32F1xx_HAL_Driver/Src/stm32f1xx_hal.o
 .debug_macro   0x00012f47      0x1ef Drivers/STM32F1xx_HAL_Driver/Src/stm32f1xx_hal.o
 .debug_macro   0x00013136       0xf2 Drivers/STM32F1xx_HAL_Driver/Src/stm32f1xx_hal.o
 .debug_macro   0x00013228      0x1f4 Drivers/STM32F1xx_HAL_Driver/Src/stm32f1xx_hal.o
 .debug_macro   0x0001341c      0x84c Drivers/STM32F1xx_HAL_Driver/Src/stm32f1xx_hal.o
 .debug_macro   0x00013c68       0x1f Drivers/STM32F1xx_HAL_Driver/Src/stm32f1xx_hal.o
 .debug_macro   0x00013c87      0x26b Drivers/STM32F1xx_HAL_Driver/Src/stm32f1xx_hal.o
 .debug_macro   0x00013ef2       0x7c Drivers/STM32F1xx_HAL_Driver/Src/stm32f1xx_hal.o
 .debug_macro   0x00013f6e      0x334 Drivers/STM32F1xx_HAL_Driver/Src/stm32f1xx_hal_adc.o
 .debug_macro   0x000142a2      0x317 Drivers/STM32F1xx_HAL_Driver/Src/stm32f1xx_hal_cortex.o
 .debug_macro   0x000145b9      0x317 Drivers/STM32F1xx_HAL_Driver/Src/stm32f1xx_hal_dma.o
 .debug_macro   0x000148d0      0x387 Drivers/STM32F1xx_HAL_Driver/Src/stm32f1xx_hal_gpio.o
 .debug_macro   0x00014c57      0x357 Drivers/STM32F1xx_HAL_Driver/Src/stm32f1xx_hal_i2c.o
 .debug_macro   0x00014fae      0x377 Drivers/STM32F1xx_HAL_Driver/Src/stm32f1xx_hal_pwr.o
 .debug_macro   0x00015325      0x329 Drivers/STM32F1xx_HAL_Driver/Src/stm32f1xx_hal_rcc.o
 .debug_macro   0x0001564e      0x317 Drivers/STM32F1xx_HAL_Driver/Src/stm32f1xx_hal_rcc_ex.o
 .debug_macro   0x00015965      0x326 Drivers/STM32F1xx_HAL_Driver/Src/stm32f1xx_hal_rtc.o
 .debug_macro   0x00015c8b      0x317 Drivers/STM32F1xx_HAL_Driver/Src/stm32f1xx_hal_rtc_ex.o
 .debug_macro   0x00015fa2      0x31f Drivers/STM32F1xx_HAL_Driver/Src/stm32f1xx_hal_spi.o
 .debug_macro   0x000162c1      0x317 Drivers/STM32F1xx_HAL_Driver/Src/stm32f1xx_hal_spi_ex.o
 .debug_macro   0x000165d8      0x318 Drivers/STM32F1xx_HAL_Driver/Src/stm32f1xx_hal_tim.o
 .debug_macro   0x000168f0      0x317 Drivers/STM32F1xx_HAL_Driver/Src/stm32f1xx_hal_tim_ex.o
 .debug_macro   0x00016c07      0x318 Drivers/STM32F1xx_HAL_Driver/Src/stm32f1xx_hal_uart.o
 .debug_macro   0x00016f1f      0x3e7 Drivers/freemodbus/modbus/mb.o
 .debug_macro   0x00017306      0x366 Drivers/freemodbus/port/porttimer.o
 .debug_macro   0x0001766c      0x32b Src/adc.o
 .debug_macro   0x00017997      0x350 Src/am2302.o
 .debug_macro   0x00017ce7      0x321 Src/gpio.o
 .debug_macro   0x00018008      0x32b Src/i2c.o
 .debug_macro   0x00018333      0x33d Src/lcd.o
 .debug_macro   0x00018670       0x22 Src/lcd.o
 .debug_macro   0x00018692       0x6a Src/lcd.o
 .debug_macro   0x000186fc      0x3ab Src/main.o
 .debug_macro   0x00018aa7      0x3be Src/mbtask.o
 .debug_macro   0x00018e65      0x321 Src/rtc.o
 .debug_macro   0x00019186      0x32b Src/spi.o
 .debug_macro   0x000194b1      0x317 Src/stm32f1xx_hal_msp.o
 .debug_macro   0x000197c8      0x377 Src/stm32f1xx_it.o
 .debug_macro   0x00019b3f       0x10 Src/stm32f1xx_it.o
 .debug_macro   0x00019b4f      0x31d Src/system_stm32f1xx.o
 .debug_macro   0x00019e6c      0x321 Src/tim.o
 .debug_macro   0x0001a18d      0x32b Src/usart.o

.debug_line     0x00000000    0x165f9
 .debug_line    0x00000000      0x8b8 Drivers/STM32F1xx_HAL_Driver/Src/stm32f1xx_hal.o
 .debug_line    0x000008b8      0xdc7 Drivers/STM32F1xx_HAL_Driver/Src/stm32f1xx_hal_adc.o
 .debug_line    0x0000167f      0x93b Drivers/STM32F1xx_HAL_Driver/Src/stm32f1xx_hal_cortex.o
 .debug_line    0x00001fba      0xb70 Drivers/STM32F1xx_HAL_Driver/Src/stm32f1xx_hal_dma.o
 .debug_line    0x00002b2a      0x9f3 Drivers/STM32F1xx_HAL_Driver/Src/stm32f1xx_hal_gpio.o
 .debug_line    0x0000351d     0x1933 Drivers/STM32F1xx_HAL_Driver/Src/stm32f1xx_hal_i2c.o
 .debug_line    0x00004e50      0x93c Drivers/STM32F1xx_HAL_Driver/Src/stm32f1xx_hal_pwr.o
 .debug_line    0x0000578c      0xb7e Drivers/STM32F1xx_HAL_Driver/Src/stm32f1xx_hal_rcc.o
 .debug_line    0x0000630a      0x84f Drivers/STM32F1xx_HAL_Driver/Src/stm32f1xx_hal_rcc_ex.o
 .debug_line    0x00006b59      0xd45 Drivers/STM32F1xx_HAL_Driver/Src/stm32f1xx_hal_rtc.o
 .debug_line    0x0000789e      0x9d1 Drivers/STM32F1xx_HAL_Driver/Src/stm32f1xx_hal_rtc_ex.o
 .debug_line    0x0000826f     0x11a8 Drivers/STM32F1xx_HAL_Driver/Src/stm32f1xx_hal_spi.o
 .debug_line    0x00009417      0x810 Drivers/STM32F1xx_HAL_Driver/Src/stm32f1xx_hal_spi_ex.o
 .debug_line    0x00009c27     0x2634 Drivers/STM32F1xx_HAL_Driver/Src/stm32f1xx_hal_tim.o
 .debug_line    0x0000c25b     0x1063 Drivers/STM32F1xx_HAL_Driver/Src/stm32f1xx_hal_tim_ex.o
 .debug_line    0x0000d2be     0x1104 Drivers/STM32F1xx_HAL_Driver/Src/stm32f1xx_hal_uart.o
 .debug_line    0x0000e3c2      0x9cb Drivers/freemodbus/modbus/mb.o
 .debug_line    0x0000ed8d      0x841 Drivers/freemodbus/port/porttimer.o
 .debug_line    0x0000f5ce      0x780 Src/adc.o
 .debug_line    0x0000fd4e      0x861 Src/am2302.o
 .debug_line    0x000105af      0x754 Src/gpio.o
 .debug_line    0x00010d03      0x78e Src/i2c.o
 .debug_line    0x00011491      0x9c3 Src/lcd.o
 .debug_line    0x00011e54      0x845 Src/main.o
 .debug_line    0x00012699      0x8ec Src/mbtask.o
 .debug_line    0x00012f85      0x779 Src/rtc.o
 .debug_line    0x000136fe      0x780 Src/spi.o
 .debug_line    0x00013e7e      0x74b Src/stm32f1xx_hal_msp.o
 .debug_line    0x000145c9      0x8fa Src/stm32f1xx_it.o
 .debug_line    0x00014ec3      0x772 Src/system_stm32f1xx.o
 .debug_line    0x00015635      0x7ab Src/tim.o
 .debug_line    0x00015de0      0x79c Src/usart.o
 .debug_line    0x0001657c       0x7d startup/startup_stm32f103xb.o

.debug_str      0x00000000    0x7def8
 .debug_str     0x00000000    0x76b69 Drivers/STM32F1xx_HAL_Driver/Src/stm32f1xx_hal.o
                              0x76eab (size before relaxing)
 .debug_str     0x00076b69      0x6b1 Drivers/STM32F1xx_HAL_Driver/Src/stm32f1xx_hal_adc.o
                              0x76f28 (size before relaxing)
 .debug_str     0x0007721a      0x2e1 Drivers/STM32F1xx_HAL_Driver/Src/stm32f1xx_hal_cortex.o
                              0x76ec6 (size before relaxing)
 .debug_str     0x000774fb      0x220 Drivers/STM32F1xx_HAL_Driver/Src/stm32f1xx_hal_dma.o
                              0x76c2a (size before relaxing)
 .debug_str     0x0007771b      0x3a5 Drivers/STM32F1xx_HAL_Driver/Src/stm32f1xx_hal_gpio.o
                              0x76c0d (size before relaxing)
 .debug_str     0x00077ac0      0xcdc Drivers/STM32F1xx_HAL_Driver/Src/stm32f1xx_hal_i2c.o
                              0x77756 (size before relaxing)
 .debug_str     0x0007879c      0x532 Drivers/STM32F1xx_HAL_Driver/Src/stm32f1xx_hal_pwr.o
                              0x76db8 (size before relaxing)
 .debug_str     0x00078cce      0x353 Drivers/STM32F1xx_HAL_Driver/Src/stm32f1xx_hal_rcc.o
                              0x76c8e (size before relaxing)
 .debug_str     0x00079021      0x110 Drivers/STM32F1xx_HAL_Driver/Src/stm32f1xx_hal_rcc_ex.o
                              0x769ee (size before relaxing)
 .debug_str     0x00079131      0x49f Drivers/STM32F1xx_HAL_Driver/Src/stm32f1xx_hal_rtc.o
                              0x76d7a (size before relaxing)
 .debug_str     0x000795d0      0x206 Drivers/STM32F1xx_HAL_Driver/Src/stm32f1xx_hal_rtc_ex.o
                              0x76bbc (size before relaxing)
 .debug_str     0x000797d6      0x6ab Drivers/STM32F1xx_HAL_Driver/Src/stm32f1xx_hal_spi.o
                              0x7712f (size before relaxing)
 .debug_str     0x00079e81       0x3b Drivers/STM32F1xx_HAL_Driver/Src/stm32f1xx_hal_spi_ex.o
                              0x76bee (size before relaxing)
 .debug_str     0x00079ebc      0xefe Drivers/STM32F1xx_HAL_Driver/Src/stm32f1xx_hal_tim.o
                              0x77962 (size before relaxing)
 .debug_str     0x0007adba      0x4f1 Drivers/STM32F1xx_HAL_Driver/Src/stm32f1xx_hal_tim_ex.o
                              0x77204 (size before relaxing)
 .debug_str     0x0007b2ab      0x665 Drivers/STM32F1xx_HAL_Driver/Src/stm32f1xx_hal_uart.o
                              0x7717b (size before relaxing)
 .debug_str     0x0007b910     0x1c5a Drivers/freemodbus/modbus/mb.o
                              0x78465 (size before relaxing)
 .debug_str     0x0007d56a       0x9e Drivers/freemodbus/port/porttimer.o
                              0x78185 (size before relaxing)
 .debug_str     0x0007d608       0x4d Src/adc.o
                              0x76c17 (size before relaxing)
 .debug_str     0x0007d655      0x129 Src/am2302.o
                              0x76d8e (size before relaxing)
 .debug_str     0x0007d77e       0x1b Src/gpio.o
                              0x7688f (size before relaxing)
 .debug_str     0x0007d799       0x39 Src/i2c.o
                              0x76d5f (size before relaxing)
 .debug_str     0x0007d7d2      0x322 Src/lcd.o
                              0x76edb (size before relaxing)
 .debug_str     0x0007daf4       0xbd Src/main.o
                              0x76ffe (size before relaxing)
 .debug_str     0x0007dbb1      0x148 Src/mbtask.o
                              0x77f4e (size before relaxing)
 .debug_str     0x0007dcf9       0x17 Src/rtc.o
                              0x76d7e (size before relaxing)
 .debug_str     0x0007dd10       0x17 Src/spi.o
                              0x76c93 (size before relaxing)
 .debug_str     0x0007dd27       0x1b Src/stm32f1xx_hal_msp.o
                              0x76b2e (size before relaxing)
 .debug_str     0x0007dd42      0x117 Src/stm32f1xx_it.o
                              0x78431 (size before relaxing)
 .debug_str     0x0007de59       0x69 Src/system_stm32f1xx.o
                              0x768d6 (size before relaxing)
 .debug_str     0x0007dec2       0x1c Src/tim.o
                              0x7704b (size before relaxing)
 .debug_str     0x0007dede       0x1a Src/usart.o
                              0x76fa1 (size before relaxing)

.comment        0x00000000       0x6e
 .comment       0x00000000       0x6e Drivers/STM32F1xx_HAL_Driver/Src/stm32f1xx_hal.o
                                 0x6f (size before relaxing)
 .comment       0x0000006e       0x6f Drivers/STM32F1xx_HAL_Driver/Src/stm32f1xx_hal_adc.o
 .comment       0x0000006e       0x6f Drivers/STM32F1xx_HAL_Driver/Src/stm32f1xx_hal_cortex.o
 .comment       0x0000006e       0x6f Drivers/STM32F1xx_HAL_Driver/Src/stm32f1xx_hal_dma.o
 .comment       0x0000006e       0x6f Drivers/STM32F1xx_HAL_Driver/Src/stm32f1xx_hal_gpio.o
 .comment       0x0000006e       0x6f Drivers/STM32F1xx_HAL_Driver/Src/stm32f1xx_hal_i2c.o
 .comment       0x0000006e       0x6f Drivers/STM32F1xx_HAL_Driver/Src/stm32f1xx_hal_pwr.o
 .comment       0x0000006e       0x6f Drivers/STM32F1xx_HAL_Driver/Src/stm32f1xx_hal_rcc.o
 .comment       0x0000006e       0x6f Drivers/STM32F1xx_HAL_Driver/Src/stm32f1xx_hal_rcc_ex.o
 .comment       0x0000006e       0x6f Drivers/STM32F1xx_HAL_Driver/Src/stm32f1xx_hal_rtc.o
 .comment       0x0000006e       0x6f Drivers/STM32F1xx_HAL_Driver/Src/stm32f1xx_hal_rtc_ex.o
 .comment       0x0000006e       0x6f Drivers/STM32F1xx_HAL_Driver/Src/stm32f1xx_hal_spi.o
 .comment       0x0000006e       0x6f Drivers/STM32F1xx_HAL_Driver/Src/stm32f1xx_hal_spi_ex.o
 .comment       0x0000006e       0x6f Drivers/STM32F1xx_HAL_Driver/Src/stm32f1xx_hal_tim.o
 .comment       0x0000006e       0x6f Drivers/STM32F1xx_HAL_Driver/Src/stm32f1xx_hal_tim_ex.o
 .comment       0x0000006e       0x6f Drivers/STM32F1xx_HAL_Driver/Src/stm32f1xx_hal_uart.o
 .comment       0x0000006e       0x6f Drivers/freemodbus/modbus/mb.o
 .comment       0x0000006e       0x6f Drivers/freemodbus/port/porttimer.o
 .comment       0x0000006e       0x6f Src/adc.o
 .comment       0x0000006e       0x6f Src/am2302.o
 .comment       0x0000006e       0x6f Src/gpio.o
 .comment       0x0000006e       0x6f Src/i2c.o
 .comment       0x0000006e       0x6f Src/lcd.o
 .comment       0x0000006e       0x6f Src/main.o
 .comment       0x0000006e       0x6f Src/mbtask.o
 .comment       0x0000006e       0x6f Src/rtc.o
 .comment       0x0000006e       0x6f Src/spi.o
 .comment       0x0000006e       0x6f Src/stm32f1xx_hal_msp.o
 .comment       0x0000006e       0x6f Src/stm32f1xx_it.o
 .comment       0x0000006e       0x6f Src/system_stm32f1xx.o
 .comment       0x0000006e       0x6f Src/tim.o
 .comment       0x0000006e       0x6f Src/usart.o

.debug_frame    0x00000000     0x3a88
 .debug_frame   0x00000000      0x178 Drivers/STM32F1xx_HAL_Driver/Src/stm32f1xx_hal.o
 .debug_frame   0x00000178      0x2a8 Drivers/STM32F1xx_HAL_Driver/Src/stm32f1xx_hal_adc.o
 .debug_frame   0x00000420      0x164 Drivers/STM32F1xx_HAL_Driver/Src/stm32f1xx_hal_cortex.o
 .debug_frame   0x00000584      0x150 Drivers/STM32F1xx_HAL_Driver/Src/stm32f1xx_hal_dma.o
 .debug_frame   0x000006d4       0xf8 Drivers/STM32F1xx_HAL_Driver/Src/stm32f1xx_hal_gpio.o
 .debug_frame   0x000007cc      0x810 Drivers/STM32F1xx_HAL_Driver/Src/stm32f1xx_hal_i2c.o
 .debug_frame   0x00000fdc      0x164 Drivers/STM32F1xx_HAL_Driver/Src/stm32f1xx_hal_pwr.o
 .debug_frame   0x00001140      0x178 Drivers/STM32F1xx_HAL_Driver/Src/stm32f1xx_hal_rcc.o
 .debug_frame   0x000012b8       0x68 Drivers/STM32F1xx_HAL_Driver/Src/stm32f1xx_hal_rcc_ex.o
 .debug_frame   0x00001320      0x350 Drivers/STM32F1xx_HAL_Driver/Src/stm32f1xx_hal_rtc.o
 .debug_frame   0x00001670      0x198 Drivers/STM32F1xx_HAL_Driver/Src/stm32f1xx_hal_rtc_ex.o
 .debug_frame   0x00001808      0x568 Drivers/STM32F1xx_HAL_Driver/Src/stm32f1xx_hal_spi.o
 .debug_frame   0x00001d70       0x30 Drivers/STM32F1xx_HAL_Driver/Src/stm32f1xx_hal_spi_ex.o
 .debug_frame   0x00001da0      0xa88 Drivers/STM32F1xx_HAL_Driver/Src/stm32f1xx_hal_tim.o
 .debug_frame   0x00002828      0x3c8 Drivers/STM32F1xx_HAL_Driver/Src/stm32f1xx_hal_tim_ex.o
 .debug_frame   0x00002bf0      0x508 Drivers/STM32F1xx_HAL_Driver/Src/stm32f1xx_hal_uart.o
 .debug_frame   0x000030f8       0xb0 Drivers/freemodbus/modbus/mb.o
 .debug_frame   0x000031a8       0x60 Drivers/freemodbus/port/porttimer.o
 .debug_frame   0x00003208       0x64 Src/adc.o
 .debug_frame   0x0000326c       0xd8 Src/am2302.o
 .debug_frame   0x00003344       0x34 Src/gpio.o
 .debug_frame   0x00003378       0x78 Src/i2c.o
 .debug_frame   0x000033f0      0x214 Src/lcd.o
 .debug_frame   0x00003604       0x74 Src/main.o
 .debug_frame   0x00003678       0xa0 Src/mbtask.o
 .debug_frame   0x00003718       0x64 Src/rtc.o
 .debug_frame   0x0000377c       0x60 Src/spi.o
 .debug_frame   0x000037dc       0x2c Src/stm32f1xx_hal_msp.o
 .debug_frame   0x00003808      0x10c Src/stm32f1xx_it.o
 .debug_frame   0x00003914       0x30 Src/system_stm32f1xx.o
 .debug_frame   0x00003944       0x94 Src/tim.o
 .debug_frame   0x000039d8       0x84 Src/usart.o
 .debug_frame   0x00003a5c       0x2c c:/ac6/systemworkbench/plugins/fr.ac6.mcu.externaltools.arm-none.win32_1.13.3.201707031232/tools/compiler/bin/../lib/gcc/arm-none-eabi/5.4.1/../../../../arm-none-eabi/lib/armv7-m\libc_nano.a(lib_a-init.o)

.stabstr        0x00000000      0x1b9
 .stabstr       0x00000000      0x1b9 c:/ac6/systemworkbench/plugins/fr.ac6.mcu.externaltools.arm-none.win32_1.13.3.201707031232/tools/compiler/bin/../lib/gcc/arm-none-eabi/5.4.1/../../../../arm-none-eabi/lib/armv7-m\libnosys.a(close.o)
