Archive member included to satisfy reference by file (symbol)

c:/ac6/systemworkbench/plugins/fr.ac6.mcu.externaltools.arm-none.win32_1.13.3.201707031232/tools/compiler/bin/../lib/gcc/arm-none-eabi/5.4.1/../../../../arm-none-eabi/lib/armv7-m\libc_nano.a(lib_a-assert.o)
                              Drivers/freemodbus/modbus/functions/mbutils.o (__assert_func)
c:/ac6/systemworkbench/plugins/fr.ac6.mcu.externaltools.arm-none.win32_1.13.3.201707031232/tools/compiler/bin/../lib/gcc/arm-none-eabi/5.4.1/../../../../arm-none-eabi/lib/armv7-m\libc_nano.a(lib_a-exit.o)
                              c:/ac6/systemworkbench/plugins/fr.ac6.mcu.externaltools.arm-none.win32_1.13.3.201707031232/tools/compiler/bin/../lib/gcc/arm-none-eabi/5.4.1/../../../../arm-none-eabi/lib/armv7-m/crt0.o (exit)
c:/ac6/systemworkbench/plugins/fr.ac6.mcu.externaltools.arm-none.win32_1.13.3.201707031232/tools/compiler/bin/../lib/gcc/arm-none-eabi/5.4.1/../../../../arm-none-eabi/lib/armv7-m\libc_nano.a(lib_a-fprintf.o)
                              c:/ac6/systemworkbench/plugins/fr.ac6.mcu.externaltools.arm-none.win32_1.13.3.201707031232/tools/compiler/bin/../lib/gcc/arm-none-eabi/5.4.1/../../../../arm-none-eabi/lib/armv7-m\libc_nano.a(lib_a-assert.o) (fiprintf)
c:/ac6/systemworkbench/plugins/fr.ac6.mcu.externaltools.arm-none.win32_1.13.3.201707031232/tools/compiler/bin/../lib/gcc/arm-none-eabi/5.4.1/../../../../arm-none-eabi/lib/armv7-m\libc_nano.a(lib_a-impure.o)
                              c:/ac6/systemworkbench/plugins/fr.ac6.mcu.externaltools.arm-none.win32_1.13.3.201707031232/tools/compiler/bin/../lib/gcc/arm-none-eabi/5.4.1/../../../../arm-none-eabi/lib/armv7-m\libc_nano.a(lib_a-exit.o) (_global_impure_ptr)
c:/ac6/systemworkbench/plugins/fr.ac6.mcu.externaltools.arm-none.win32_1.13.3.201707031232/tools/compiler/bin/../lib/gcc/arm-none-eabi/5.4.1/../../../../arm-none-eabi/lib/armv7-m\libc_nano.a(lib_a-init.o)
                              c:/ac6/systemworkbench/plugins/fr.ac6.mcu.externaltools.arm-none.win32_1.13.3.201707031232/tools/compiler/bin/../lib/gcc/arm-none-eabi/5.4.1/../../../../arm-none-eabi/lib/armv7-m/crt0.o (__libc_init_array)
c:/ac6/systemworkbench/plugins/fr.ac6.mcu.externaltools.arm-none.win32_1.13.3.201707031232/tools/compiler/bin/../lib/gcc/arm-none-eabi/5.4.1/../../../../arm-none-eabi/lib/armv7-m\libc_nano.a(lib_a-memcpy-stub.o)
                              Drivers/freemodbus/modbus/functions/mbfuncother.o (memcpy)
c:/ac6/systemworkbench/plugins/fr.ac6.mcu.externaltools.arm-none.win32_1.13.3.201707031232/tools/compiler/bin/../lib/gcc/arm-none-eabi/5.4.1/../../../../arm-none-eabi/lib/armv7-m\libc_nano.a(lib_a-memset.o)
                              c:/ac6/systemworkbench/plugins/fr.ac6.mcu.externaltools.arm-none.win32_1.13.3.201707031232/tools/compiler/bin/../lib/gcc/arm-none-eabi/5.4.1/../../../../arm-none-eabi/lib/armv7-m/crt0.o (memset)
c:/ac6/systemworkbench/plugins/fr.ac6.mcu.externaltools.arm-none.win32_1.13.3.201707031232/tools/compiler/bin/../lib/gcc/arm-none-eabi/5.4.1/../../../../arm-none-eabi/lib/armv7-m\libc_nano.a(lib_a-nano-vfprintf.o)
                              c:/ac6/systemworkbench/plugins/fr.ac6.mcu.externaltools.arm-none.win32_1.13.3.201707031232/tools/compiler/bin/../lib/gcc/arm-none-eabi/5.4.1/../../../../arm-none-eabi/lib/armv7-m\libc_nano.a(lib_a-fprintf.o) (_vfprintf_r)
c:/ac6/systemworkbench/plugins/fr.ac6.mcu.externaltools.arm-none.win32_1.13.3.201707031232/tools/compiler/bin/../lib/gcc/arm-none-eabi/5.4.1/../../../../arm-none-eabi/lib/armv7-m\libc_nano.a(lib_a-nano-vfprintf_i.o)
                              c:/ac6/systemworkbench/plugins/fr.ac6.mcu.externaltools.arm-none.win32_1.13.3.201707031232/tools/compiler/bin/../lib/gcc/arm-none-eabi/5.4.1/../../../../arm-none-eabi/lib/armv7-m\libc_nano.a(lib_a-nano-vfprintf.o) (_printf_i)
c:/ac6/systemworkbench/plugins/fr.ac6.mcu.externaltools.arm-none.win32_1.13.3.201707031232/tools/compiler/bin/../lib/gcc/arm-none-eabi/5.4.1/../../../../arm-none-eabi/lib/armv7-m\libc_nano.a(lib_a-wbuf.o)
                              c:/ac6/systemworkbench/plugins/fr.ac6.mcu.externaltools.arm-none.win32_1.13.3.201707031232/tools/compiler/bin/../lib/gcc/arm-none-eabi/5.4.1/../../../../arm-none-eabi/lib/armv7-m\libc_nano.a(lib_a-nano-vfprintf.o) (__swbuf_r)
c:/ac6/systemworkbench/plugins/fr.ac6.mcu.externaltools.arm-none.win32_1.13.3.201707031232/tools/compiler/bin/../lib/gcc/arm-none-eabi/5.4.1/../../../../arm-none-eabi/lib/armv7-m\libc_nano.a(lib_a-wsetup.o)
                              c:/ac6/systemworkbench/plugins/fr.ac6.mcu.externaltools.arm-none.win32_1.13.3.201707031232/tools/compiler/bin/../lib/gcc/arm-none-eabi/5.4.1/../../../../arm-none-eabi/lib/armv7-m\libc_nano.a(lib_a-nano-vfprintf.o) (__swsetup_r)
c:/ac6/systemworkbench/plugins/fr.ac6.mcu.externaltools.arm-none.win32_1.13.3.201707031232/tools/compiler/bin/../lib/gcc/arm-none-eabi/5.4.1/../../../../arm-none-eabi/lib/armv7-m\libc_nano.a(lib_a-abort.o)
[...]
Memory Configuration

Name             Origin             Length             Attributes
RAM              0x20000000         0x00005000         xrw
FLASH            0x08000000         0x00010000         xr
*default*        0x00000000         0xffffffff

Linker script and memory map

LOAD c:/ac6/systemworkbench/plugins/fr.ac6.mcu.externaltools.arm-none.win32_1.13.3.201707031232/tools/compiler/bin/../lib/gcc/arm-none-eabi/5.4.1/armv7-m/crti.o
LOAD c:/ac6/systemworkbench/plugins/fr.ac6.mcu.externaltools.arm-none.win32_1.13.3.201707031232/tools/compiler/bin/../lib/gcc/arm-none-eabi/5.4.1/armv7-m/crtbegin.o
LOAD c:/ac6/systemworkbench/plugins/fr.ac6.mcu.externaltools.arm-none.win32_1.13.3.201707031232/tools/compiler/bin/../lib/gcc/arm-none-eabi/5.4.1/../../../../arm-none-eabi/lib/armv7-m/crt0.o
LOAD Drivers/STM32F1xx_HAL_Driver/Src/stm32f1xx_hal.o
LOAD Drivers/STM32F1xx_HAL_Driver/Src/stm32f1xx_hal_adc.o
LOAD Drivers/STM32F1xx_HAL_Driver/Src/stm32f1xx_hal_adc_ex.o
LOAD Drivers/STM32F1xx_HAL_Driver/Src/stm32f1xx_hal_cortex.o
LOAD Drivers/STM32F1xx_HAL_Driver/Src/stm32f1xx_hal_dma.o
LOAD Drivers/STM32F1xx_HAL_Driver/Src/stm32f1xx_hal_flash.o
LOAD Drivers/STM32F1xx_HAL_Driver/Src/stm32f1xx_hal_flash_ex.o
LOAD Drivers/STM32F1xx_HAL_Driver/Src/stm32f1xx_hal_gpio.o
LOAD Drivers/STM32F1xx_HAL_Driver/Src/stm32f1xx_hal_gpio_ex.o
LOAD Drivers/STM32F1xx_HAL_Driver/Src/stm32f1xx_hal_i2c.o
LOAD Drivers/STM32F1xx_HAL_Driver/Src/stm32f1xx_hal_pwr.o
LOAD Drivers/STM32F1xx_HAL_Driver/Src/stm32f1xx_hal_rcc.o
LOAD Drivers/STM32F1xx_HAL_Driver/Src/stm32f1xx_hal_rcc_ex.o
LOAD Drivers/STM32F1xx_HAL_Driver/Src/stm32f1xx_hal_tim.o
LOAD Drivers/STM32F1xx_HAL_Driver/Src/stm32f1xx_hal_tim_ex.o
LOAD Drivers/STM32F1xx_HAL_Driver/Src/stm32f1xx_hal_uart.o
LOAD Drivers/freemodbus/modbus/functions/mbfunccoils.o
LOAD Drivers/freemodbus/modbus/functions/mbfuncdiag.o
LOAD Drivers/freemodbus/modbus/functions/mbfuncdisc.o
LOAD Drivers/freemodbus/modbus/functions/mbfuncholding.o
LOAD Drivers/freemodbus/modbus/functions/mbfuncinput.o
LOAD Drivers/freemodbus/modbus/functions/mbfuncother.o
LOAD Drivers/freemodbus/modbus/functions/mbutils.o
LOAD Drivers/freemodbus/modbus/mb.o
LOAD Drivers/freemodbus/modbus/rtu/mbrtu.o
LOAD Drivers/freemodbus/port/mbcrc.o
LOAD Drivers/freemodbus/port/portevent.o
LOAD Drivers/freemodbus/port/portserial.o
LOAD Drivers/freemodbus/port/porttimer.o
LOAD Src/BV1750FVI.o
LOAD Src/SoilMoisture.o
LOAD Src/adc.o
LOAD Src/am2302.o
LOAD Src/delays.o
LOAD Src/gpio.o
LOAD Src/i2c.o
LOAD Src/main.o
LOAD Src/mbtask.o
LOAD Src/stm32f1xx_hal_msp.o
LOAD Src/stm32f1xx_it.o
LOAD Src/system_stm32f1xx.o
LOAD Src/tim.o
LOAD Src/usart.o
LOAD startup/startup_stm32f103xb.o
LOAD c:/ac6/systemworkbench/plugins/fr.ac6.mcu.externaltools.arm-none.win32_1.13.3.201707031232/tools/compiler/bin/../lib/gcc/arm-none-eabi/5.4.1/../../../../arm-none-eabi/lib/armv7-m\libm.a
START GROUP
LOAD c:/ac6/systemworkbench/plugins/fr.ac6.mcu.externaltools.arm-none.win32_1.13.3.201707031232/tools/compiler/bin/../lib/gcc/arm-none-eabi/5.4.1/armv7-m\libgcc.a
LOAD c:/ac6/systemworkbench/plugins/fr.ac6.mcu.externaltools.arm-none.win32_1.13.3.201707031232/tools/compiler/bin/../lib/gcc/arm-none-eabi/5.4.1/../../../../arm-none-eabi/lib/armv7-m\libc_nano.a
END GROUP
START GROUP
LOAD c:/ac6/systemworkbench/plugins/fr.ac6.mcu.externaltools.arm-none.win32_1.13.3.201707031232/tools/compiler/bin/../lib/gcc/arm-none-eabi/5.4.1/armv7-m\libgcc.a
LOAD c:/ac6/systemworkbench/plugins/fr.ac6.mcu.externaltools.arm-none.win32_1.13.3.201707031232/tools/compiler/bin/../lib/gcc/arm-none-eabi/5.4.1/../../../../arm-none-eabi/lib/armv7-m\libc_nano.a
LOAD c:/ac6/systemworkbench/plugins/fr.ac6.mcu.externaltools.arm-none.win32_1.13.3.201707031232/tools/compiler/bin/../lib/gcc/arm-none-eabi/5.4.1/../../../../arm-none-eabi/lib/armv7-m\libnosys.a
END GROUP
START GROUP
LOAD c:/ac6/systemworkbench/plugins/fr.ac6.mcu.externaltools.arm-none.win32_1.13.3.201707031232/tools/compiler/bin/../lib/gcc/arm-none-eabi/5.4.1/armv7-m\libgcc.a
LOAD c:/ac6/systemworkbench/plugins/fr.ac6.mcu.externaltools.arm-none.win32_1.13.3.201707031232/tools/compiler/bin/../lib/gcc/arm-none-eabi/5.4.1/../../../../arm-none-eabi/lib/armv7-m\libc_nano.a
LOAD c:/ac6/systemworkbench/plugins/fr.ac6.mcu.externaltools.arm-none.win32_1.13.3.201707031232/tools/compiler/bin/../lib/gcc/arm-none-eabi/5.4.1/../../../../arm-none-eabi/lib/armv7-m\libnosys.a
END GROUP
LOAD c:/ac6/systemworkbench/plugins/fr.ac6.mcu.externaltools.arm-none.win32_1.13.3.201707031232/tools/compiler/bin/../lib/gcc/arm-none-eabi/5.4.1/armv7-m/crtend.o
LOAD c:/ac6/systemworkbench/plugins/fr.ac6.mcu.externaltools.arm-none.win32_1.13.3.201707031232/tools/compiler/bin/../lib/gcc/arm-none-eabi/5.4.1/armv7-m/crtn.o
                0x20005000                _estack = 0x20005000
                0x00000200                _Min_Heap_Size = 0x200
                0x00000400                _Min_Stack_Size = 0x400

.isr_vector     0x08000000      0x10c
                0x08000000                . = ALIGN (0x4)
 *(.isr_vector)
 .isr_vector    0x08000000      0x10c startup/startup_stm32f103xb.o
                0x08000000                g_pfnVectors
                0x0800010c                . = ALIGN (0x4)

.text           0x0800010c     0x5150
                0x0800010c                . = ALIGN (0x4)
 *(.text)
 .text          0x0800010c       0x5c c:/ac6/systemworkbench/plugins/fr.ac6.mcu.externaltools.arm-none.win32_1.13.3.201707031232/tools/compiler/bin/../lib/gcc/arm-none-eabi/5.4.1/armv7-m/crtbegin.o
 *(.text*)
 .text.HAL_InitTick
                0x08000168       0x2c Drivers/STM32F1xx_HAL_Driver/Src/stm32f1xx_hal.o
                0x08000168                HAL_InitTick
 .text.HAL_Init
                0x08000194       0x24 Drivers/STM32F1xx_HAL_Driver/Src/stm32f1xx_hal.o
                0x08000194                HAL_Init
 .text.HAL_IncTick
                0x080001b8       0x10 Drivers/STM32F1xx_HAL_Driver/Src/stm32f1xx_hal.o
                0x080001b8                HAL_IncTick
 .text.HAL_GetTick
                0x080001c8        0xc Drivers/STM32F1xx_HAL_Driver/Src/stm32f1xx_hal.o
                0x080001c8                HAL_GetTick
 .text.HAL_Delay
                0x080001d4       0x24 Drivers/STM32F1xx_HAL_Driver/Src/stm32f1xx_hal.o
                0x080001d4                HAL_Delay
 .text.HAL_ADC_ConfigChannel
                0x080001f8      0x188 Drivers/STM32F1xx_HAL_Driver/Src/stm32f1xx_hal_adc.o
                0x080001f8                HAL_ADC_ConfigChannel
 .text.ADC_ConversionStop_Disable
                0x08000380       0x50 Drivers/STM32F1xx_HAL_Driver/Src/stm32f1xx_hal_adc.o
                0x08000380                ADC_ConversionStop_Disable
 .text.HAL_ADC_Init
                0x080003d0      0x1d8 Drivers/STM32F1xx_HAL_Driver/Src/stm32f1xx_hal_adc.o
                0x080003d0                HAL_ADC_Init
 .text.HAL_NVIC_SetPriorityGrouping
                0x080005a8       0x3c Drivers/STM32F1xx_HAL_Driver/Src/stm32f1xx_hal_cortex.o
                0x080005a8                HAL_NVIC_SetPriorityGrouping
 .text.HAL_NVIC_SetPriority
                0x080005e4       0x84 Drivers/STM32F1xx_HAL_Driver/Src/stm32f1xx_hal_cortex.o
                0x080005e4                HAL_NVIC_SetPriority
 .text.HAL_NVIC_EnableIRQ
                0x08000668       0x2c Drivers/STM32F1xx_HAL_Driver/Src/stm32f1xx_hal_cortex.o
                0x08000668                HAL_NVIC_EnableIRQ
 .text.HAL_SYSTICK_Config
                0x08000694       0x2c Drivers/STM32F1xx_HAL_Driver/Src/stm32f1xx_hal_cortex.o
                0x08000694                HAL_SYSTICK_Config
 .text.HAL_SYSTICK_CLKSourceConfig
                0x080006c0       0x38 Drivers/STM32F1xx_HAL_Driver/Src/stm32f1xx_hal_cortex.o
                0x080006c0                HAL_SYSTICK_CLKSourceConfig
 .text.HAL_SYSTICK_Callback
                0x080006f8        0x4 Drivers/STM32F1xx_HAL_Driver/Src/stm32f1xx_hal_cortex.o
                0x080006f8                HAL_SYSTICK_Callback
 .text.HAL_SYSTICK_IRQHandler
                0x080006fc        0x8 Drivers/STM32F1xx_HAL_Driver/Src/stm32f1xx_hal_cortex.o
                0x080006fc                HAL_SYSTICK_IRQHandler
 .text.HAL_DMA_Abort_IT
                0x08000704       0x98 Drivers/STM32F1xx_HAL_Driver/Src/stm32f1xx_hal_dma.o
                0x08000704                HAL_DMA_Abort_IT
 .text.HAL_GPIO_Init
                0x0800079c      0x308 Drivers/STM32F1xx_HAL_Driver/Src/stm32f1xx_hal_gpio.o
                0x0800079c                HAL_GPIO_Init
 .text.HAL_GPIO_ReadPin
                0x08000aa4       0x24 Drivers/STM32F1xx_HAL_Driver/Src/stm32f1xx_hal_gpio.o
                0x08000aa4                HAL_GPIO_ReadPin
 .text.HAL_GPIO_WritePin
                0x08000ac8       0x34 Drivers/STM32F1xx_HAL_Driver/Src/stm32f1xx_hal_gpio.o
                0x08000ac8                HAL_GPIO_WritePin
 .text.I2C_IsAcknowledgeFailed
                0x08000afc       0x2c Drivers/STM32F1xx_HAL_Driver/Src/stm32f1xx_hal_i2c.o
 .text.I2C_WaitOnFlagUntilTimeout
                0x08000b28       0x68 Drivers/STM32F1xx_HAL_Driver/Src/stm32f1xx_hal_i2c.o
 .text.I2C_WaitOnMasterAddressFlagUntilTimeout
                0x08000b90       0x94 Drivers/STM32F1xx_HAL_Driver/Src/stm32f1xx_hal_i2c.o
 .text.I2C_MasterRequestWrite
                0x08000c24       0xbc Drivers/STM32F1xx_HAL_Driver/Src/stm32f1xx_hal_i2c.o
 .text.I2C_MasterRequestRead
                0x08000ce0      0x120 Drivers/STM32F1xx_HAL_Driver/Src/stm32f1xx_hal_i2c.o
 .text.I2C_WaitOnTXEFlagUntilTimeout
                0x08000e00       0x50 Drivers/STM32F1xx_HAL_Driver/Src/stm32f1xx_hal_i2c.o
 .text.I2C_WaitOnBTFFlagUntilTimeout
                0x08000e50       0x50 Drivers/STM32F1xx_HAL_Driver/Src/stm32f1xx_hal_i2c.o
 .text.I2C_WaitOnRXNEFlagUntilTimeout
                0x08000ea0       0x60 Drivers/STM32F1xx_HAL_Driver/Src/stm32f1xx_hal_i2c.o
 .text.HAL_I2C_Init
                0x08000f00      0x1e0 Drivers/STM32F1xx_HAL_Driver/Src/stm32f1xx_hal_i2c.o
                0x08000f00                HAL_I2C_Init
 .text.HAL_I2C_Master_Transmit
                0x080010e0      0x180 Drivers/STM32F1xx_HAL_Driver/Src/stm32f1xx_hal_i2c.o
                0x080010e0                HAL_I2C_Master_Transmit
 .text.HAL_I2C_Master_Receive
                0x08001260      0x30c Drivers/STM32F1xx_HAL_Driver/Src/stm32f1xx_hal_i2c.o
                0x08001260                HAL_I2C_Master_Receive
 .text.RCC_Delay
                0x0800156c       0x2c Drivers/STM32F1xx_HAL_Driver/Src/stm32f1xx_hal_rcc.o
 .text.HAL_RCC_OscConfig
                0x08001598      0x528 Drivers/STM32F1xx_HAL_Driver/Src/stm32f1xx_hal_rcc.o
                0x08001598                HAL_RCC_OscConfig
 .text.HAL_RCC_GetSysClockFreq
                0x08001ac0       0x70 Drivers/STM32F1xx_HAL_Driver/Src/stm32f1xx_hal_rcc.o
                0x08001ac0                HAL_RCC_GetSysClockFreq
 .text.HAL_RCC_ClockConfig
                0x08001b30      0x244 Drivers/STM32F1xx_HAL_Driver/Src/stm32f1xx_hal_rcc.o
                0x08001b30                HAL_RCC_ClockConfig
 .text.HAL_RCC_GetHCLKFreq
                0x08001d74        0xc Drivers/STM32F1xx_HAL_Driver/Src/stm32f1xx_hal_rcc.o
                0x08001d74                HAL_RCC_GetHCLKFreq
 .text.HAL_RCC_GetPCLK1Freq
                0x08001d80       0x20 Drivers/STM32F1xx_HAL_Driver/Src/stm32f1xx_hal_rcc.o
                0x08001d80                HAL_RCC_GetPCLK1Freq
 .text.HAL_RCC_GetPCLK2Freq
                0x08001da0       0x20 Drivers/STM32F1xx_HAL_Driver/Src/stm32f1xx_hal_rcc.o
                0x08001da0                HAL_RCC_GetPCLK2Freq
 .text.HAL_RCCEx_PeriphCLKConfig
                0x08001dc0      0x178 Drivers/STM32F1xx_HAL_Driver/Src/stm32f1xx_hal_rcc_ex.o
                0x08001dc0                HAL_RCCEx_PeriphCLKConfig
 .text.TIM_TI1_ConfigInputStage
                0x08001f38       0x24 Drivers/STM32F1xx_HAL_Driver/Src/stm32f1xx_hal_tim.o
 .text.TIM_TI2_ConfigInputStage
                0x08001f5c       0x28 Drivers/STM32F1xx_HAL_Driver/Src/stm32f1xx_hal_tim.o
 .text.TIM_ITRx_SetConfig
                0x08001f84       0x10 Drivers/STM32F1xx_HAL_Driver/Src/stm32f1xx_hal_tim.o
 .text.TIM_ETR_SetConfig
                0x08001f94       0x18 Drivers/STM32F1xx_HAL_Driver/Src/stm32f1xx_hal_tim.o
 .text.HAL_TIM_Base_Start
                0x08001fac       0x50 Drivers/STM32F1xx_HAL_Driver/Src/stm32f1xx_hal_tim.o
                0x08001fac                HAL_TIM_Base_Start
 .text.HAL_TIM_Base_Start_IT
                0x08001ffc       0x4c Drivers/STM32F1xx_HAL_Driver/Src/stm32f1xx_hal_tim.o
                0x08001ffc                HAL_TIM_Base_Start_IT
 .text.HAL_TIM_Base_Stop_IT
                0x08002048       0x60 Drivers/STM32F1xx_HAL_Driver/Src/stm32f1xx_hal_tim.o
                0x08002048                HAL_TIM_Base_Stop_IT
 .text.HAL_TIM_ConfigClockSource
                0x080020a8      0x424 Drivers/STM32F1xx_HAL_Driver/Src/stm32f1xx_hal_tim.o
                0x080020a8                HAL_TIM_ConfigClockSource
 .text.HAL_TIM_PeriodElapsedCallback
                0x080024cc        0x4 Drivers/STM32F1xx_HAL_Driver/Src/stm32f1xx_hal_tim.o
                0x080024cc                HAL_TIM_PeriodElapsedCallback
 .text.HAL_TIM_OC_DelayElapsedCallback
                0x080024d0        0x4 Drivers/STM32F1xx_HAL_Driver/Src/stm32f1xx_hal_tim.o
                0x080024d0                HAL_TIM_OC_DelayElapsedCallback
 .text.HAL_TIM_IC_CaptureCallback
                0x080024d4        0x4 Drivers/STM32F1xx_HAL_Driver/Src/stm32f1xx_hal_tim.o
                0x080024d4                HAL_TIM_IC_CaptureCallback
 .text.HAL_TIM_PWM_PulseFinishedCallback
                0x080024d8        0x4 Drivers/STM32F1xx_HAL_Driver/Src/stm32f1xx_hal_tim.o
                0x080024d8                HAL_TIM_PWM_PulseFinishedCallback
 .text.HAL_TIM_TriggerCallback
                0x080024dc        0x4 Drivers/STM32F1xx_HAL_Driver/Src/stm32f1xx_hal_tim.o
                0x080024dc                HAL_TIM_TriggerCallback
 .text.HAL_TIM_IRQHandler
                0x080024e0      0x174 Drivers/STM32F1xx_HAL_Driver/Src/stm32f1xx_hal_tim.o
                0x080024e0                HAL_TIM_IRQHandler
 .text.TIM_Base_SetConfig
                0x08002654       0x70 Drivers/STM32F1xx_HAL_Driver/Src/stm32f1xx_hal_tim.o
                0x08002654                TIM_Base_SetConfig
 .text.HAL_TIM_Base_Init
                0x080026c4       0xac Drivers/STM32F1xx_HAL_Driver/Src/stm32f1xx_hal_tim.o
                0x080026c4                HAL_TIM_Base_Init
 .text.HAL_TIMEx_MasterConfigSynchronization
                0x08002770       0xc0 Drivers/STM32F1xx_HAL_Driver/Src/stm32f1xx_hal_tim_ex.o
                0x08002770                HAL_TIMEx_MasterConfigSynchronization
 .text.HAL_TIMEx_CommutationCallback
                0x08002830        0x4 Drivers/STM32F1xx_HAL_Driver/Src/stm32f1xx_hal_tim_ex.o
                0x08002830                HAL_TIMEx_CommutationCallback
 .text.HAL_TIMEx_BreakCallback
                0x08002834        0x4 Drivers/STM32F1xx_HAL_Driver/Src/stm32f1xx_hal_tim_ex.o
                0x08002834                HAL_TIMEx_BreakCallback
 .text.UART_EndRxTransfer
                0x08002838       0x1c Drivers/STM32F1xx_HAL_Driver/Src/stm32f1xx_hal_uart.o
 .text.UART_Transmit_IT
                0x08002854       0x6c Drivers/STM32F1xx_HAL_Driver/Src/stm32f1xx_hal_uart.o
 .text.UART_SetConfig
                0x080028c0      0x22c Drivers/STM32F1xx_HAL_Driver/Src/stm32f1xx_hal_uart.o
 .text.UART_WaitOnFlagUntilTimeout
                0x08002aec       0x68 Drivers/STM32F1xx_HAL_Driver/Src/stm32f1xx_hal_uart.o
 .text.HAL_UART_Init
                0x08002b54       0xec Drivers/STM32F1xx_HAL_Driver/Src/stm32f1xx_hal_uart.o
                0x08002b54                HAL_UART_Init
 .text.HAL_UART_Transmit
                0x08002c40       0xe4 Drivers/STM32F1xx_HAL_Driver/Src/stm32f1xx_hal_uart.o
                0x08002c40                HAL_UART_Transmit
 .text.HAL_UART_TxCpltCallback
                0x08002d24        0x4 Drivers/STM32F1xx_HAL_Driver/Src/stm32f1xx_hal_uart.o
                0x08002d24                HAL_UART_TxCpltCallback
 .text.UART_EndTransmit_IT
                0x08002d28       0x1c Drivers/STM32F1xx_HAL_Driver/Src/stm32f1xx_hal_uart.o
 .text.HAL_UART_RxCpltCallback
                0x08002d44        0x4 Drivers/STM32F1xx_HAL_Driver/Src/stm32f1xx_hal_uart.o
                0x08002d44                HAL_UART_RxCpltCallback
 .text.UART_Receive_IT
                0x08002d48       0xa0 Drivers/STM32F1xx_HAL_Driver/Src/stm32f1xx_hal_uart.o
 .text.HAL_UART_ErrorCallback
                0x08002de8        0x4 Drivers/STM32F1xx_HAL_Driver/Src/stm32f1xx_hal_uart.o
                0x08002de8                HAL_UART_ErrorCallback
 .text.HAL_UART_IRQHandler
                0x08002dec      0x11c Drivers/STM32F1xx_HAL_Driver/Src/stm32f1xx_hal_uart.o
                0x08002dec                HAL_UART_IRQHandler
 .text.UART_DMAAbortOnError
                0x08002f08       0x10 Drivers/STM32F1xx_HAL_Driver/Src/stm32f1xx_hal_uart.o
 .text.eMBFuncReadCoils
                0x08002f18       0x78 Drivers/freemodbus/modbus/functions/mbfunccoils.o
                0x08002f18                eMBFuncReadCoils
 .text.eMBFuncWriteCoil
                0x08002f90       0x64 Drivers/freemodbus/modbus/functions/mbfunccoils.o
                0x08002f90                eMBFuncWriteCoil
 .text.eMBFuncWriteMultipleCoils
                0x08002ff4       0x68 Drivers/freemodbus/modbus/functions/mbfunccoils.o
                0x08002ff4                eMBFuncWriteMultipleCoils
 .text.eMBFuncReadDiscreteInputs
                0x0800305c       0x78 Drivers/freemodbus/modbus/functions/mbfuncdisc.o
                0x0800305c                eMBFuncReadDiscreteInputs
 .text.eMBFuncWriteHoldingRegister
                0x080030d4       0x30 Drivers/freemodbus/modbus/functions/mbfuncholding.o
                0x080030d4                eMBFuncWriteHoldingRegister
 .text.eMBFuncWriteMultipleHoldingRegister
                0x08003104       0x58 Drivers/freemodbus/modbus/functions/mbfuncholding.o
                0x08003104                eMBFuncWriteMultipleHoldingRegister
 .text.eMBFuncReadHoldingRegister
                0x0800315c       0x64 Drivers/freemodbus/modbus/functions/mbfuncholding.o
                0x0800315c                eMBFuncReadHoldingRegister
 .text.eMBFuncReadWriteMultipleHoldingRegister
                0x080031c0       0xbc Drivers/freemodbus/modbus/functions/mbfuncholding.o
                0x080031c0                eMBFuncReadWriteMultipleHoldingRegister
 .text.eMBFuncReadInputRegister
                0x0800327c       0x68 Drivers/freemodbus/modbus/functions/mbfuncinput.o
                0x0800327c                eMBFuncReadInputRegister
 .text.eMBFuncReportSlaveID
                0x080032e4       0x20 Drivers/freemodbus/modbus/functions/mbfuncother.o
                0x080032e4                eMBFuncReportSlaveID
 .text.prveMBError2Exception
                0x08003304       0x1c Drivers/freemodbus/modbus/functions/mbutils.o
                0x08003304                prveMBError2Exception
 .text.eMBInit  0x08003320       0x9c Drivers/freemodbus/modbus/mb.o
                0x08003320                eMBInit
 .text.eMBEnable
                0x080033bc       0x24 Drivers/freemodbus/modbus/mb.o
                0x080033bc                eMBEnable
 .text.eMBPoll  0x080033e0       0xf0 Drivers/freemodbus/modbus/mb.o
                0x080033e0                eMBPoll
 .text.eMBRTUInit
                0x080034d0       0x44 Drivers/freemodbus/modbus/rtu/mbrtu.o
                0x080034d0                eMBRTUInit
 .text.eMBRTUStart
                0x08003514       0x1c Drivers/freemodbus/modbus/rtu/mbrtu.o
                0x08003514                eMBRTUStart
 .text.eMBRTUStop
                0x08003530       0x14 Drivers/freemodbus/modbus/rtu/mbrtu.o
                0x08003530                eMBRTUStop
 .text.eMBRTUReceive
                0x08003544       0x6c Drivers/freemodbus/modbus/rtu/mbrtu.o
                0x08003544                eMBRTUReceive
 .text.eMBRTUSend
                0x080035b0       0x6c Drivers/freemodbus/modbus/rtu/mbrtu.o
                0x080035b0                eMBRTUSend
 .text.xMBRTUReceiveFSM
                0x0800361c       0xa8 Drivers/freemodbus/modbus/rtu/mbrtu.o
                0x0800361c                xMBRTUReceiveFSM
 .text.xMBRTUTransmitFSM
                0x080036c4       0x8c Drivers/freemodbus/modbus/rtu/mbrtu.o
                0x080036c4                xMBRTUTransmitFSM
 .text.xMBRTUTimerT35Expired
                0x08003750       0x80 Drivers/freemodbus/modbus/rtu/mbrtu.o
                0x08003750                xMBRTUTimerT35Expired
 .text.usMBCRC16
                0x080037d0       0x30 Drivers/freemodbus/port/mbcrc.o
                0x080037d0                usMBCRC16
 .text.xMBPortEventInit
                0x08003800       0x10 Drivers/freemodbus/port/portevent.o
                0x08003800                xMBPortEventInit
 .text.xMBPortEventPost
                0x08003810       0x10 Drivers/freemodbus/port/portevent.o
                0x08003810                xMBPortEventPost
 .text.xMBPortEventGet
                0x08003820       0x1c Drivers/freemodbus/port/portevent.o
                0x08003820                xMBPortEventGet
 .text.vMBPortSerialEnable
                0x0800383c       0x60 Drivers/freemodbus/port/portserial.o
                0x0800383c                vMBPortSerialEnable
 .text.xMBPortSerialInit
                0x0800389c        0x4 Drivers/freemodbus/port/portserial.o
                0x0800389c                xMBPortSerialInit
 .text.xMBPortSerialPutByte
                0x080038a0       0x24 Drivers/freemodbus/port/portserial.o
                0x080038a0                xMBPortSerialPutByte
 .text.xMBPortSerialGetByte
                0x080038c4       0x10 Drivers/freemodbus/port/portserial.o
                0x080038c4                xMBPortSerialGetByte
 .text.xMBPortTimersInit
                0x080038d4        0xc Drivers/freemodbus/port/porttimer.o
                0x080038d4                xMBPortTimersInit
 .text.vMBPortTimersEnable
                0x080038e0       0x18 Drivers/freemodbus/port/porttimer.o
                0x080038e0                vMBPortTimersEnable
 .text.vMBPortTimersDisable
                0x080038f8       0x10 Drivers/freemodbus/port/porttimer.o
                0x080038f8                vMBPortTimersDisable
 .text.Init     0x08003908       0x34 Src/BV1750FVI.o
 .text.GetCurrentReading
                0x0800393c       0x8c Src/BV1750FVI.o
                0x0800393c                GetCurrentReading
 .text.MX_ADC1_Init
                0x080039c8       0x5c Src/adc.o
                0x080039c8                MX_ADC1_Init
 .text.HAL_ADC_MspInit
                0x08003a24       0x44 Src/adc.o
                0x08003a24                HAL_ADC_MspInit
 .text.am2302_pinOut
                0x08003a68       0x2c Src/am2302.o
                0x08003a68                am2302_pinOut
 .text.am2302_pinInput
                0x08003a94       0x2c Src/am2302.o
                0x08003a94                am2302_pinInput
 .text.am2302_Init
                0x08003ac0       0x20 Src/am2302.o
                0x08003ac0                am2302_Init
 .text.am2302_ReadData
                0x08003ae0       0xa4 Src/am2302.o
                0x08003ae0                am2302_ReadData
 .text.am2302_getTemperature
                0x08003b84       0x18 Src/am2302.o
                0x08003b84                am2302_getTemperature
 .text.am2302_getHumidity
                0x08003b9c       0x18 Src/am2302.o
                0x08003b9c                am2302_getHumidity
 .text.MX_GPIO_Init
                0x08003bb4       0x8c Src/gpio.o
                0x08003bb4                MX_GPIO_Init
 .text.MX_I2C1_Init
                0x08003c40       0x44 Src/i2c.o
                0x08003c40                MX_I2C1_Init
 .text.HAL_I2C_MspInit
                0x08003c84       0x48 Src/i2c.o
                0x08003c84                HAL_I2C_MspInit
 .text._Error_Handler
                0x08003ccc        0x4 Src/main.o
                0x08003ccc                _Error_Handler
 .text.SystemClock_Config
                0x08003cd0       0xa0 Src/main.o
                0x08003cd0                SystemClock_Config
 .text.main     0x08003d70       0x4c Src/main.o
                0x08003d70                main
 .text.assert_failed
                0x08003dbc        0x4 Src/main.o
                0x08003dbc                assert_failed
 .text.ModbusRTUTask
                0x08003dc0       0x58 Src/mbtask.o
                0x08003dc0                ModbusRTUTask
 .text.eMBRegInputCB
                0x08003e18       0x4c Src/mbtask.o
                0x08003e18                eMBRegInputCB
 .text.eMBRegHoldingCB
                0x08003e64        0x4 Src/mbtask.o
                0x08003e64                eMBRegHoldingCB
 .text.eMBRegCoilsCB
                0x08003e68        0x4 Src/mbtask.o
                0x08003e68                eMBRegCoilsCB
 .text.eMBRegDiscreteCB
                0x08003e6c        0x4 Src/mbtask.o
                0x08003e6c                eMBRegDiscreteCB
 .text.HAL_MspInit
                0x08003e70       0x94 Src/stm32f1xx_hal_msp.o
                0x08003e70                HAL_MspInit
 .text.NMI_Handler
                0x08003f04        0x4 Src/stm32f1xx_it.o
                0x08003f04                NMI_Handler
 .text.HardFault_Handler
                0x08003f08        0x4 Src/stm32f1xx_it.o
                0x08003f08                HardFault_Handler
 .text.MemManage_Handler
                0x08003f0c        0x4 Src/stm32f1xx_it.o
                0x08003f0c                MemManage_Handler
 .text.BusFault_Handler
                0x08003f10        0x4 Src/stm32f1xx_it.o
                0x08003f10                BusFault_Handler
 .text.UsageFault_Handler
                0x08003f14        0x4 Src/stm32f1xx_it.o
                0x08003f14                UsageFault_Handler
 .text.SVC_Handler
                0x08003f18        0x4 Src/stm32f1xx_it.o
                0x08003f18                SVC_Handler
 .text.DebugMon_Handler
                0x08003f1c        0x4 Src/stm32f1xx_it.o
                0x08003f1c                DebugMon_Handler
 .text.PendSV_Handler
                0x08003f20        0x4 Src/stm32f1xx_it.o
                0x08003f20                PendSV_Handler
 .text.SysTick_Handler
                0x08003f24        0xc Src/stm32f1xx_it.o
                0x08003f24                SysTick_Handler
 .text.TIM4_IRQHandler
                0x08003f30       0x44 Src/stm32f1xx_it.o
                0x08003f30                TIM4_IRQHandler
 .text.USART1_IRQHandler
                0x08003f74       0x64 Src/stm32f1xx_it.o
                0x08003f74                USART1_IRQHandler
 .text.SystemInit
                0x08003fd8       0x4c Src/system_stm32f1xx.o
                0x08003fd8                SystemInit
 .text.MX_TIM3_Init
                0x08004024       0x6c Src/tim.o
                0x08004024                MX_TIM3_Init
 .text.MX_TIM4_Init
                0x08004090       0x6c Src/tim.o
                0x08004090                MX_TIM4_Init
 .text.HAL_TIM_Base_MspInit
                0x080040fc       0x60 Src/tim.o
                0x080040fc                HAL_TIM_Base_MspInit
 .text.MX_USART1_UART_Init
                0x0800415c       0x3c Src/usart.o
                0x0800415c                MX_USART1_UART_Init
 .text.HAL_UART_MspInit
                0x08004198       0x6c Src/usart.o
                0x08004198                HAL_UART_MspInit
 .text.Reset_Handler
                0x08004204       0x48 startup/startup_stm32f103xb.o
                0x08004204                Reset_Handler
 .text.Default_Handler
                0x0800424c        0x2 startup/startup_stm32f103xb.o
                0x0800424c                RTC_Alarm_IRQHandler
                0x0800424c                EXTI2_IRQHandler
                0x0800424c                TIM1_CC_IRQHandler
                0x0800424c                PVD_IRQHandler
                0x0800424c                EXTI3_IRQHandler
                0x0800424c                EXTI0_IRQHandler
                0x0800424c                I2C2_EV_IRQHandler
                0x0800424c                ADC1_2_IRQHandler
                0x0800424c                SPI1_IRQHandler
                0x0800424c                TAMPER_IRQHandler
                0x0800424c                DMA1_Channel4_IRQHandler
                0x0800424c                USART3_IRQHandler
                0x0800424c                RTC_IRQHandler
                0x0800424c                DMA1_Channel7_IRQHandler
                0x0800424c                CAN1_RX1_IRQHandler
                0x0800424c                I2C1_EV_IRQHandler
                0x0800424c                DMA1_Channel6_IRQHandler
                0x0800424c                TIM3_IRQHandler
                0x0800424c                RCC_IRQHandler
                0x0800424c                TIM1_TRG_COM_IRQHandler
                0x0800424c                DMA1_Channel1_IRQHandler
                0x0800424c                Default_Handler
                0x0800424c                EXTI15_10_IRQHandler
                0x0800424c                EXTI9_5_IRQHandler
                0x0800424c                SPI2_IRQHandler
                0x0800424c                DMA1_Channel5_IRQHandler
                0x0800424c                EXTI4_IRQHandler
                0x0800424c                USB_LP_CAN1_RX0_IRQHandler
                0x0800424c                USB_HP_CAN1_TX_IRQHandler
                0x0800424c                DMA1_Channel3_IRQHandler
                0x0800424c                TIM1_UP_IRQHandler
                0x0800424c                WWDG_IRQHandler
                0x0800424c                TIM2_IRQHandler
                0x0800424c                TIM1_BRK_IRQHandler
                0x0800424c                EXTI1_IRQHandler
                0x0800424c                USART2_IRQHandler
                0x0800424c                I2C2_ER_IRQHandler
                0x0800424c                DMA1_Channel2_IRQHandler
                0x0800424c                CAN1_SCE_IRQHandler
                0x0800424c                FLASH_IRQHandler
                0x0800424c                I2C1_ER_IRQHandler
                0x0800424c                USBWakeUp_IRQHandler
 *fill*         0x0800424e        0x2 
 .text.__assert_func
                0x08004250       0x3c c:/ac6/systemworkbench/plugins/fr.ac6.mcu.externaltools.arm-none.win32_1.13.3.201707031232/tools/compiler/bin/../lib/gcc/arm-none-eabi/5.4.1/../../../../arm-none-eabi/lib/armv7-m\libc_nano.a(lib_a-assert.o)
                0x08004250                __assert_func
 .text.fprintf  0x0800428c       0x24 c:/ac6/systemworkbench/plugins/fr.ac6.mcu.externaltools.arm-none.win32_1.13.3.201707031232/tools/compiler/bin/../lib/gcc/arm-none-eabi/5.4.1/../../../../arm-none-eabi/lib/armv7-m\libc_nano.a(lib_a-fprintf.o)
                0x0800428c                fiprintf
                0x0800428c                fprintf
 .text.__libc_init_array
                0x080042b0       0x4c c:/ac6/systemworkbench/plugins/fr.ac6.mcu.externaltools.arm-none.win32_1.13.3.201707031232/tools/compiler/bin/../lib/gcc/arm-none-eabi/5.4.1/../../../../arm-none-eabi/lib/armv7-m\libc_nano.a(lib_a-init.o)
                0x080042b0                __libc_init_array
 .text.memcpy   0x080042fc       0x16 c:/ac6/systemworkbench/plugins/fr.ac6.mcu.externaltools.arm-none.win32_1.13.3.201707031232/tools/compiler/bin/../lib/gcc/arm-none-eabi/5.4.1/../../../../arm-none-eabi/lib/armv7-m\libc_nano.a(lib_a-memcpy-stub.o)
                0x080042fc                memcpy
 .text.memset   0x08004312       0x10 c:/ac6/systemworkbench/plugins/fr.ac6.mcu.externaltools.arm-none.win32_1.13.3.201707031232/tools/compiler/bin/../lib/gcc/arm-none-eabi/5.4.1/../../../../arm-none-eabi/lib/armv7-m\libc_nano.a(lib_a-memset.o)
                0x08004312                memset
 .text.__sfputc_r
                0x08004322       0x2c c:/ac6/systemworkbench/plugins/fr.ac6.mcu.externaltools.arm-none.win32_1.13.3.201707031232/tools/compiler/bin/../lib/gcc/arm-none-eabi/5.4.1/../../../../arm-none-eabi/lib/armv7-m\libc_nano.a(lib_a-nano-vfprintf.o)
 .text.__sfputs_r
                0x0800434e       0x24 c:/ac6/systemworkbench/plugins/fr.ac6.mcu.externaltools.arm-none.win32_1.13.3.201707031232/tools/compiler/bin/../lib/gcc/arm-none-eabi/5.4.1/../../../../arm-none-eabi/lib/armv7-m\libc_nano.a(lib_a-nano-vfprintf.o)
                0x0800434e                __sfputs_r
 *fill*         0x08004372        0x2 
 .text._vfprintf_r
                0x08004374      0x238 c:/ac6/systemworkbench/plugins/fr.ac6.mcu.externaltools.arm-none.win32_1.13.3.201707031232/tools/compiler/bin/../lib/gcc/arm-none-eabi/5.4.1/../../../../arm-none-eabi/lib/armv7-m\libc_nano.a(lib_a-nano-vfprintf.o)
                0x08004374                _vfprintf_r
                0x08004374                _vfiprintf_r
 .text._printf_common
                0x080045ac       0xec c:/ac6/systemworkbench/plugins/fr.ac6.mcu.externaltools.arm-none.win32_1.13.3.201707031232/tools/compiler/bin/../lib/gcc/arm-none-eabi/5.4.1/../../../../arm-none-eabi/lib/armv7-m\libc_nano.a(lib_a-nano-vfprintf_i.o)
                0x080045ac                _printf_common
 .text._printf_i
                0x08004698      0x24c c:/ac6/systemworkbench/plugins/fr.ac6.mcu.externaltools.arm-none.win32_1.13.3.201707031232/tools/compiler/bin/../lib/gcc/arm-none-eabi/5.4.1/../../../../arm-none-eabi/lib/armv7-m\libc_nano.a(lib_a-nano-vfprintf_i.o)
                0x08004698                _printf_i
 .text.__swbuf_r
                0x080048e4       0xa8 c:/ac6/systemworkbench/plugins/fr.ac6.mcu.externaltools.arm-none.win32_1.13.3.201707031232/tools/compiler/bin/../lib/gcc/arm-none-eabi/5.4.1/../../../../arm-none-eabi/lib/armv7-m\libc_nano.a(lib_a-wbuf.o)
                0x080048e4                __swbuf_r
 .text.__swsetup_r
                0x0800498c       0xdc c:/ac6/systemworkbench/plugins/fr.ac6.mcu.externaltools.arm-none.win32_1.13.3.201707031232/tools/compiler/bin/../lib/gcc/arm-none-eabi/5.4.1/../../../../arm-none-eabi/lib/armv7-m\libc_nano.a(lib_a-wsetup.o)
                0x0800498c                __swsetup_r
 .text.abort    0x08004a68        0xe c:/ac6/systemworkbench/plugins/fr.ac6.mcu.externaltools.arm-none.win32_1.13.3.201707031232/tools/compiler/bin/../lib/gcc/arm-none-eabi/5.4.1/../../../../arm-none-eabi/lib/armv7-m\libc_nano.a(lib_a-abort.o)
                0x08004a68                abort
 *fill*         0x08004a76        0x2 
 .text.__sflush_r
                0x08004a78      0x10c c:/ac6/systemworkbench/plugins/fr.ac6.mcu.externaltools.arm-none.win32_1.13.3.201707031232/tools/compiler/bin/../lib/gcc/arm-none-eabi/5.4.1/../../../../arm-none-eabi/lib/armv7-m\libc_nano.a(lib_a-fflush.o)
                0x08004a78                __sflush_r
 .text._fflush_r
                0x08004b84       0x54 c:/ac6/systemworkbench/plugins/fr.ac6.mcu.externaltools.arm-none.win32_1.13.3.201707031232/tools/compiler/bin/../lib/gcc/arm-none-eabi/5.4.1/../../../../arm-none-eabi/lib/armv7-m\libc_nano.a(lib_a-fflush.o)
                0x08004b84                _fflush_r
 .text._cleanup_r
                0x08004bd8        0xc c:/ac6/systemworkbench/plugins/fr.ac6.mcu.externaltools.arm-none.win32_1.13.3.201707031232/tools/compiler/bin/../lib/gcc/arm-none-eabi/5.4.1/../../../../arm-none-eabi/lib/armv7-m\libc_nano.a(lib_a-findfp.o)
                0x08004bd8                _cleanup_r
 .text.std.isra.0
                0x08004be4       0x48 c:/ac6/systemworkbench/plugins/fr.ac6.mcu.externaltools.arm-none.win32_1.13.3.201707031232/tools/compiler/bin/../lib/gcc/arm-none-eabi/5.4.1/../../../../arm-none-eabi/lib/armv7-m\libc_nano.a(lib_a-findfp.o)
 .text.__sfmoreglue
                0x08004c2c       0x2c c:/ac6/systemworkbench/plugins/fr.ac6.mcu.externaltools.arm-none.win32_1.13.3.201707031232/tools/compiler/bin/../lib/gcc/arm-none-eabi/5.4.1/../../../../arm-none-eabi/lib/armv7-m\libc_nano.a(lib_a-findfp.o)
                0x08004c2c                __sfmoreglue
 .text.__sinit  0x08004c58       0x60 c:/ac6/systemworkbench/plugins/fr.ac6.mcu.externaltools.arm-none.win32_1.13.3.201707031232/tools/compiler/bin/../lib/gcc/arm-none-eabi/5.4.1/../../../../arm-none-eabi/lib/armv7-m\libc_nano.a(lib_a-findfp.o)
                0x08004c58                __sinit
 .text.__sfp    0x08004cb8       0x78 c:/ac6/systemworkbench/plugins/fr.ac6.mcu.externaltools.arm-none.win32_1.13.3.201707031232/tools/compiler/bin/../lib/gcc/arm-none-eabi/5.4.1/../../../../arm-none-eabi/lib/armv7-m\libc_nano.a(lib_a-findfp.o)
                0x08004cb8                __sfp
 .text._fwalk_reent
                0x08004d30       0x3c c:/ac6/systemworkbench/plugins/fr.ac6.mcu.externaltools.arm-none.win32_1.13.3.201707031232/tools/compiler/bin/../lib/gcc/arm-none-eabi/5.4.1/../../../../arm-none-eabi/lib/armv7-m\libc_nano.a(lib_a-fwalk.o)
                0x08004d30                _fwalk_reent
 .text.__swhatbuf_r
                0x08004d6c       0x46 c:/ac6/systemworkbench/plugins/fr.ac6.mcu.externaltools.arm-none.win32_1.13.3.201707031232/tools/compiler/bin/../lib/gcc/arm-none-eabi/5.4.1/../../../../arm-none-eabi/lib/armv7-m\libc_nano.a(lib_a-makebuf.o)
                0x08004d6c                __swhatbuf_r
 *fill*         0x08004db2        0x2 
 .text.__smakebuf_r
                0x08004db4       0x78 c:/ac6/systemworkbench/plugins/fr.ac6.mcu.externaltools.arm-none.win32_1.13.3.201707031232/tools/compiler/bin/../lib/gcc/arm-none-eabi/5.4.1/../../../../arm-none-eabi/lib/armv7-m\libc_nano.a(lib_a-makebuf.o)
                0x08004db4                __smakebuf_r
 .text.memchr   0x08004e2c       0x1c c:/ac6/systemworkbench/plugins/fr.ac6.mcu.externaltools.arm-none.win32_1.13.3.201707031232/tools/compiler/bin/../lib/gcc/arm-none-eabi/5.4.1/../../../../arm-none-eabi/lib/armv7-m\libc_nano.a(lib_a-memchr-stub.o)
                0x08004e2c                memchr
 .text._free_r  0x08004e48       0x98 c:/ac6/systemworkbench/plugins/fr.ac6.mcu.externaltools.arm-none.win32_1.13.3.201707031232/tools/compiler/bin/../lib/gcc/arm-none-eabi/5.4.1/../../../../arm-none-eabi/lib/armv7-m\libc_nano.a(lib_a-nano-freer.o)
                0x08004e48                _free_r
 .text._malloc_r
                0x08004ee0       0xbc c:/ac6/systemworkbench/plugins/fr.ac6.mcu.externaltools.arm-none.win32_1.13.3.201707031232/tools/compiler/bin/../lib/gcc/arm-none-eabi/5.4.1/../../../../arm-none-eabi/lib/armv7-m\libc_nano.a(lib_a-nano-mallocr.o)
                0x08004ee0                _malloc_r
 .text._sbrk_r  0x08004f9c       0x20 c:/ac6/systemworkbench/plugins/fr.ac6.mcu.externaltools.arm-none.win32_1.13.3.201707031232/tools/compiler/bin/../lib/gcc/arm-none-eabi/5.4.1/../../../../arm-none-eabi/lib/armv7-m\libc_nano.a(lib_a-sbrkr.o)
                0x08004f9c                _sbrk_r
 .text._raise_r
                0x08004fbc       0x54 c:/ac6/systemworkbench/plugins/fr.ac6.mcu.externaltools.arm-none.win32_1.13.3.201707031232/tools/compiler/bin/../lib/gcc/arm-none-eabi/5.4.1/../../../../arm-none-eabi/lib/armv7-m\libc_nano.a(lib_a-signal.o)
                0x08004fbc                _raise_r
 .text.raise    0x08005010       0x10 c:/ac6/systemworkbench/plugins/fr.ac6.mcu.externaltools.arm-none.win32_1.13.3.201707031232/tools/compiler/bin/../lib/gcc/arm-none-eabi/5.4.1/../../../../arm-none-eabi/lib/armv7-m\libc_nano.a(lib_a-signal.o)
                0x08005010                raise
 .text._kill_r  0x08005020       0x24 c:/ac6/systemworkbench/plugins/fr.ac6.mcu.externaltools.arm-none.win32_1.13.3.201707031232/tools/compiler/bin/../lib/gcc/arm-none-eabi/5.4.1/../../../../arm-none-eabi/lib/armv7-m\libc_nano.a(lib_a-signalr.o)
                0x08005020                _kill_r
 .text._getpid_r
                0x08005044        0x4 c:/ac6/systemworkbench/plugins/fr.ac6.mcu.externaltools.arm-none.win32_1.13.3.201707031232/tools/compiler/bin/../lib/gcc/arm-none-eabi/5.4.1/../../../../arm-none-eabi/lib/armv7-m\libc_nano.a(lib_a-signalr.o)
                0x08005044                _getpid_r
 .text.__sread  0x08005048       0x22 c:/ac6/systemworkbench/plugins/fr.ac6.mcu.externaltools.arm-none.win32_1.13.3.201707031232/tools/compiler/bin/../lib/gcc/arm-none-eabi/5.4.1/../../../../arm-none-eabi/lib/armv7-m\libc_nano.a(lib_a-stdio.o)
                0x08005048                __sread
 .text.__swrite
                0x0800506a       0x38 c:/ac6/systemworkbench/plugins/fr.ac6.mcu.externaltools.arm-none.win32_1.13.3.201707031232/tools/compiler/bin/../lib/gcc/arm-none-eabi/5.4.1/../../../../arm-none-eabi/lib/armv7-m\libc_nano.a(lib_a-stdio.o)
                0x0800506a                __swrite
 .text.__sseek  0x080050a2       0x24 c:/ac6/systemworkbench/plugins/fr.ac6.mcu.externaltools.arm-none.win32_1.13.3.201707031232/tools/compiler/bin/../lib/gcc/arm-none-eabi/5.4.1/../../../../arm-none-eabi/lib/armv7-m\libc_nano.a(lib_a-stdio.o)
                0x080050a2                __sseek
 .text.__sclose
                0x080050c6        0x8 c:/ac6/systemworkbench/plugins/fr.ac6.mcu.externaltools.arm-none.win32_1.13.3.201707031232/tools/compiler/bin/../lib/gcc/arm-none-eabi/5.4.1/../../../../arm-none-eabi/lib/armv7-m\libc_nano.a(lib_a-stdio.o)
                0x080050c6                __sclose
 *fill*         0x080050ce        0x2 
 .text._write_r
                0x080050d0       0x24 c:/ac6/systemworkbench/plugins/fr.ac6.mcu.externaltools.arm-none.win32_1.13.3.201707031232/tools/compiler/bin/../lib/gcc/arm-none-eabi/5.4.1/../../../../arm-none-eabi/lib/armv7-m\libc_nano.a(lib_a-writer.o)
                0x080050d0                _write_r
 .text._close_r
                0x080050f4       0x20 c:/ac6/systemworkbench/plugins/fr.ac6.mcu.externaltools.arm-none.win32_1.13.3.201707031232/tools/compiler/bin/../lib/gcc/arm-none-eabi/5.4.1/../../../../arm-none-eabi/lib/armv7-m\libc_nano.a(lib_a-closer.o)
                0x080050f4                _close_r
 .text._fstat_r
                0x08005114       0x24 c:/ac6/systemworkbench/plugins/fr.ac6.mcu.externaltools.arm-none.win32_1.13.3.201707031232/tools/compiler/bin/../lib/gcc/arm-none-eabi/5.4.1/../../../../arm-none-eabi/lib/armv7-m\libc_nano.a(lib_a-fstatr.o)
                0x08005114                _fstat_r
 .text._isatty_r
                0x08005138       0x20 c:/ac6/systemworkbench/plugins/fr.ac6.mcu.externaltools.arm-none.win32_1.13.3.201707031232/tools/compiler/bin/../lib/gcc/arm-none-eabi/5.4.1/../../../../arm-none-eabi/lib/armv7-m\libc_nano.a(lib_a-isattyr.o)
                0x08005138                _isatty_r
 .text._lseek_r
                0x08005158       0x24 c:/ac6/systemworkbench/plugins/fr.ac6.mcu.externaltools.arm-none.win32_1.13.3.201707031232/tools/compiler/bin/../lib/gcc/arm-none-eabi/5.4.1/../../../../arm-none-eabi/lib/armv7-m\libc_nano.a(lib_a-lseekr.o)
                0x08005158                _lseek_r
 .text.__malloc_lock
                0x0800517c        0x2 c:/ac6/systemworkbench/plugins/fr.ac6.mcu.externaltools.arm-none.win32_1.13.3.201707031232/tools/compiler/bin/../lib/gcc/arm-none-eabi/5.4.1/../../../../arm-none-eabi/lib/armv7-m\libc_nano.a(lib_a-mlock.o)
                0x0800517c                __malloc_lock
 .text.__malloc_unlock
                0x0800517e        0x2 c:/ac6/systemworkbench/plugins/fr.ac6.mcu.externaltools.arm-none.win32_1.13.3.201707031232/tools/compiler/bin/../lib/gcc/arm-none-eabi/5.4.1/../../../../arm-none-eabi/lib/armv7-m\libc_nano.a(lib_a-mlock.o)
                0x0800517e                __malloc_unlock
 .text._read_r  0x08005180       0x24 c:/ac6/systemworkbench/plugins/fr.ac6.mcu.externaltools.arm-none.win32_1.13.3.201707031232/tools/compiler/bin/../lib/gcc/arm-none-eabi/5.4.1/../../../../arm-none-eabi/lib/armv7-m\libc_nano.a(lib_a-readr.o)
                0x08005180                _read_r
 .text._close   0x080051a4       0x10 c:/ac6/systemworkbench/plugins/fr.ac6.mcu.externaltools.arm-none.win32_1.13.3.201707031232/tools/compiler/bin/../lib/gcc/arm-none-eabi/5.4.1/../../../../arm-none-eabi/lib/armv7-m\libnosys.a(close.o)
                0x080051a4                _close
 .text._fstat   0x080051b4       0x10 c:/ac6/systemworkbench/plugins/fr.ac6.mcu.externaltools.arm-none.win32_1.13.3.201707031232/tools/compiler/bin/../lib/gcc/arm-none-eabi/5.4.1/../../../../arm-none-eabi/lib/armv7-m\libnosys.a(fstat.o)
                0x080051b4                _fstat
 .text._getpid  0x080051c4       0x10 c:/ac6/systemworkbench/plugins/fr.ac6.mcu.externaltools.arm-none.win32_1.13.3.201707031232/tools/compiler/bin/../lib/gcc/arm-none-eabi/5.4.1/../../../../arm-none-eabi/lib/armv7-m\libnosys.a(getpid.o)
                0x080051c4                _getpid
 .text._isatty  0x080051d4       0x10 c:/ac6/systemworkbench/plugins/fr.ac6.mcu.externaltools.arm-none.win32_1.13.3.201707031232/tools/compiler/bin/../lib/gcc/arm-none-eabi/5.4.1/../../../../arm-none-eabi/lib/armv7-m\libnosys.a(isatty.o)
                0x080051d4                _isatty
 .text._kill    0x080051e4       0x10 c:/ac6/systemworkbench/plugins/fr.ac6.mcu.externaltools.arm-none.win32_1.13.3.201707031232/tools/compiler/bin/../lib/gcc/arm-none-eabi/5.4.1/../../../../arm-none-eabi/lib/armv7-m\libnosys.a(kill.o)
                0x080051e4                _kill
 .text._lseek   0x080051f4       0x10 c:/ac6/systemworkbench/plugins/fr.ac6.mcu.externaltools.arm-none.win32_1.13.3.201707031232/tools/compiler/bin/../lib/gcc/arm-none-eabi/5.4.1/../../../../arm-none-eabi/lib/armv7-m\libnosys.a(lseek.o)
                0x080051f4                _lseek
 .text._read    0x08005204       0x10 c:/ac6/systemworkbench/plugins/fr.ac6.mcu.externaltools.arm-none.win32_1.13.3.201707031232/tools/compiler/bin/../lib/gcc/arm-none-eabi/5.4.1/../../../../arm-none-eabi/lib/armv7-m\libnosys.a(read.o)
                0x08005204                _read
 .text._sbrk    0x08005214       0x1c c:/ac6/systemworkbench/plugins/fr.ac6.mcu.externaltools.arm-none.win32_1.13.3.201707031232/tools/compiler/bin/../lib/gcc/arm-none-eabi/5.4.1/../../../../arm-none-eabi/lib/armv7-m\libnosys.a(sbrk.o)
                0x08005214                _sbrk
 .text._write   0x08005230       0x10 c:/ac6/systemworkbench/plugins/fr.ac6.mcu.externaltools.arm-none.win32_1.13.3.201707031232/tools/compiler/bin/../lib/gcc/arm-none-eabi/5.4.1/../../../../arm-none-eabi/lib/armv7-m\libnosys.a(write.o)
                0x08005230                _write
 .text._exit    0x08005240        0x4 c:/ac6/systemworkbench/plugins/fr.ac6.mcu.externaltools.arm-none.win32_1.13.3.201707031232/tools/compiler/bin/../lib/gcc/arm-none-eabi/5.4.1/../../../../arm-none-eabi/lib/armv7-m\libnosys.a(_exit.o)
                0x08005240                _exit
 *(.glue_7)
 .glue_7        0x08005244        0x0 linker stubs
 *(.glue_7t)
 .glue_7t       0x08005244        0x0 linker stubs
 *(.eh_frame)
 .eh_frame      0x08005244        0x0 c:/ac6/systemworkbench/plugins/fr.ac6.mcu.externaltools.arm-none.win32_1.13.3.201707031232/tools/compiler/bin/../lib/gcc/arm-none-eabi/5.4.1/armv7-m/crtbegin.o
 *(.init)
 .init          0x08005244        0x4 c:/ac6/systemworkbench/plugins/fr.ac6.mcu.externaltools.arm-none.win32_1.13.3.201707031232/tools/compiler/bin/../lib/gcc/arm-none-eabi/5.4.1/armv7-m/crti.o
                0x08005244                _init
 .init          0x08005248        0x8 c:/ac6/systemworkbench/plugins/fr.ac6.mcu.externaltools.arm-none.win32_1.13.3.201707031232/tools/compiler/bin/../lib/gcc/arm-none-eabi/5.4.1/armv7-m/crtn.o
 *(.fini)
 .fini          0x08005250        0x4 c:/ac6/systemworkbench/plugins/fr.ac6.mcu.externaltools.arm-none.win32_1.13.3.201707031232/tools/compiler/bin/../lib/gcc/arm-none-eabi/5.4.1/armv7-m/crti.o
                0x08005250                _fini
 .fini          0x08005254        0x8 c:/ac6/systemworkbench/plugins/fr.ac6.mcu.externaltools.arm-none.win32_1.13.3.201707031232/tools/compiler/bin/../lib/gcc/arm-none-eabi/5.4.1/armv7-m/crtn.o
                0x0800525c                . = ALIGN (0x4)
                0x0800525c                _etext = .

.vfp11_veneer   0x0800525c        0x0
 .vfp11_veneer  0x0800525c        0x0 linker stubs

.v4_bx          0x0800525c        0x0
 .v4_bx         0x0800525c        0x0 linker stubs

.iplt           0x0800525c        0x0
 .iplt          0x0800525c        0x0 c:/ac6/systemworkbench/plugins/fr.ac6.mcu.externaltools.arm-none.win32_1.13.3.201707031232/tools/compiler/bin/../lib/gcc/arm-none-eabi/5.4.1/armv7-m/crtbegin.o

.rodata         0x0800525c      0x6a0
                0x0800525c                . = ALIGN (0x4)
 *(.rodata)
 .rodata        0x0800525c       0x12 Drivers/STM32F1xx_HAL_Driver/Src/stm32f1xx_hal_rcc.o
 *fill*         0x0800526e        0x2 
 .rodata        0x08005270       0x4e Drivers/freemodbus/modbus/rtu/mbrtu.o
 *fill*         0x080052be        0x2 
 .rodata        0x080052c0      0x200 Drivers/freemodbus/port/mbcrc.o
 .rodata        0x080054c0       0x18 Src/system_stm32f1xx.o
                0x080054c0                AHBPrescTable
                0x080054d0                APBPrescTable
 *(.rodata*)
 .rodata.str1.4
                0x080054d8       0x38 Drivers/STM32F1xx_HAL_Driver/Src/stm32f1xx_hal_adc.o
 .rodata.str1.4
                0x08005510       0x3b Drivers/STM32F1xx_HAL_Driver/Src/stm32f1xx_hal_cortex.o
 *fill*         0x0800554b        0x1 
 .rodata.str1.4
                0x0800554c       0x39 Drivers/STM32F1xx_HAL_Driver/Src/stm32f1xx_hal_gpio.o
 *fill*         0x08005585        0x3 
 .rodata.str1.4
                0x08005588       0x38 Drivers/STM32F1xx_HAL_Driver/Src/stm32f1xx_hal_i2c.o
 .rodata.str1.4
                0x080055c0       0x38 Drivers/STM32F1xx_HAL_Driver/Src/stm32f1xx_hal_rcc.o
 .rodata.str1.4
                0x080055f8       0x3b Drivers/STM32F1xx_HAL_Driver/Src/stm32f1xx_hal_rcc_ex.o
 *fill*         0x08005633        0x1 
 .rodata.str1.4
                0x08005634       0x38 Drivers/STM32F1xx_HAL_Driver/Src/stm32f1xx_hal_tim.o
 .rodata.str1.4
                0x0800566c       0x3b Drivers/STM32F1xx_HAL_Driver/Src/stm32f1xx_hal_tim_ex.o
 *fill*         0x080056a7        0x1 
 .rodata.str1.4
                0x080056a8       0x39 Drivers/STM32F1xx_HAL_Driver/Src/stm32f1xx_hal_uart.o
 *fill*         0x080056e1        0x3 
 .rodata.str1.4
                0x080056e4       0xef Drivers/freemodbus/modbus/rtu/mbrtu.o
 *fill*         0x080057d3        0x1 
 .rodata.str1.4
                0x080057d4        0xd Src/adc.o
 *fill*         0x080057e1        0x3 
 .rodata.str1.4
                0x080057e4        0xd Src/i2c.o
 *fill*         0x080057f1        0x3 
 .rodata.str1.4
                0x080057f4       0x14 Src/main.o
 .rodata.str1.4
                0x08005808        0xd Src/tim.o
 *fill*         0x08005815        0x3 
 .rodata.str1.4
                0x08005818       0x10 Src/usart.o
                                  0xf (size before relaxing)
 .rodata.str1.1
                0x08005828       0x3c c:/ac6/systemworkbench/plugins/fr.ac6.mcu.externaltools.arm-none.win32_1.13.3.201707031232/tools/compiler/bin/../lib/gcc/arm-none-eabi/5.4.1/../../../../arm-none-eabi/lib/armv7-m\libc_nano.a(lib_a-assert.o)
                                 0x3d (size before relaxing)
 .rodata._global_impure_ptr
                0x08005864        0x4 c:/ac6/systemworkbench/plugins/fr.ac6.mcu.externaltools.arm-none.win32_1.13.3.201707031232/tools/compiler/bin/../lib/gcc/arm-none-eabi/5.4.1/../../../../arm-none-eabi/lib/armv7-m\libc_nano.a(lib_a-impure.o)
                0x08005864                _global_impure_ptr
 .rodata.str1.1
                0x08005868       0x11 c:/ac6/systemworkbench/plugins/fr.ac6.mcu.externaltools.arm-none.win32_1.13.3.201707031232/tools/compiler/bin/../lib/gcc/arm-none-eabi/5.4.1/../../../../arm-none-eabi/lib/armv7-m\libc_nano.a(lib_a-nano-vfprintf.o)
 .rodata.str1.1
                0x08005879       0x22 c:/ac6/systemworkbench/plugins/fr.ac6.mcu.externaltools.arm-none.win32_1.13.3.201707031232/tools/compiler/bin/../lib/gcc/arm-none-eabi/5.4.1/../../../../arm-none-eabi/lib/armv7-m\libc_nano.a(lib_a-nano-vfprintf_i.o)
 *fill*         0x0800589b        0x1 
 .rodata.__sf_fake_stdin
                0x0800589c       0x20 c:/ac6/systemworkbench/plugins/fr.ac6.mcu.externaltools.arm-none.win32_1.13.3.201707031232/tools/compiler/bin/../lib/gcc/arm-none-eabi/5.4.1/../../../../arm-none-eabi/lib/armv7-m\libc_nano.a(lib_a-findfp.o)
                0x0800589c                __sf_fake_stdin
 .rodata.__sf_fake_stdout
                0x080058bc       0x20 c:/ac6/systemworkbench/plugins/fr.ac6.mcu.externaltools.arm-none.win32_1.13.3.201707031232/tools/compiler/bin/../lib/gcc/arm-none-eabi/5.4.1/../../../../arm-none-eabi/lib/armv7-m\libc_nano.a(lib_a-findfp.o)
                0x080058bc                __sf_fake_stdout
 .rodata.__sf_fake_stderr
                0x080058dc       0x20 c:/ac6/systemworkbench/plugins/fr.ac6.mcu.externaltools.arm-none.win32_1.13.3.201707031232/tools/compiler/bin/../lib/gcc/arm-none-eabi/5.4.1/../../../../arm-none-eabi/lib/armv7-m\libc_nano.a(lib_a-findfp.o)
                0x080058dc                __sf_fake_stderr
                0x080058fc                . = ALIGN (0x4)

.rel.dyn        0x080058fc        0x0
 .rel.iplt      0x080058fc        0x0 c:/ac6/systemworkbench/plugins/fr.ac6.mcu.externaltools.arm-none.win32_1.13.3.201707031232/tools/compiler/bin/../lib/gcc/arm-none-eabi/5.4.1/armv7-m/crtbegin.o

.ARM.extab
 *(.ARM.extab* .gnu.linkonce.armextab.*)

.ARM            0x080058fc        0x0
                0x080058fc                __exidx_start = .
 *(.ARM.exidx*)
                0x080058fc                __exidx_end = .

.preinit_array  0x080058fc        0x0
                0x080058fc                PROVIDE (__preinit_array_start, .)
 *(.preinit_array*)
                0x080058fc                PROVIDE (__preinit_array_end, .)

.init_array     0x080058fc        0x4
                0x080058fc                PROVIDE (__init_array_start, .)
 *(SORT(.init_array.*))
 *(.init_array*)
 .init_array    0x080058fc        0x4 c:/ac6/systemworkbench/plugins/fr.ac6.mcu.externaltools.arm-none.win32_1.13.3.201707031232/tools/compiler/bin/../lib/gcc/arm-none-eabi/5.4.1/armv7-m/crtbegin.o
                0x08005900                PROVIDE (__init_array_end, .)

.fini_array     0x08005900        0x4
                [!provide]                PROVIDE (__fini_array_start, .)
 *(SORT(.fini_array.*))
 *(.fini_array*)
 .fini_array    0x08005900        0x4 c:/ac6/systemworkbench/plugins/fr.ac6.mcu.externaltools.arm-none.win32_1.13.3.201707031232/tools/compiler/bin/../lib/gcc/arm-none-eabi/5.4.1/armv7-m/crtbegin.o
                [!provide]                PROVIDE (__fini_array_end, .)
                0x08005904                _sidata = LOADADDR (.data)

.data           0x20000000       0xec load address 0x08005904
                0x20000000                . = ALIGN (0x4)
                0x20000000                _sdata = .
 *(.data)
 .data          0x20000000       0x84 Drivers/freemodbus/modbus/mb.o
 .data          0x20000084        0x4 Src/system_stm32f1xx.o
                0x20000084                SystemCoreClock
 *(.data*)
 .data.impure_data
                0x20000088       0x60 c:/ac6/systemworkbench/plugins/fr.ac6.mcu.externaltools.arm-none.win32_1.13.3.201707031232/tools/compiler/bin/../lib/gcc/arm-none-eabi/5.4.1/../../../../arm-none-eabi/lib/armv7-m\libc_nano.a(lib_a-impure.o)
 .data._impure_ptr
                0x200000e8        0x4 c:/ac6/systemworkbench/plugins/fr.ac6.mcu.externaltools.arm-none.win32_1.13.3.201707031232/tools/compiler/bin/../lib/gcc/arm-none-eabi/5.4.1/../../../../arm-none-eabi/lib/armv7-m\libc_nano.a(lib_a-impure.o)
                0x200000e8                _impure_ptr
                0x200000ec                . = ALIGN (0x4)
                0x200000ec                _edata = .

.jcr            0x200000ec        0x0 load address 0x080059f0
 .jcr           0x200000ec        0x0 c:/ac6/systemworkbench/plugins/fr.ac6.mcu.externaltools.arm-none.win32_1.13.3.201707031232/tools/compiler/bin/../lib/gcc/arm-none-eabi/5.4.1/armv7-m/crtbegin.o

.igot.plt       0x200000ec        0x0 load address 0x080059f0
 .igot.plt      0x200000ec        0x0 c:/ac6/systemworkbench/plugins/fr.ac6.mcu.externaltools.arm-none.win32_1.13.3.201707031232/tools/compiler/bin/../lib/gcc/arm-none-eabi/5.4.1/armv7-m/crtbegin.o
                0x200000ec                . = ALIGN (0x4)

.bss            0x200000ec      0x2fc load address 0x080059f0
                0x200000ec                _sbss = .
                0x200000ec                __bss_start__ = _sbss
 *(.bss)
 .bss           0x200000ec       0x1c c:/ac6/systemworkbench/plugins/fr.ac6.mcu.externaltools.arm-none.win32_1.13.3.201707031232/tools/compiler/bin/../lib/gcc/arm-none-eabi/5.4.1/armv7-m/crtbegin.o
 .bss           0x20000108       0x24 Drivers/freemodbus/modbus/functions/mbfuncother.o
 .bss           0x2000012c       0x23 Drivers/freemodbus/modbus/mb.o
 *fill*         0x2000014f        0x1 
 .bss           0x20000150        0xb Drivers/freemodbus/modbus/rtu/mbrtu.o
 .bss           0x2000015b        0x2 Drivers/freemodbus/port/portevent.o
 *fill*         0x2000015d        0x1 
 .bss           0x2000015e        0x4 Drivers/freemodbus/port/porttimer.o
                0x20000160                downcounter
 *fill*         0x20000162        0x2 
 .bss           0x20000164       0x10 Src/mbtask.o
 *(.bss*)
 .bss.__malloc_sbrk_start
                0x20000174        0x4 c:/ac6/systemworkbench/plugins/fr.ac6.mcu.externaltools.arm-none.win32_1.13.3.201707031232/tools/compiler/bin/../lib/gcc/arm-none-eabi/5.4.1/../../../../arm-none-eabi/lib/armv7-m\libc_nano.a(lib_a-nano-mallocr.o)
                0x20000174                __malloc_sbrk_start
 .bss.__malloc_free_list
                0x20000178        0x4 c:/ac6/systemworkbench/plugins/fr.ac6.mcu.externaltools.arm-none.win32_1.13.3.201707031232/tools/compiler/bin/../lib/gcc/arm-none-eabi/5.4.1/../../../../arm-none-eabi/lib/armv7-m\libc_nano.a(lib_a-nano-mallocr.o)
                0x20000178                __malloc_free_list
 .bss.heap_end.4167
                0x2000017c        0x4 c:/ac6/systemworkbench/plugins/fr.ac6.mcu.externaltools.arm-none.win32_1.13.3.201707031232/tools/compiler/bin/../lib/gcc/arm-none-eabi/5.4.1/../../../../arm-none-eabi/lib/armv7-m\libnosys.a(sbrk.o)
 *(COMMON)
 COMMON         0x20000180        0x4 Drivers/STM32F1xx_HAL_Driver/Src/stm32f1xx_hal.o
                0x20000180                uwTick
 COMMON         0x20000184       0x14 Drivers/freemodbus/modbus/mb.o
                0x20000184                pxMBFrameCBTransmitterEmpty
                0x20000188                pxMBPortCBTimerExpired
                0x2000018c                pxMBFrameCBByteReceived
                0x20000190                pxMBFrameCBTransmitFSMCur
                0x20000194                pxMBFrameCBReceiveFSMCur
 COMMON         0x20000198      0x100 Drivers/freemodbus/modbus/rtu/mbrtu.o
                0x20000198                ucRTUBuf
 COMMON         0x20000298       0x30 Src/adc.o
                0x20000298                hadc1
 COMMON         0x200002c8        0x4 Src/am2302.o
                0x200002c8                am2302Data
 COMMON         0x200002cc       0x54 Src/i2c.o
                0x200002cc                hi2c1
 COMMON         0x20000320        0x4 Src/main.o
                0x20000320                multiplier
 COMMON         0x20000324       0x80 Src/tim.o
                0x20000324                htim4
                0x20000364                htim3
 COMMON         0x200003a4       0x40 Src/usart.o
                0x200003a4                huart1
 COMMON         0x200003e4        0x4 c:/ac6/systemworkbench/plugins/fr.ac6.mcu.externaltools.arm-none.win32_1.13.3.201707031232/tools/compiler/bin/../lib/gcc/arm-none-eabi/5.4.1/../../../../arm-none-eabi/lib/armv7-m\libc_nano.a(lib_a-reent.o)
                0x200003e4                errno
                0x200003e8                . = ALIGN (0x4)
                0x200003e8                _ebss = .
                0x200003e8                __bss_end__ = _ebss

._user_heap_stack
                0x200003e8      0x600 load address 0x080059f0
                0x200003e8                . = ALIGN (0x8)
                0x200003e8                PROVIDE (end, .)
                [!provide]                PROVIDE (_end, .)
                0x200005e8                . = (. + _Min_Heap_Size)
 *fill*         0x200003e8      0x200 
                0x200009e8                . = (. + _Min_Stack_Size)
 *fill*         0x200005e8      0x400 
                0x200009e8                . = ALIGN (0x8)

/DISCARD/
 libc.a(*)
 libm.a(*)
 libgcc.a(*)

.ARM.attributes
                0x00000000       0x29
 *(.ARM.attributes)
 .ARM.attributes
                0x00000000       0x1d c:/ac6/systemworkbench/plugins/fr.ac6.mcu.externaltools.arm-none.win32_1.13.3.201707031232/tools/compiler/bin/../lib/gcc/arm-none-eabi/5.4.1/armv7-m/crti.o
 .ARM.attributes
                0x0000001d       0x2d c:/ac6/systemworkbench/plugins/fr.ac6.mcu.externaltools.arm-none.win32_1.13.3.201707031232/tools/compiler/bin/../lib/gcc/arm-none-eabi/5.4.1/armv7-m/crtbegin.o
 .ARM.attributes
                0x0000004a       0x33 Drivers/STM32F1xx_HAL_Driver/Src/stm32f1xx_hal.o
 .ARM.attributes
                0x0000007d       0x33 Drivers/STM32F1xx_HAL_Driver/Src/stm32f1xx_hal_adc.o
 .ARM.attributes
                0x000000b0       0x33 Drivers/STM32F1xx_HAL_Driver/Src/stm32f1xx_hal_cortex.o
 .ARM.attributes
                0x000000e3       0x33 Drivers/STM32F1xx_HAL_Driver/Src/stm32f1xx_hal_dma.o
 .ARM.attributes
                0x00000116       0x33 Drivers/STM32F1xx_HAL_Driver/Src/stm32f1xx_hal_gpio.o
 .ARM.attributes
                0x00000149       0x33 Drivers/STM32F1xx_HAL_Driver/Src/stm32f1xx_hal_i2c.o
 .ARM.attributes
                0x0000017c       0x33 Drivers/STM32F1xx_HAL_Driver/Src/stm32f1xx_hal_rcc.o
 .ARM.attributes
                0x000001af       0x33 Drivers/STM32F1xx_HAL_Driver/Src/stm32f1xx_hal_rcc_ex.o
 .ARM.attributes
                0x000001e2       0x33 Drivers/STM32F1xx_HAL_Driver/Src/stm32f1xx_hal_tim.o
 .ARM.attributes
                0x00000215       0x33 Drivers/STM32F1xx_HAL_Driver/Src/stm32f1xx_hal_tim_ex.o
 .ARM.attributes
                0x00000248       0x33 Drivers/STM32F1xx_HAL_Driver/Src/stm32f1xx_hal_uart.o
 .ARM.attributes
                0x0000027b       0x33 Drivers/freemodbus/modbus/functions/mbfunccoils.o
 .ARM.attributes
                0x000002ae       0x33 Drivers/freemodbus/modbus/functions/mbfuncdisc.o
 .ARM.attributes
                0x000002e1       0x33 Drivers/freemodbus/modbus/functions/mbfuncholding.o
 .ARM.attributes
                0x00000314       0x33 Drivers/freemodbus/modbus/functions/mbfuncinput.o
 .ARM.attributes
                0x00000347       0x33 Drivers/freemodbus/modbus/functions/mbfuncother.o
 .ARM.attributes
                0x0000037a       0x33 Drivers/freemodbus/modbus/functions/mbutils.o
 .ARM.attributes
                0x000003ad       0x33 Drivers/freemodbus/modbus/mb.o
 .ARM.attributes
                0x000003e0       0x33 Drivers/freemodbus/modbus/rtu/mbrtu.o
 .ARM.attributes
                0x00000413       0x33 Drivers/freemodbus/port/mbcrc.o
 .ARM.attributes
                0x00000446       0x33 Drivers/freemodbus/port/portevent.o
 .ARM.attributes
                0x00000479       0x33 Drivers/freemodbus/port/portserial.o
 .ARM.attributes
                0x000004ac       0x33 Drivers/freemodbus/port/porttimer.o
 .ARM.attributes
                0x000004df       0x33 Src/BV1750FVI.o
 .ARM.attributes
                0x00000512       0x33 Src/adc.o
 .ARM.attributes
                0x00000545       0x33 Src/am2302.o
 .ARM.attributes
                0x00000578       0x33 Src/gpio.o
 .ARM.attributes
                0x000005ab       0x33 Src/i2c.o
 .ARM.attributes
                0x000005de       0x33 Src/main.o
 .ARM.attributes
                0x00000611       0x33 Src/mbtask.o
 .ARM.attributes
                0x00000644       0x33 Src/stm32f1xx_hal_msp.o
 .ARM.attributes
                0x00000677       0x33 Src/stm32f1xx_it.o
 .ARM.attributes
                0x000006aa       0x33 Src/system_stm32f1xx.o
 .ARM.attributes
                0x000006dd       0x33 Src/tim.o
 .ARM.attributes
                0x00000710       0x33 Src/usart.o
 .ARM.attributes
                0x00000743       0x21 startup/startup_stm32f103xb.o
 .ARM.attributes
                0x00000764       0x2d c:/ac6/systemworkbench/plugins/fr.ac6.mcu.externaltools.arm-none.win32_1.13.3.201707031232/tools/compiler/bin/../lib/gcc/arm-none-eabi/5.4.1/../../../../arm-none-eabi/lib/armv7-m\libc_nano.a(lib_a-assert.o)
 .ARM.attributes
                0x00000791       0x2d c:/ac6/systemworkbench/plugins/fr.ac6.mcu.externaltools.arm-none.win32_1.13.3.201707031232/tools/compiler/bin/../lib/gcc/arm-none-eabi/5.4.1/../../../../arm-none-eabi/lib/armv7-m\libc_nano.a(lib_a-fprintf.o)
 .ARM.attributes
                0x000007be       0x2d c:/ac6/systemworkbench/plugins/fr.ac6.mcu.externaltools.arm-none.win32_1.13.3.201707031232/tools/compiler/bin/../lib/gcc/arm-none-eabi/5.4.1/../../../../arm-none-eabi/lib/armv7-m\libc_nano.a(lib_a-impure.o)
 .ARM.attributes
                0x000007eb       0x2d c:/ac6/systemworkbench/plugins/fr.ac6.mcu.externaltools.arm-none.win32_1.13.3.201707031232/tools/compiler/bin/../lib/gcc/arm-none-eabi/5.4.1/../../../../arm-none-eabi/lib/armv7-m\libc_nano.a(lib_a-init.o)
 .ARM.attributes
                0x00000818       0x2d c:/ac6/systemworkbench/plugins/fr.ac6.mcu.externaltools.arm-none.win32_1.13.3.201707031232/tools/compiler/bin/../lib/gcc/arm-none-eabi/5.4.1/../../../../arm-none-eabi/lib/armv7-m\libc_nano.a(lib_a-memcpy-stub.o)
 .ARM.attributes
                0x00000845       0x2d c:/ac6/systemworkbench/plugins/fr.ac6.mcu.externaltools.arm-none.win32_1.13.3.201707031232/tools/compiler/bin/../lib/gcc/arm-none-eabi/5.4.1/../../../../arm-none-eabi/lib/armv7-m\libc_nano.a(lib_a-memset.o)
 .ARM.attributes
                0x00000872       0x2d c:/ac6/systemworkbench/plugins/fr.ac6.mcu.externaltools.arm-none.win32_1.13.3.201707031232/tools/compiler/bin/../lib/gcc/arm-none-eabi/5.4.1/../../../../arm-none-eabi/lib/armv7-m\libc_nano.a(lib_a-nano-vfprintf.o)
 .ARM.attributes
                0x0000089f       0x2d c:/ac6/systemworkbench/plugins/fr.ac6.mcu.externaltools.arm-none.win32_1.13.3.201707031232/tools/compiler/bin/../lib/gcc/arm-none-eabi/5.4.1/../../../../arm-none-eabi/lib/armv7-m\libc_nano.a(lib_a-nano-vfprintf_i.o)
 .ARM.attributes
                0x000008cc       0x2d c:/ac6/systemworkbench/plugins/fr.ac6.mcu.externaltools.arm-none.win32_1.13.3.201707031232/tools/compiler/bin/../lib/gcc/arm-none-eabi/5.4.1/../../../../arm-none-eabi/lib/armv7-m\libc_nano.a(lib_a-wbuf.o)
 .ARM.attributes
                0x000008f9       0x2d c:/ac6/systemworkbench/plugins/fr.ac6.mcu.externaltools.arm-none.win32_1.13.3.201707031232/tools/compiler/bin/../lib/gcc/arm-none-eabi/5.4.1/../../../../arm-none-eabi/lib/armv7-m\libc_nano.a(lib_a-wsetup.o)
 .ARM.attributes
                0x00000926       0x2d c:/ac6/systemworkbench/plugins/fr.ac6.mcu.externaltools.arm-none.win32_1.13.3.201707031232/tools/compiler/bin/../lib/gcc/arm-none-eabi/5.4.1/../../../../arm-none-eabi/lib/armv7-m\libc_nano.a(lib_a-abort.o)
 .ARM.attributes
                0x00000953       0x2d c:/ac6/systemworkbench/plugins/fr.ac6.mcu.externaltools.arm-none.win32_1.13.3.201707031232/tools/compiler/bin/../lib/gcc/arm-none-eabi/5.4.1/../../../../arm-none-eabi/lib/armv7-m\libc_nano.a(lib_a-fflush.o)
 .ARM.attributes
                0x00000980       0x2d c:/ac6/systemworkbench/plugins/fr.ac6.mcu.externaltools.arm-none.win32_1.13.3.201707031232/tools/compiler/bin/../lib/gcc/arm-none-eabi/5.4.1/../../../../arm-none-eabi/lib/armv7-m\libc_nano.a(lib_a-findfp.o)
 .ARM.attributes
                0x000009ad       0x2d c:/ac6/systemworkbench/plugins/fr.ac6.mcu.externaltools.arm-none.win32_1.13.3.201707031232/tools/compiler/bin/../lib/gcc/arm-none-eabi/5.4.1/../../../../arm-none-eabi/lib/armv7-m\libc_nano.a(lib_a-fwalk.o)
 .ARM.attributes
                0x000009da       0x2d c:/ac6/systemworkbench/plugins/fr.ac6.mcu.externaltools.arm-none.win32_1.13.3.201707031232/tools/compiler/bin/../lib/gcc/arm-none-eabi/5.4.1/../../../../arm-none-eabi/lib/armv7-m\libc_nano.a(lib_a-makebuf.o)
 .ARM.attributes
                0x00000a07       0x2d c:/ac6/systemworkbench/plugins/fr.ac6.mcu.externaltools.arm-none.win32_1.13.3.201707031232/tools/compiler/bin/../lib/gcc/arm-none-eabi/5.4.1/../../../../arm-none-eabi/lib/armv7-m\libc_nano.a(lib_a-memchr-stub.o)
 .ARM.attributes
                0x00000a34       0x2d c:/ac6/systemworkbench/plugins/fr.ac6.mcu.externaltools.arm-none.win32_1.13.3.201707031232/tools/compiler/bin/../lib/gcc/arm-none-eabi/5.4.1/../../../../arm-none-eabi/lib/armv7-m\libc_nano.a(lib_a-nano-freer.o)
 .ARM.attributes
                0x00000a61       0x2d c:/ac6/systemworkbench/plugins/fr.ac6.mcu.externaltools.arm-none.win32_1.13.3.201707031232/tools/compiler/bin/../lib/gcc/arm-none-eabi/5.4.1/../../../../arm-none-eabi/lib/armv7-m\libc_nano.a(lib_a-nano-mallocr.o)
 .ARM.attributes
                0x00000a8e       0x2d c:/ac6/systemworkbench/plugins/fr.ac6.mcu.externaltools.arm-none.win32_1.13.3.201707031232/tools/compiler/bin/../lib/gcc/arm-none-eabi/5.4.1/../../../../arm-none-eabi/lib/armv7-m\libc_nano.a(lib_a-sbrkr.o)
 .ARM.attributes
                0x00000abb       0x2d c:/ac6/systemworkbench/plugins/fr.ac6.mcu.externaltools.arm-none.win32_1.13.3.201707031232/tools/compiler/bin/../lib/gcc/arm-none-eabi/5.4.1/../../../../arm-none-eabi/lib/armv7-m\libc_nano.a(lib_a-signal.o)
 .ARM.attributes
                0x00000ae8       0x2d c:/ac6/systemworkbench/plugins/fr.ac6.mcu.externaltools.arm-none.win32_1.13.3.201707031232/tools/compiler/bin/../lib/gcc/arm-none-eabi/5.4.1/../../../../arm-none-eabi/lib/armv7-m\libc_nano.a(lib_a-signalr.o)
 .ARM.attributes
                0x00000b15       0x2d c:/ac6/systemworkbench/plugins/fr.ac6.mcu.externaltools.arm-none.win32_1.13.3.201707031232/tools/compiler/bin/../lib/gcc/arm-none-eabi/5.4.1/../../../../arm-none-eabi/lib/armv7-m\libc_nano.a(lib_a-stdio.o)
 .ARM.attributes
                0x00000b42       0x2d c:/ac6/systemworkbench/plugins/fr.ac6.mcu.externaltools.arm-none.win32_1.13.3.201707031232/tools/compiler/bin/../lib/gcc/arm-none-eabi/5.4.1/../../../../arm-none-eabi/lib/armv7-m\libc_nano.a(lib_a-writer.o)
 .ARM.attributes
                0x00000b6f       0x2d c:/ac6/systemworkbench/plugins/fr.ac6.mcu.externaltools.arm-none.win32_1.13.3.201707031232/tools/compiler/bin/../lib/gcc/arm-none-eabi/5.4.1/../../../../arm-none-eabi/lib/armv7-m\libc_nano.a(lib_a-closer.o)
 .ARM.attributes
                0x00000b9c       0x2d c:/ac6/systemworkbench/plugins/fr.ac6.mcu.externaltools.arm-none.win32_1.13.3.201707031232/tools/compiler/bin/../lib/gcc/arm-none-eabi/5.4.1/../../../../arm-none-eabi/lib/armv7-m\libc_nano.a(lib_a-fstatr.o)
 .ARM.attributes
                0x00000bc9       0x2d c:/ac6/systemworkbench/plugins/fr.ac6.mcu.externaltools.arm-none.win32_1.13.3.201707031232/tools/compiler/bin/../lib/gcc/arm-none-eabi/5.4.1/../../../../arm-none-eabi/lib/armv7-m\libc_nano.a(lib_a-isattyr.o)
 .ARM.attributes
                0x00000bf6       0x2d c:/ac6/systemworkbench/plugins/fr.ac6.mcu.externaltools.arm-none.win32_1.13.3.201707031232/tools/compiler/bin/../lib/gcc/arm-none-eabi/5.4.1/../../../../arm-none-eabi/lib/armv7-m\libc_nano.a(lib_a-lseekr.o)
 .ARM.attributes
                0x00000c23       0x2d c:/ac6/systemworkbench/plugins/fr.ac6.mcu.externaltools.arm-none.win32_1.13.3.201707031232/tools/compiler/bin/../lib/gcc/arm-none-eabi/5.4.1/../../../../arm-none-eabi/lib/armv7-m\libc_nano.a(lib_a-mlock.o)
 .ARM.attributes
                0x00000c50       0x2d c:/ac6/systemworkbench/plugins/fr.ac6.mcu.externaltools.arm-none.win32_1.13.3.201707031232/tools/compiler/bin/../lib/gcc/arm-none-eabi/5.4.1/../../../../arm-none-eabi/lib/armv7-m\libc_nano.a(lib_a-readr.o)
 .ARM.attributes
                0x00000c7d       0x2d c:/ac6/systemworkbench/plugins/fr.ac6.mcu.externaltools.arm-none.win32_1.13.3.201707031232/tools/compiler/bin/../lib/gcc/arm-none-eabi/5.4.1/../../../../arm-none-eabi/lib/armv7-m\libc_nano.a(lib_a-reent.o)
 .ARM.attributes
                0x00000caa       0x2d c:/ac6/systemworkbench/plugins/fr.ac6.mcu.externaltools.arm-none.win32_1.13.3.201707031232/tools/compiler/bin/../lib/gcc/arm-none-eabi/5.4.1/../../../../arm-none-eabi/lib/armv7-m\libnosys.a(close.o)
 .ARM.attributes
                0x00000cd7       0x2d c:/ac6/systemworkbench/plugins/fr.ac6.mcu.externaltools.arm-none.win32_1.13.3.201707031232/tools/compiler/bin/../lib/gcc/arm-none-eabi/5.4.1/../../../../arm-none-eabi/lib/armv7-m\libnosys.a(fstat.o)
 .ARM.attributes
                0x00000d04       0x2d c:/ac6/systemworkbench/plugins/fr.ac6.mcu.externaltools.arm-none.win32_1.13.3.201707031232/tools/compiler/bin/../lib/gcc/arm-none-eabi/5.4.1/../../../../arm-none-eabi/lib/armv7-m\libnosys.a(getpid.o)
 .ARM.attributes
                0x00000d31       0x2d c:/ac6/systemworkbench/plugins/fr.ac6.mcu.externaltools.arm-none.win32_1.13.3.201707031232/tools/compiler/bin/../lib/gcc/arm-none-eabi/5.4.1/../../../../arm-none-eabi/lib/armv7-m\libnosys.a(isatty.o)
 .ARM.attributes
                0x00000d5e       0x2d c:/ac6/systemworkbench/plugins/fr.ac6.mcu.externaltools.arm-none.win32_1.13.3.201707031232/tools/compiler/bin/../lib/gcc/arm-none-eabi/5.4.1/../../../../arm-none-eabi/lib/armv7-m\libnosys.a(kill.o)
 .ARM.attributes
                0x00000d8b       0x2d c:/ac6/systemworkbench/plugins/fr.ac6.mcu.externaltools.arm-none.win32_1.13.3.201707031232/tools/compiler/bin/../lib/gcc/arm-none-eabi/5.4.1/../../../../arm-none-eabi/lib/armv7-m\libnosys.a(lseek.o)
 .ARM.attributes
                0x00000db8       0x2d c:/ac6/systemworkbench/plugins/fr.ac6.mcu.externaltools.arm-none.win32_1.13.3.201707031232/tools/compiler/bin/../lib/gcc/arm-none-eabi/5.4.1/../../../../arm-none-eabi/lib/armv7-m\libnosys.a(read.o)
 .ARM.attributes
                0x00000de5       0x2d c:/ac6/systemworkbench/plugins/fr.ac6.mcu.externaltools.arm-none.win32_1.13.3.201707031232/tools/compiler/bin/../lib/gcc/arm-none-eabi/5.4.1/../../../../arm-none-eabi/lib/armv7-m\libnosys.a(sbrk.o)
 .ARM.attributes
                0x00000e12       0x2d c:/ac6/systemworkbench/plugins/fr.ac6.mcu.externaltools.arm-none.win32_1.13.3.201707031232/tools/compiler/bin/../lib/gcc/arm-none-eabi/5.4.1/../../../../arm-none-eabi/lib/armv7-m\libnosys.a(write.o)
 .ARM.attributes
                0x00000e3f       0x2d c:/ac6/systemworkbench/plugins/fr.ac6.mcu.externaltools.arm-none.win32_1.13.3.201707031232/tools/compiler/bin/../lib/gcc/arm-none-eabi/5.4.1/../../../../arm-none-eabi/lib/armv7-m\libnosys.a(_exit.o)
 .ARM.attributes
                0x00000e6c       0x1d c:/ac6/systemworkbench/plugins/fr.ac6.mcu.externaltools.arm-none.win32_1.13.3.201707031232/tools/compiler/bin/../lib/gcc/arm-none-eabi/5.4.1/armv7-m/crtn.o
OUTPUT(BH1750FVI.elf elf32-littlearm)

.debug_info     0x00000000    0x17619
 .debug_info    0x00000000      0x670 Drivers/STM32F1xx_HAL_Driver/Src/stm32f1xx_hal.o
 .debug_info    0x00000670     0x117f Drivers/STM32F1xx_HAL_Driver/Src/stm32f1xx_hal_adc.o
 .debug_info    0x000017ef      0xd81 Drivers/STM32F1xx_HAL_Driver/Src/stm32f1xx_hal_cortex.o
 .debug_info    0x00002570      0x917 Drivers/STM32F1xx_HAL_Driver/Src/stm32f1xx_hal_dma.o
 .debug_info    0x00002e87      0x81e Drivers/STM32F1xx_HAL_Driver/Src/stm32f1xx_hal_gpio.o
 .debug_info    0x000036a5     0x31a4 Drivers/STM32F1xx_HAL_Driver/Src/stm32f1xx_hal_i2c.o
 .debug_info    0x00006849      0xc45 Drivers/STM32F1xx_HAL_Driver/Src/stm32f1xx_hal_rcc.o
 .debug_info    0x0000748e      0x4b9 Drivers/STM32F1xx_HAL_Driver/Src/stm32f1xx_hal_rcc_ex.o
 .debug_info    0x00007947     0x4479 Drivers/STM32F1xx_HAL_Driver/Src/stm32f1xx_hal_tim.o
 .debug_info    0x0000bdc0     0x1828 Drivers/STM32F1xx_HAL_Driver/Src/stm32f1xx_hal_tim_ex.o
 .debug_info    0x0000d5e8     0x188b Drivers/STM32F1xx_HAL_Driver/Src/stm32f1xx_hal_uart.o
 .debug_info    0x0000ee73      0x3d4 Drivers/freemodbus/modbus/functions/mbfunccoils.o
 .debug_info    0x0000f247      0x249 Drivers/freemodbus/modbus/functions/mbfuncdisc.o
 .debug_info    0x0000f490      0x49e Drivers/freemodbus/modbus/functions/mbfuncholding.o
 .debug_info    0x0000f92e      0x246 Drivers/freemodbus/modbus/functions/mbfuncinput.o
 .debug_info    0x0000fb74      0x2ce Drivers/freemodbus/modbus/functions/mbfuncother.o
 .debug_info    0x0000fe42      0x338 Drivers/freemodbus/modbus/functions/mbutils.o
 .debug_info    0x0001017a      0x71f Drivers/freemodbus/modbus/mb.o
 .debug_info    0x00010899      0x86f Drivers/freemodbus/modbus/rtu/mbrtu.o
 .debug_info    0x00011108      0x184 Drivers/freemodbus/port/mbcrc.o
 .debug_info    0x0001128c      0x19b Drivers/freemodbus/port/portevent.o
 .debug_info    0x00011427      0x77f Drivers/freemodbus/port/portserial.o
 .debug_info    0x00011ba6      0x644 Drivers/freemodbus/port/porttimer.o
 .debug_info    0x000121ea      0x734 Src/BV1750FVI.o
 .debug_info    0x0001291e      0x7f7 Src/adc.o
 .debug_info    0x00013115      0x962 Src/am2302.o
 .debug_info    0x00013a77      0x33e Src/gpio.o
 .debug_info    0x00013db5      0x820 Src/i2c.o
 .debug_info    0x000145d5      0x6ac Src/main.o
 .debug_info    0x00014c81      0x3fa Src/mbtask.o
 .debug_info    0x0001507b      0x43a Src/stm32f1xx_hal_msp.o
 .debug_info    0x000154b5      0x926 Src/stm32f1xx_it.o
 .debug_info    0x00015ddb      0x3eb Src/system_stm32f1xx.o
 .debug_info    0x000161c6      0xa95 Src/tim.o
 .debug_info    0x00016c5b      0x957 Src/usart.o
 .debug_info    0x000175b2       0x67 startup/startup_stm32f103xb.o

.debug_abbrev   0x00000000     0x393f
 .debug_abbrev  0x00000000      0x1e8 Drivers/STM32F1xx_HAL_Driver/Src/stm32f1xx_hal.o
 .debug_abbrev  0x000001e8      0x1e2 Drivers/STM32F1xx_HAL_Driver/Src/stm32f1xx_hal_adc.o
 .debug_abbrev  0x000003ca      0x2ff Drivers/STM32F1xx_HAL_Driver/Src/stm32f1xx_hal_cortex.o
 .debug_abbrev  0x000006c9      0x20e Drivers/STM32F1xx_HAL_Driver/Src/stm32f1xx_hal_dma.o
 .debug_abbrev  0x000008d7      0x204 Drivers/STM32F1xx_HAL_Driver/Src/stm32f1xx_hal_gpio.o
 .debug_abbrev  0x00000adb      0x244 Drivers/STM32F1xx_HAL_Driver/Src/stm32f1xx_hal_i2c.o
 .debug_abbrev  0x00000d1f      0x251 Drivers/STM32F1xx_HAL_Driver/Src/stm32f1xx_hal_rcc.o
 .debug_abbrev  0x00000f70      0x1dc Drivers/STM32F1xx_HAL_Driver/Src/stm32f1xx_hal_rcc_ex.o
 .debug_abbrev  0x0000114c      0x22a Drivers/STM32F1xx_HAL_Driver/Src/stm32f1xx_hal_tim.o
 .debug_abbrev  0x00001376      0x21b Drivers/STM32F1xx_HAL_Driver/Src/stm32f1xx_hal_tim_ex.o
 .debug_abbrev  0x00001591      0x233 Drivers/STM32F1xx_HAL_Driver/Src/stm32f1xx_hal_uart.o
 .debug_abbrev  0x000017c4      0x114 Drivers/freemodbus/modbus/functions/mbfunccoils.o
 .debug_abbrev  0x000018d8       0xf3 Drivers/freemodbus/modbus/functions/mbfuncdisc.o
 .debug_abbrev  0x000019cb       0xf3 Drivers/freemodbus/modbus/functions/mbfuncholding.o
 .debug_abbrev  0x00001abe       0xf3 Drivers/freemodbus/modbus/functions/mbfuncinput.o
 .debug_abbrev  0x00001bb1       0xf9 Drivers/freemodbus/modbus/functions/mbfuncother.o
 .debug_abbrev  0x00001caa      0x124 Drivers/freemodbus/modbus/functions/mbutils.o
 .debug_abbrev  0x00001dce      0x22d Drivers/freemodbus/modbus/mb.o
 .debug_abbrev  0x00001ffb      0x1a5 Drivers/freemodbus/modbus/rtu/mbrtu.o
 .debug_abbrev  0x000021a0       0xbd Drivers/freemodbus/port/mbcrc.o
 .debug_abbrev  0x0000225d       0xd6 Drivers/freemodbus/port/portevent.o
 .debug_abbrev  0x00002333      0x1b7 Drivers/freemodbus/port/portserial.o
 .debug_abbrev  0x000024ea      0x1a9 Drivers/freemodbus/port/porttimer.o
 .debug_abbrev  0x00002693      0x1af Src/BV1750FVI.o
 .debug_abbrev  0x00002842      0x196 Src/adc.o
 .debug_abbrev  0x000029d8      0x203 Src/am2302.o
 .debug_abbrev  0x00002bdb      0x136 Src/gpio.o
 .debug_abbrev  0x00002d11      0x196 Src/i2c.o
 .debug_abbrev  0x00002ea7      0x1c4 Src/main.o
 .debug_abbrev  0x0000306b      0x14a Src/mbtask.o
 .debug_abbrev  0x000031b5      0x126 Src/stm32f1xx_hal_msp.o
 .debug_abbrev  0x000032db      0x1dd Src/stm32f1xx_it.o
 .debug_abbrev  0x000034b8      0x125 Src/system_stm32f1xx.o
 .debug_abbrev  0x000035dd      0x1b1 Src/tim.o
 .debug_abbrev  0x0000378e      0x19f Src/usart.o
 .debug_abbrev  0x0000392d       0x12 startup/startup_stm32f103xb.o

.debug_loc      0x00000000     0xb632
 .debug_loc     0x00000000       0x69 Drivers/STM32F1xx_HAL_Driver/Src/stm32f1xx_hal.o
 .debug_loc     0x00000069      0x8f3 Drivers/STM32F1xx_HAL_Driver/Src/stm32f1xx_hal_adc.o
 .debug_loc     0x0000095c      0x554 Drivers/STM32F1xx_HAL_Driver/Src/stm32f1xx_hal_cortex.o
 .debug_loc     0x00000eb0      0x610 Drivers/STM32F1xx_HAL_Driver/Src/stm32f1xx_hal_dma.o
 .debug_loc     0x000014c0      0x451 Drivers/STM32F1xx_HAL_Driver/Src/stm32f1xx_hal_gpio.o
 .debug_loc     0x00001911     0x2ace Drivers/STM32F1xx_HAL_Driver/Src/stm32f1xx_hal_i2c.o
 .debug_loc     0x000043df      0x4b9 Drivers/STM32F1xx_HAL_Driver/Src/stm32f1xx_hal_rcc.o
 .debug_loc     0x00004898      0x2d4 Drivers/STM32F1xx_HAL_Driver/Src/stm32f1xx_hal_rcc_ex.o
 .debug_loc     0x00004b6c     0x273d Drivers/STM32F1xx_HAL_Driver/Src/stm32f1xx_hal_tim.o
 .debug_loc     0x000072a9      0xd71 Drivers/STM32F1xx_HAL_Driver/Src/stm32f1xx_hal_tim_ex.o
 .debug_loc     0x0000801a     0x12d8 Drivers/STM32F1xx_HAL_Driver/Src/stm32f1xx_hal_uart.o
 .debug_loc     0x000092f2      0x4e8 Drivers/freemodbus/modbus/functions/mbfunccoils.o
 .debug_loc     0x000097da      0x1b5 Drivers/freemodbus/modbus/functions/mbfuncdisc.o
 .debug_loc     0x0000998f      0x6e9 Drivers/freemodbus/modbus/functions/mbfuncholding.o
 .debug_loc     0x0000a078      0x1b9 Drivers/freemodbus/modbus/functions/mbfuncinput.o
 .debug_loc     0x0000a231      0x17c Drivers/freemodbus/modbus/functions/mbfuncother.o
 .debug_loc     0x0000a3ad      0x316 Drivers/freemodbus/modbus/functions/mbutils.o
 .debug_loc     0x0000a6c3      0x360 Drivers/freemodbus/modbus/mb.o
 .debug_loc     0x0000aa23      0x3ca Drivers/freemodbus/modbus/rtu/mbrtu.o
 .debug_loc     0x0000aded       0xdb Drivers/freemodbus/port/mbcrc.o
 .debug_loc     0x0000aec8       0x93 Drivers/freemodbus/port/portevent.o
 .debug_loc     0x0000af5b       0xed Drivers/freemodbus/port/portserial.o
 .debug_loc     0x0000b048       0x22 Drivers/freemodbus/port/porttimer.o
 .debug_loc     0x0000b06a       0x2c Src/BV1750FVI.o
 .debug_loc     0x0000b096       0x4d Src/adc.o
 .debug_loc     0x0000b0e3      0x14b Src/am2302.o
 .debug_loc     0x0000b22e       0x4d Src/i2c.o
 .debug_loc     0x0000b27b       0x60 Src/main.o
 .debug_loc     0x0000b2db      0x17f Src/mbtask.o
 .debug_loc     0x0000b45a       0x6a Src/stm32f1xx_it.o
 .debug_loc     0x0000b4c4       0xdf Src/system_stm32f1xx.o
 .debug_loc     0x0000b5a3       0x42 Src/tim.o
 .debug_loc     0x0000b5e5       0x4d Src/usart.o

.debug_aranges  0x00000000     0x11b8
 .debug_aranges
                0x00000000       0xb8 Drivers/STM32F1xx_HAL_Driver/Src/stm32f1xx_hal.o
 .debug_aranges
                0x000000b8       0xf0 Drivers/STM32F1xx_HAL_Driver/Src/stm32f1xx_hal_adc.o
 .debug_aranges
                0x000001a8       0x90 Drivers/STM32F1xx_HAL_Driver/Src/stm32f1xx_hal_cortex.o
 .debug_aranges
                0x00000238       0x80 Drivers/STM32F1xx_HAL_Driver/Src/stm32f1xx_hal_dma.o
 .debug_aranges
                0x000002b8       0x58 Drivers/STM32F1xx_HAL_Driver/Src/stm32f1xx_hal_gpio.o
 .debug_aranges
                0x00000310      0x268 Drivers/STM32F1xx_HAL_Driver/Src/stm32f1xx_hal_i2c.o
 .debug_aranges
                0x00000578       0x90 Drivers/STM32F1xx_HAL_Driver/Src/stm32f1xx_hal_rcc.o
 .debug_aranges
                0x00000608       0x30 Drivers/STM32F1xx_HAL_Driver/Src/stm32f1xx_hal_rcc_ex.o
 .debug_aranges
                0x00000638      0x368 Drivers/STM32F1xx_HAL_Driver/Src/stm32f1xx_hal_tim.o
 .debug_aranges
                0x000009a0      0x138 Drivers/STM32F1xx_HAL_Driver/Src/stm32f1xx_hal_tim_ex.o
 .debug_aranges
                0x00000ad8      0x1d0 Drivers/STM32F1xx_HAL_Driver/Src/stm32f1xx_hal_uart.o
 .debug_aranges
                0x00000ca8       0x30 Drivers/freemodbus/modbus/functions/mbfunccoils.o
 .debug_aranges
                0x00000cd8       0x20 Drivers/freemodbus/modbus/functions/mbfuncdisc.o
 .debug_aranges
                0x00000cf8       0x38 Drivers/freemodbus/modbus/functions/mbfuncholding.o
 .debug_aranges
                0x00000d30       0x20 Drivers/freemodbus/modbus/functions/mbfuncinput.o
 .debug_aranges
                0x00000d50       0x28 Drivers/freemodbus/modbus/functions/mbfuncother.o
 .debug_aranges
                0x00000d78       0x30 Drivers/freemodbus/modbus/functions/mbutils.o
 .debug_aranges
                0x00000da8       0x48 Drivers/freemodbus/modbus/mb.o
 .debug_aranges
                0x00000df0       0x58 Drivers/freemodbus/modbus/rtu/mbrtu.o
 .debug_aranges
                0x00000e48       0x20 Drivers/freemodbus/port/mbcrc.o
 .debug_aranges
                0x00000e68       0x30 Drivers/freemodbus/port/portevent.o
 .debug_aranges
                0x00000e98       0x38 Drivers/freemodbus/port/portserial.o
 .debug_aranges
                0x00000ed0       0x30 Drivers/freemodbus/port/porttimer.o
 .debug_aranges
                0x00000f00       0x28 Src/BV1750FVI.o
 .debug_aranges
                0x00000f28       0x30 Src/adc.o
 .debug_aranges
                0x00000f58       0x48 Src/am2302.o
 .debug_aranges
                0x00000fa0       0x20 Src/gpio.o
 .debug_aranges
                0x00000fc0       0x30 Src/i2c.o
 .debug_aranges
                0x00000ff0       0x40 Src/main.o
 .debug_aranges
                0x00001030       0x40 Src/mbtask.o
 .debug_aranges
                0x00001070       0x20 Src/stm32f1xx_hal_msp.o
 .debug_aranges
                0x00001090       0x70 Src/stm32f1xx_it.o
 .debug_aranges
                0x00001100       0x28 Src/system_stm32f1xx.o
 .debug_aranges
                0x00001128       0x38 Src/tim.o
 .debug_aranges
                0x00001160       0x30 Src/usart.o
 .debug_aranges
                0x00001190       0x28 startup/startup_stm32f103xb.o

.debug_ranges   0x00000000      0xfb0
 .debug_ranges  0x00000000       0xa8 Drivers/STM32F1xx_HAL_Driver/Src/stm32f1xx_hal.o
 .debug_ranges  0x000000a8       0xe0 Drivers/STM32F1xx_HAL_Driver/Src/stm32f1xx_hal_adc.o
 .debug_ranges  0x00000188       0x80 Drivers/STM32F1xx_HAL_Driver/Src/stm32f1xx_hal_cortex.o
 .debug_ranges  0x00000208       0x70 Drivers/STM32F1xx_HAL_Driver/Src/stm32f1xx_hal_dma.o
 .debug_ranges  0x00000278       0x48 Drivers/STM32F1xx_HAL_Driver/Src/stm32f1xx_hal_gpio.o
 .debug_ranges  0x000002c0      0x258 Drivers/STM32F1xx_HAL_Driver/Src/stm32f1xx_hal_i2c.o
 .debug_ranges  0x00000518       0x98 Drivers/STM32F1xx_HAL_Driver/Src/stm32f1xx_hal_rcc.o
 .debug_ranges  0x000005b0       0x38 Drivers/STM32F1xx_HAL_Driver/Src/stm32f1xx_hal_rcc_ex.o
 .debug_ranges  0x000005e8      0x358 Drivers/STM32F1xx_HAL_Driver/Src/stm32f1xx_hal_tim.o
 .debug_ranges  0x00000940      0x128 Drivers/STM32F1xx_HAL_Driver/Src/stm32f1xx_hal_tim_ex.o
 .debug_ranges  0x00000a68      0x1c0 Drivers/STM32F1xx_HAL_Driver/Src/stm32f1xx_hal_uart.o
 .debug_ranges  0x00000c28       0x20 Drivers/freemodbus/modbus/functions/mbfunccoils.o
 .debug_ranges  0x00000c48       0x10 Drivers/freemodbus/modbus/functions/mbfuncdisc.o
 .debug_ranges  0x00000c58       0x28 Drivers/freemodbus/modbus/functions/mbfuncholding.o
 .debug_ranges  0x00000c80       0x10 Drivers/freemodbus/modbus/functions/mbfuncinput.o
 .debug_ranges  0x00000c90       0x18 Drivers/freemodbus/modbus/functions/mbfuncother.o
 .debug_ranges  0x00000ca8       0x20 Drivers/freemodbus/modbus/functions/mbutils.o
 .debug_ranges  0x00000cc8       0x38 Drivers/freemodbus/modbus/mb.o
 .debug_ranges  0x00000d00       0x48 Drivers/freemodbus/modbus/rtu/mbrtu.o
 .debug_ranges  0x00000d48       0x10 Drivers/freemodbus/port/mbcrc.o
 .debug_ranges  0x00000d58       0x20 Drivers/freemodbus/port/portevent.o
 .debug_ranges  0x00000d78       0x28 Drivers/freemodbus/port/portserial.o
 .debug_ranges  0x00000da0       0x20 Drivers/freemodbus/port/porttimer.o
 .debug_ranges  0x00000dc0       0x18 Src/BV1750FVI.o
 .debug_ranges  0x00000dd8       0x20 Src/adc.o
 .debug_ranges  0x00000df8       0x38 Src/am2302.o
 .debug_ranges  0x00000e30       0x10 Src/gpio.o
 .debug_ranges  0x00000e40       0x20 Src/i2c.o
 .debug_ranges  0x00000e60       0x30 Src/main.o
 .debug_ranges  0x00000e90       0x30 Src/mbtask.o
 .debug_ranges  0x00000ec0       0x10 Src/stm32f1xx_hal_msp.o
 .debug_ranges  0x00000ed0       0x60 Src/stm32f1xx_it.o
 .debug_ranges  0x00000f30       0x18 Src/system_stm32f1xx.o
 .debug_ranges  0x00000f48       0x28 Src/tim.o
 .debug_ranges  0x00000f70       0x20 Src/usart.o
 .debug_ranges  0x00000f90       0x20 startup/startup_stm32f103xb.o

.debug_macro    0x00000000    0x1b578
 .debug_macro   0x00000000      0x31d Drivers/STM32F1xx_HAL_Driver/Src/stm32f1xx_hal.o
 .debug_macro   0x0000031d      0x880 Drivers/STM32F1xx_HAL_Driver/Src/stm32f1xx_hal.o
 .debug_macro   0x00000b9d       0x1c Drivers/STM32F1xx_HAL_Driver/Src/stm32f1xx_hal.o
 .debug_macro   0x00000bb9      0x17c Drivers/STM32F1xx_HAL_Driver/Src/stm32f1xx_hal.o
 .debug_macro   0x00000d35       0x2e Drivers/STM32F1xx_HAL_Driver/Src/stm32f1xx_hal.o
 .debug_macro   0x00000d63       0x22 Drivers/STM32F1xx_HAL_Driver/Src/stm32f1xx_hal.o
 .debug_macro   0x00000d85       0x22 Drivers/STM32F1xx_HAL_Driver/Src/stm32f1xx_hal.o
 .debug_macro   0x00000da7       0x87 Drivers/STM32F1xx_HAL_Driver/Src/stm32f1xx_hal.o
 .debug_macro   0x00000e2e       0x44 Drivers/STM32F1xx_HAL_Driver/Src/stm32f1xx_hal.o
 .debug_macro   0x00000e72       0xfd Drivers/STM32F1xx_HAL_Driver/Src/stm32f1xx_hal.o
 .debug_macro   0x00000f6f       0x5e Drivers/STM32F1xx_HAL_Driver/Src/stm32f1xx_hal.o
 .debug_macro   0x00000fcd      0x1df Drivers/STM32F1xx_HAL_Driver/Src/stm32f1xx_hal.o
 .debug_macro   0x000011ac       0x34 Drivers/STM32F1xx_HAL_Driver/Src/stm32f1xx_hal.o
 .debug_macro   0x000011e0       0x34 Drivers/STM32F1xx_HAL_Driver/Src/stm32f1xx_hal.o
 .debug_macro   0x00001214      0xb8e Drivers/STM32F1xx_HAL_Driver/Src/stm32f1xx_hal.o
 .debug_macro   0x00001da2     0xe90a Drivers/STM32F1xx_HAL_Driver/Src/stm32f1xx_hal.o
 .debug_macro   0x000106ac       0x43 Drivers/STM32F1xx_HAL_Driver/Src/stm32f1xx_hal.o
 .debug_macro   0x000106ef       0x52 Drivers/STM32F1xx_HAL_Driver/Src/stm32f1xx_hal.o
 .debug_macro   0x00010741       0x35 Drivers/STM32F1xx_HAL_Driver/Src/stm32f1xx_hal.o
 .debug_macro   0x00010776       0x9c Drivers/STM32F1xx_HAL_Driver/Src/stm32f1xx_hal.o
 .debug_macro   0x00010812       0x16 Drivers/STM32F1xx_HAL_Driver/Src/stm32f1xx_hal.o
 .debug_macro   0x00010828       0x97 Drivers/STM32F1xx_HAL_Driver/Src/stm32f1xx_hal.o
 .debug_macro   0x000108bf      0x30d Drivers/STM32F1xx_HAL_Driver/Src/stm32f1xx_hal.o
 .debug_macro   0x00010bcc       0xfd Drivers/STM32F1xx_HAL_Driver/Src/stm32f1xx_hal.o
 .debug_macro   0x00010cc9       0x10 Drivers/STM32F1xx_HAL_Driver/Src/stm32f1xx_hal.o
 .debug_macro   0x00010cd9       0x52 Drivers/STM32F1xx_HAL_Driver/Src/stm32f1xx_hal.o
 .debug_macro   0x00010d2b       0x1f Drivers/STM32F1xx_HAL_Driver/Src/stm32f1xx_hal.o
 .debug_macro   0x00010d4a       0x43 Drivers/STM32F1xx_HAL_Driver/Src/stm32f1xx_hal.o
 .debug_macro   0x00010d8d       0x20 Drivers/STM32F1xx_HAL_Driver/Src/stm32f1xx_hal.o
 .debug_macro   0x00010dad      0x187 Drivers/STM32F1xx_HAL_Driver/Src/stm32f1xx_hal.o
 .debug_macro   0x00010f34       0x10 Drivers/STM32F1xx_HAL_Driver/Src/stm32f1xx_hal.o
 .debug_macro   0x00010f44       0x1c Drivers/STM32F1xx_HAL_Driver/Src/stm32f1xx_hal.o
 .debug_macro   0x00010f60       0x52 Drivers/STM32F1xx_HAL_Driver/Src/stm32f1xx_hal.o
 .debug_macro   0x00010fb2       0x40 Drivers/STM32F1xx_HAL_Driver/Src/stm32f1xx_hal.o
 .debug_macro   0x00010ff2       0x10 Drivers/STM32F1xx_HAL_Driver/Src/stm32f1xx_hal.o
 .debug_macro   0x00011002       0x40 Drivers/STM32F1xx_HAL_Driver/Src/stm32f1xx_hal.o
 .debug_macro   0x00011042       0xd7 Drivers/STM32F1xx_HAL_Driver/Src/stm32f1xx_hal.o
 .debug_macro   0x00011119       0x16 Drivers/STM32F1xx_HAL_Driver/Src/stm32f1xx_hal.o
 .debug_macro   0x0001112f      0x18b Drivers/STM32F1xx_HAL_Driver/Src/stm32f1xx_hal.o
 .debug_macro   0x000112ba       0x50 Drivers/STM32F1xx_HAL_Driver/Src/stm32f1xx_hal.o
 .debug_macro   0x0001130a      0x5c2 Drivers/STM32F1xx_HAL_Driver/Src/stm32f1xx_hal.o
 .debug_macro   0x000118cc      0x28b Drivers/STM32F1xx_HAL_Driver/Src/stm32f1xx_hal.o
 .debug_macro   0x00011b57      0x1cb Drivers/STM32F1xx_HAL_Driver/Src/stm32f1xx_hal.o
 .debug_macro   0x00011d22      0x11e Drivers/STM32F1xx_HAL_Driver/Src/stm32f1xx_hal.o
 .debug_macro   0x00011e40      0x197 Drivers/STM32F1xx_HAL_Driver/Src/stm32f1xx_hal.o
 .debug_macro   0x00011fd7       0x27 Drivers/STM32F1xx_HAL_Driver/Src/stm32f1xx_hal.o
 .debug_macro   0x00011ffe      0x1bc Drivers/STM32F1xx_HAL_Driver/Src/stm32f1xx_hal.o
 .debug_macro   0x000121ba       0x34 Drivers/STM32F1xx_HAL_Driver/Src/stm32f1xx_hal.o
 .debug_macro   0x000121ee       0x3c Drivers/STM32F1xx_HAL_Driver/Src/stm32f1xx_hal.o